Archive member included to satisfy reference by file (symbol)

/home/jmiranda/STM32Toolchain/gcc-arm/bin/../lib/gcc/arm-none-eabi/7.2.1/thumb/v7e-m/libgcc.a(_aeabi_uldivmod.o)
                              ./system/src/stm32f4xx/stm32f4xx_hal_rcc.o (__aeabi_uldivmod)
/home/jmiranda/STM32Toolchain/gcc-arm/bin/../lib/gcc/arm-none-eabi/7.2.1/thumb/v7e-m/libgcc.a(_udivmoddi4.o)
                              /home/jmiranda/STM32Toolchain/gcc-arm/bin/../lib/gcc/arm-none-eabi/7.2.1/thumb/v7e-m/libgcc.a(_aeabi_uldivmod.o) (__udivmoddi4)
/home/jmiranda/STM32Toolchain/gcc-arm/bin/../lib/gcc/arm-none-eabi/7.2.1/thumb/v7e-m/libgcc.a(unwind-arm.o)
                              ./system/src/newlib/_cxx.o (__aeabi_unwind_cpp_pr1)
/home/jmiranda/STM32Toolchain/gcc-arm/bin/../lib/gcc/arm-none-eabi/7.2.1/thumb/v7e-m/libgcc.a(libunwind.o)
                              /home/jmiranda/STM32Toolchain/gcc-arm/bin/../lib/gcc/arm-none-eabi/7.2.1/thumb/v7e-m/libgcc.a(unwind-arm.o) (restore_core_regs)
/home/jmiranda/STM32Toolchain/gcc-arm/bin/../lib/gcc/arm-none-eabi/7.2.1/thumb/v7e-m/libgcc.a(pr-support.o)
                              /home/jmiranda/STM32Toolchain/gcc-arm/bin/../lib/gcc/arm-none-eabi/7.2.1/thumb/v7e-m/libgcc.a(unwind-arm.o) (__gnu_unwind_execute)
/home/jmiranda/STM32Toolchain/gcc-arm/bin/../lib/gcc/arm-none-eabi/7.2.1/thumb/v7e-m/libgcc.a(_dvmd_tls.o)
                              /home/jmiranda/STM32Toolchain/gcc-arm/bin/../lib/gcc/arm-none-eabi/7.2.1/thumb/v7e-m/libgcc.a(_aeabi_uldivmod.o) (__aeabi_ldiv0)
/home/jmiranda/STM32Toolchain/gcc-arm/bin/../lib/gcc/arm-none-eabi/7.2.1/../../../../arm-none-eabi/lib/thumb/v7e-m/libg_nano.a(lib_a-errno.o)
                              ./system/src/newlib/_sbrk.o (__errno)
/home/jmiranda/STM32Toolchain/gcc-arm/bin/../lib/gcc/arm-none-eabi/7.2.1/../../../../arm-none-eabi/lib/thumb/v7e-m/libg_nano.a(lib_a-fclose.o)
                              ./src/main.o (fclose)
/home/jmiranda/STM32Toolchain/gcc-arm/bin/../lib/gcc/arm-none-eabi/7.2.1/../../../../arm-none-eabi/lib/thumb/v7e-m/libg_nano.a(lib_a-fflush.o)
                              /home/jmiranda/STM32Toolchain/gcc-arm/bin/../lib/gcc/arm-none-eabi/7.2.1/../../../../arm-none-eabi/lib/thumb/v7e-m/libg_nano.a(lib_a-fclose.o) (__sflush_r)
/home/jmiranda/STM32Toolchain/gcc-arm/bin/../lib/gcc/arm-none-eabi/7.2.1/../../../../arm-none-eabi/lib/thumb/v7e-m/libg_nano.a(lib_a-findfp.o)
                              /home/jmiranda/STM32Toolchain/gcc-arm/bin/../lib/gcc/arm-none-eabi/7.2.1/../../../../arm-none-eabi/lib/thumb/v7e-m/libg_nano.a(lib_a-fclose.o) (__sinit)
/home/jmiranda/STM32Toolchain/gcc-arm/bin/../lib/gcc/arm-none-eabi/7.2.1/../../../../arm-none-eabi/lib/thumb/v7e-m/libg_nano.a(lib_a-fopen.o)
                              ./src/main.o (fopen)
/home/jmiranda/STM32Toolchain/gcc-arm/bin/../lib/gcc/arm-none-eabi/7.2.1/../../../../arm-none-eabi/lib/thumb/v7e-m/libg_nano.a(lib_a-fseek.o)
                              /home/jmiranda/STM32Toolchain/gcc-arm/bin/../lib/gcc/arm-none-eabi/7.2.1/../../../../arm-none-eabi/lib/thumb/v7e-m/libg_nano.a(lib_a-fopen.o) (_fseek_r)
/home/jmiranda/STM32Toolchain/gcc-arm/bin/../lib/gcc/arm-none-eabi/7.2.1/../../../../arm-none-eabi/lib/thumb/v7e-m/libg_nano.a(lib_a-fseeko.o)
                              /home/jmiranda/STM32Toolchain/gcc-arm/bin/../lib/gcc/arm-none-eabi/7.2.1/../../../../arm-none-eabi/lib/thumb/v7e-m/libg_nano.a(lib_a-fseek.o) (_fseeko_r)
/home/jmiranda/STM32Toolchain/gcc-arm/bin/../lib/gcc/arm-none-eabi/7.2.1/../../../../arm-none-eabi/lib/thumb/v7e-m/libg_nano.a(lib_a-fwalk.o)
                              /home/jmiranda/STM32Toolchain/gcc-arm/bin/../lib/gcc/arm-none-eabi/7.2.1/../../../../arm-none-eabi/lib/thumb/v7e-m/libg_nano.a(lib_a-findfp.o) (_fwalk)
/home/jmiranda/STM32Toolchain/gcc-arm/bin/../lib/gcc/arm-none-eabi/7.2.1/../../../../arm-none-eabi/lib/thumb/v7e-m/libg_nano.a(lib_a-fwrite.o)
                              ./src/main.o (fwrite)
/home/jmiranda/STM32Toolchain/gcc-arm/bin/../lib/gcc/arm-none-eabi/7.2.1/../../../../arm-none-eabi/lib/thumb/v7e-m/libg_nano.a(lib_a-impure.o)
                              /home/jmiranda/STM32Toolchain/gcc-arm/bin/../lib/gcc/arm-none-eabi/7.2.1/../../../../arm-none-eabi/lib/thumb/v7e-m/libg_nano.a(lib_a-fflush.o) (_global_impure_ptr)
/home/jmiranda/STM32Toolchain/gcc-arm/bin/../lib/gcc/arm-none-eabi/7.2.1/../../../../arm-none-eabi/lib/thumb/v7e-m/libg_nano.a(lib_a-init.o)
                              ./system/src/cmsis/startup_stm32f411xe.o (__libc_init_array)
/home/jmiranda/STM32Toolchain/gcc-arm/bin/../lib/gcc/arm-none-eabi/7.2.1/../../../../arm-none-eabi/lib/thumb/v7e-m/libg_nano.a(lib_a-makebuf.o)
                              /home/jmiranda/STM32Toolchain/gcc-arm/bin/../lib/gcc/arm-none-eabi/7.2.1/../../../../arm-none-eabi/lib/thumb/v7e-m/libg_nano.a(lib_a-fseeko.o) (__smakebuf_r)
/home/jmiranda/STM32Toolchain/gcc-arm/bin/../lib/gcc/arm-none-eabi/7.2.1/../../../../arm-none-eabi/lib/thumb/v7e-m/libg_nano.a(lib_a-memcpy-stub.o)
[...]
Memory Configuration

Name             Origin             Length             Attributes
FLASH            0x0000000008000000 0x0000000000080000 xr
RAM              0x0000000020000000 0x0000000000020000 xrw
CCMRAM           0x0000000010000000 0x0000000000000000 xrw
FLASHB1          0x0000000000000000 0x0000000000000000 xr
EXTMEMB0         0x0000000000000000 0x0000000000000000 xr
EXTMEMB1         0x0000000000000000 0x0000000000000000 xr
EXTMEMB2         0x0000000000000000 0x0000000000000000 xr
EXTMEMB3         0x0000000000000000 0x0000000000000000 xr
*default*        0x0000000000000000 0xffffffffffffffff

Linker script and memory map

LOAD ./system/src/stm32f4xx/stm32f4xx_hal.o
LOAD ./system/src/stm32f4xx/stm32f4xx_hal_cortex.o
LOAD ./system/src/stm32f4xx/stm32f4xx_hal_dma.o
LOAD ./system/src/stm32f4xx/stm32f4xx_hal_dma_ex.o
LOAD ./system/src/stm32f4xx/stm32f4xx_hal_flash.o
LOAD ./system/src/stm32f4xx/stm32f4xx_hal_flash_ex.o
LOAD ./system/src/stm32f4xx/stm32f4xx_hal_flash_ramfunc.o
LOAD ./system/src/stm32f4xx/stm32f4xx_hal_gpio.o
LOAD ./system/src/stm32f4xx/stm32f4xx_hal_pwr.o
LOAD ./system/src/stm32f4xx/stm32f4xx_hal_pwr_ex.o
LOAD ./system/src/stm32f4xx/stm32f4xx_hal_rcc.o
LOAD ./system/src/stm32f4xx/stm32f4xx_hal_rcc_ex.o
LOAD ./system/src/stm32f4xx/stm32f4xx_hal_tim.o
LOAD ./system/src/stm32f4xx/stm32f4xx_hal_tim_ex.o
LOAD ./system/src/newlib/_cxx.o
LOAD ./system/src/newlib/_exit.o
LOAD ./system/src/newlib/_sbrk.o
LOAD ./system/src/newlib/_startup.o
LOAD ./system/src/newlib/_syscalls.o
LOAD ./system/src/newlib/assert.o
LOAD ./system/src/diag/Trace.o
LOAD ./system/src/diag/trace_impl.o
LOAD ./system/src/cortexm/_initialize_hardware.o
LOAD ./system/src/cortexm/_reset_hardware.o
LOAD ./system/src/cortexm/exception_handlers.o
LOAD ./system/src/cmsis/startup_stm32f411xe.o
LOAD ./src/_write.o
LOAD ./src/main.o
LOAD ./src/stm32f4xx_hal_msp.o
LOAD ./src/stm32f4xx_it.o
LOAD ./src/system_stm32f4xx.o
LOAD /home/jmiranda/STM32Toolchain/gcc-arm/bin/../lib/gcc/arm-none-eabi/7.2.1/../../../../arm-none-eabi/lib/thumb/v7e-m/libstdc++_nano.a
LOAD /home/jmiranda/STM32Toolchain/gcc-arm/bin/../lib/gcc/arm-none-eabi/7.2.1/../../../../arm-none-eabi/lib/thumb/v7e-m/libm.a
START GROUP
LOAD /home/jmiranda/STM32Toolchain/gcc-arm/bin/../lib/gcc/arm-none-eabi/7.2.1/thumb/v7e-m/libgcc.a
LOAD /home/jmiranda/STM32Toolchain/gcc-arm/bin/../lib/gcc/arm-none-eabi/7.2.1/../../../../arm-none-eabi/lib/thumb/v7e-m/libg_nano.a
LOAD /home/jmiranda/STM32Toolchain/gcc-arm/bin/../lib/gcc/arm-none-eabi/7.2.1/../../../../arm-none-eabi/lib/thumb/v7e-m/libc_nano.a
END GROUP
START GROUP
LOAD /home/jmiranda/STM32Toolchain/gcc-arm/bin/../lib/gcc/arm-none-eabi/7.2.1/thumb/v7e-m/libgcc.a
LOAD /home/jmiranda/STM32Toolchain/gcc-arm/bin/../lib/gcc/arm-none-eabi/7.2.1/../../../../arm-none-eabi/lib/thumb/v7e-m/libc_nano.a
END GROUP
                0x0000000020020000                __stack = (ORIGIN (RAM) + LENGTH (RAM))
                0x0000000020020000                _estack = __stack
                0x0000000000000400                __Main_Stack_Size = 0x400
                [!provide]                        PROVIDE (_Main_Stack_Size, __Main_Stack_Size)
                0x000000002001fc00                __Main_Stack_Limit = (__stack - __Main_Stack_Size)
                [!provide]                        PROVIDE (_Main_Stack_Limit, __Main_Stack_Limit)
                0x0000000000000100                _Minimum_Stack_Size = 0x100
                0x0000000020000284                PROVIDE (_Heap_Begin, _end_noinit)
                0x000000002001fc00                PROVIDE (_Heap_Limit, (__stack - __Main_Stack_Size))

.isr_vector     0x0000000008000000      0x3d8
 FILL mask 0xff
                0x0000000008000000                __vectors_start = ABSOLUTE (.)
                0x0000000008000000                __vectors_start__ = ABSOLUTE (.)
 *(.isr_vector)
 .isr_vector    0x0000000008000000      0x198 ./system/src/cmsis/startup_stm32f411xe.o
                0x0000000008000000                g_pfnVectors
 *(.cfmconfig)
 *(.after_vectors .after_vectors.*)
 .after_vectors
                0x0000000008000198      0x114 ./system/src/newlib/_startup.o
                0x0000000008000198                _start
 .after_vectors
                0x00000000080002ac      0x12c ./system/src/cortexm/exception_handlers.o
                0x00000000080002ac                Reset_Handler
                0x00000000080002b2                NMI_Handler
                0x00000000080002b6                HardFault_Handler
                0x00000000080002ca                HardFault_Handler_C
                0x0000000008000328                MemManage_Handler
                0x000000000800032c                BusFault_Handler
                0x0000000008000340                BusFault_Handler_C
                0x0000000008000374                UsageFault_Handler
                0x0000000008000388                UsageFault_Handler_C
                0x00000000080003bc                SVC_Handler
                0x00000000080003c0                DebugMon_Handler
                0x00000000080003c4                PendSV_Handler

.inits          0x00000000080003d8       0x28
                0x00000000080003d8                __data_regions_array_start = .
                0x00000000080003d8        0x4 LONG 0x8003c38 LOADADDR (.data)
                0x00000000080003dc        0x4 LONG 0x20000000 ADDR (.data)
                0x00000000080003e0        0x4 LONG 0x200001e4 (ADDR (.data) + SIZEOF (.data))
                0x00000000080003e4        0x4 LONG 0x8003c38 LOADADDR (.data_CCMRAM)
                0x00000000080003e8        0x4 LONG 0x10000000 ADDR (.data_CCMRAM)
                0x00000000080003ec        0x4 LONG 0x10000000 (ADDR (.data_CCMRAM) + SIZEOF (.data_CCMRAM))
                0x00000000080003f0                __data_regions_array_end = .
                0x00000000080003f0                __bss_regions_array_start = .
                0x00000000080003f0        0x4 LONG 0x200001e4 ADDR (.bss)
                0x00000000080003f4        0x4 LONG 0x20000284 (ADDR (.bss) + SIZEOF (.bss))
                0x00000000080003f8        0x4 LONG 0x10000000 ADDR (.bss_CCMRAM)
                0x00000000080003fc        0x4 LONG 0x10000000 (ADDR (.bss_CCMRAM) + SIZEOF (.bss_CCMRAM))
                0x0000000008000400                __bss_regions_array_end = .
 *(.init)
 *(.fini)
                0x0000000008000400                . = ALIGN (0x4)
                0x0000000008000400                PROVIDE (__preinit_array_start, .)
 *(.preinit_array_sysinit .preinit_array_sysinit.*)
 *(.preinit_array_platform .preinit_array_platform.*)
 *(.preinit_array .preinit_array.*)
                0x0000000008000400                PROVIDE (__preinit_array_end, .)
                0x0000000008000400                . = ALIGN (0x4)
                0x0000000008000400                PROVIDE (__init_array_start, .)
 *(SORT_BY_NAME(.init_array.*))
 *(.init_array)
                0x0000000008000400                PROVIDE (__init_array_end, .)
                0x0000000008000400                . = ALIGN (0x4)
                0x0000000008000400                PROVIDE (__fini_array_start, .)
 *(SORT_BY_NAME(.fini_array.*))
 *(.fini_array)
                0x0000000008000400                PROVIDE (__fini_array_end, .)

.flashtext
 *(.flashtext .flashtext.*)

.text           0x0000000008000400     0x382e
 *(.text .text.*)
 .text.HAL_InitTick
                0x0000000008000400       0x2c ./system/src/stm32f4xx/stm32f4xx_hal.o
                0x0000000008000400                HAL_InitTick
 .text.HAL_Init
                0x000000000800042c       0x34 ./system/src/stm32f4xx/stm32f4xx_hal.o
                0x000000000800042c                HAL_Init
 .text.HAL_IncTick
                0x0000000008000460       0x10 ./system/src/stm32f4xx/stm32f4xx_hal.o
                0x0000000008000460                HAL_IncTick
 .text.HAL_GetTick
                0x0000000008000470        0xc ./system/src/stm32f4xx/stm32f4xx_hal.o
                0x0000000008000470                HAL_GetTick
 .text.HAL_Delay
                0x000000000800047c       0x24 ./system/src/stm32f4xx/stm32f4xx_hal.o
                0x000000000800047c                HAL_Delay
 .text.HAL_NVIC_SetPriorityGrouping
                0x00000000080004a0       0x24 ./system/src/stm32f4xx/stm32f4xx_hal_cortex.o
                0x00000000080004a0                HAL_NVIC_SetPriorityGrouping
 .text.HAL_NVIC_SetPriority
                0x00000000080004c4       0x68 ./system/src/stm32f4xx/stm32f4xx_hal_cortex.o
                0x00000000080004c4                HAL_NVIC_SetPriority
 .text.HAL_SYSTICK_Config
                0x000000000800052c       0x2c ./system/src/stm32f4xx/stm32f4xx_hal_cortex.o
                0x000000000800052c                HAL_SYSTICK_Config
 .text.HAL_SYSTICK_CLKSourceConfig
                0x0000000008000558       0x20 ./system/src/stm32f4xx/stm32f4xx_hal_cortex.o
                0x0000000008000558                HAL_SYSTICK_CLKSourceConfig
 .text.HAL_SYSTICK_Callback
                0x0000000008000578        0x2 ./system/src/stm32f4xx/stm32f4xx_hal_cortex.o
                0x0000000008000578                HAL_SYSTICK_Callback
 .text.HAL_SYSTICK_IRQHandler
                0x000000000800057a        0x8 ./system/src/stm32f4xx/stm32f4xx_hal_cortex.o
                0x000000000800057a                HAL_SYSTICK_IRQHandler
 *fill*         0x0000000008000582        0x2 
 .text.HAL_GPIO_Init
                0x0000000008000584      0x1a4 ./system/src/stm32f4xx/stm32f4xx_hal_gpio.o
                0x0000000008000584                HAL_GPIO_Init
 .text.HAL_GPIO_WritePin
                0x0000000008000728        0xc ./system/src/stm32f4xx/stm32f4xx_hal_gpio.o
                0x0000000008000728                HAL_GPIO_WritePin
 .text.HAL_GPIO_TogglePin
                0x0000000008000734        0x8 ./system/src/stm32f4xx/stm32f4xx_hal_gpio.o
                0x0000000008000734                HAL_GPIO_TogglePin
 .text.HAL_RCC_OscConfig
                0x000000000800073c      0x378 ./system/src/stm32f4xx/stm32f4xx_hal_rcc.o
                0x000000000800073c                HAL_RCC_OscConfig
 .text.HAL_RCC_GetSysClockFreq
                0x0000000008000ab4       0xd8 ./system/src/stm32f4xx/stm32f4xx_hal_rcc.o
                0x0000000008000ab4                HAL_RCC_GetSysClockFreq
 .text.HAL_RCC_ClockConfig
                0x0000000008000b8c      0x158 ./system/src/stm32f4xx/stm32f4xx_hal_rcc.o
                0x0000000008000b8c                HAL_RCC_ClockConfig
 .text.HAL_RCC_GetHCLKFreq
                0x0000000008000ce4        0xc ./system/src/stm32f4xx/stm32f4xx_hal_rcc.o
                0x0000000008000ce4                HAL_RCC_GetHCLKFreq
 .text._exit    0x0000000008000cf0        0x2 ./system/src/newlib/_exit.o
                0x0000000008000cf0                _exit
 *fill*         0x0000000008000cf2        0x2 
 .text._sbrk    0x0000000008000cf4       0x44 ./system/src/newlib/_sbrk.o
                0x0000000008000cf4                _sbrk
 .text.__initialize_args
                0x0000000008000d38       0x10 ./system/src/newlib/_syscalls.o
                0x0000000008000d38                __initialize_args
 .text._close   0x0000000008000d48       0x10 ./system/src/newlib/_syscalls.o
                0x0000000008000d48                _close
 .text._fstat   0x0000000008000d58       0x10 ./system/src/newlib/_syscalls.o
                0x0000000008000d58                _fstat
 .text._isatty  0x0000000008000d68        0xe ./system/src/newlib/_syscalls.o
                0x0000000008000d68                _isatty
 .text._lseek   0x0000000008000d76       0x10 ./system/src/newlib/_syscalls.o
                0x0000000008000d76                _lseek
 .text._open    0x0000000008000d86       0x10 ./system/src/newlib/_syscalls.o
                0x0000000008000d86                _open
 .text._read    0x0000000008000d96       0x10 ./system/src/newlib/_syscalls.o
                0x0000000008000d96                _read
 *fill*         0x0000000008000da6        0x2 
 .text.trace_printf
                0x0000000008000da8       0x30 ./system/src/diag/Trace.o
                0x0000000008000da8                trace_printf
 .text._trace_write_semihosting_debug
                0x0000000008000dd8       0x60 ./system/src/diag/trace_impl.o
 .text.trace_write
                0x0000000008000e38        0x8 ./system/src/diag/trace_impl.o
                0x0000000008000e38                trace_write
 .text.__initialize_hardware_early
                0x0000000008000e40       0x18 ./system/src/cortexm/_initialize_hardware.o
                0x0000000008000e40                __initialize_hardware_early
 .text.__initialize_hardware
                0x0000000008000e58        0x8 ./system/src/cortexm/_initialize_hardware.o
                0x0000000008000e58                __initialize_hardware
 .text.dumpExceptionStack
                0x0000000008000e60       0xf4 ./system/src/cortexm/exception_handlers.o
                0x0000000008000e60                dumpExceptionStack
 .text.isSemihosting
                0x0000000008000f54       0x20 ./system/src/cortexm/exception_handlers.o
                0x0000000008000f54                isSemihosting
 .text.Default_Handler
                0x0000000008000f74        0x2 ./system/src/cmsis/startup_stm32f411xe.o
                0x0000000008000f74                RTC_Alarm_IRQHandler
                0x0000000008000f74                EXTI2_IRQHandler
                0x0000000008000f74                SPI4_IRQHandler
                0x0000000008000f74                TIM1_CC_IRQHandler
                0x0000000008000f74                DMA2_Stream5_IRQHandler
                0x0000000008000f74                DMA1_Stream5_IRQHandler
                0x0000000008000f74                PVD_IRQHandler
                0x0000000008000f74                SDIO_IRQHandler
                0x0000000008000f74                TAMP_STAMP_IRQHandler
                0x0000000008000f74                EXTI3_IRQHandler
                0x0000000008000f74                TIM1_UP_TIM10_IRQHandler
                0x0000000008000f74                I2C3_ER_IRQHandler
                0x0000000008000f74                EXTI0_IRQHandler
                0x0000000008000f74                I2C2_EV_IRQHandler
                0x0000000008000f74                DMA1_Stream2_IRQHandler
                0x0000000008000f74                FPU_IRQHandler
                0x0000000008000f74                DMA2_Stream2_IRQHandler
                0x0000000008000f74                SPI1_IRQHandler
                0x0000000008000f74                TIM1_BRK_TIM9_IRQHandler
                0x0000000008000f74                DMA2_Stream3_IRQHandler
                0x0000000008000f74                USART6_IRQHandler
                0x0000000008000f74                DMA2_Stream0_IRQHandler
                0x0000000008000f74                TIM4_IRQHandler
                0x0000000008000f74                I2C1_EV_IRQHandler
                0x0000000008000f74                DMA1_Stream6_IRQHandler
                0x0000000008000f74                DMA1_Stream1_IRQHandler
                0x0000000008000f74                TIM3_IRQHandler
                0x0000000008000f74                RCC_IRQHandler
                0x0000000008000f74                Default_Handler
                0x0000000008000f74                EXTI15_10_IRQHandler
                0x0000000008000f74                ADC_IRQHandler
                0x0000000008000f74                DMA1_Stream7_IRQHandler
                0x0000000008000f74                SPI5_IRQHandler
                0x0000000008000f74                TIM5_IRQHandler
                0x0000000008000f74                DMA2_Stream7_IRQHandler
                0x0000000008000f74                I2C3_EV_IRQHandler
                0x0000000008000f74                EXTI9_5_IRQHandler
                0x0000000008000f74                RTC_WKUP_IRQHandler
                0x0000000008000f74                SPI2_IRQHandler
                0x0000000008000f74                DMA1_Stream0_IRQHandler
                0x0000000008000f74                EXTI4_IRQHandler
                0x0000000008000f74                WWDG_IRQHandler
                0x0000000008000f74                TIM2_IRQHandler
                0x0000000008000f74                OTG_FS_WKUP_IRQHandler
                0x0000000008000f74                TIM1_TRG_COM_TIM11_IRQHandler
                0x0000000008000f74                EXTI1_IRQHandler
                0x0000000008000f74                USART2_IRQHandler
                0x0000000008000f74                I2C2_ER_IRQHandler
                0x0000000008000f74                DMA2_Stream1_IRQHandler
                0x0000000008000f74                FLASH_IRQHandler
                0x0000000008000f74                DMA2_Stream4_IRQHandler
                0x0000000008000f74                USART1_IRQHandler
                0x0000000008000f74                OTG_FS_IRQHandler
                0x0000000008000f74                SPI3_IRQHandler
                0x0000000008000f74                DMA1_Stream4_IRQHandler
                0x0000000008000f74                I2C1_ER_IRQHandler
                0x0000000008000f74                DMA2_Stream6_IRQHandler
                0x0000000008000f74                DMA1_Stream3_IRQHandler
 .text._write   0x0000000008000f76       0x22 ./src/_write.o
                0x0000000008000f76                _write
 .text.MX_GPIO_Init
                0x0000000008000f98       0xbc ./src/main.o
 .text._Error_Handler
                0x0000000008001054        0x2 ./src/main.o
                0x0000000008001054                _Error_Handler
 *fill*         0x0000000008001056        0x2 
 .text.SystemClock_Config
                0x0000000008001058       0xbc ./src/main.o
                0x0000000008001058                SystemClock_Config
 .text.main     0x0000000008001114       0x98 ./src/main.o
                0x0000000008001114                main
 .text.HAL_MspInit
                0x00000000080011ac       0x5e ./src/stm32f4xx_hal_msp.o
                0x00000000080011ac                HAL_MspInit
 .text.SysTick_Handler
                0x000000000800120a        0xc ./src/stm32f4xx_it.o
                0x000000000800120a                SysTick_Handler
 *fill*         0x0000000008001216        0x2 
 .text.SystemInit
                0x0000000008001218       0x40 ./src/system_stm32f4xx.o
                0x0000000008001218                SystemInit
 .text.SystemCoreClockUpdate
                0x0000000008001258       0xa0 ./src/system_stm32f4xx.o
                0x0000000008001258                SystemCoreClockUpdate
 .text          0x00000000080012f8       0x30 /home/jmiranda/STM32Toolchain/gcc-arm/bin/../lib/gcc/arm-none-eabi/7.2.1/thumb/v7e-m/libgcc.a(_aeabi_uldivmod.o)
                0x00000000080012f8                __aeabi_uldivmod
 .text          0x0000000008001328      0x2cc /home/jmiranda/STM32Toolchain/gcc-arm/bin/../lib/gcc/arm-none-eabi/7.2.1/thumb/v7e-m/libgcc.a(_udivmoddi4.o)
                0x0000000008001328                __udivmoddi4
 .text          0x00000000080015f4        0x4 /home/jmiranda/STM32Toolchain/gcc-arm/bin/../lib/gcc/arm-none-eabi/7.2.1/thumb/v7e-m/libgcc.a(_dvmd_tls.o)
                0x00000000080015f4                __aeabi_ldiv0
                0x00000000080015f4                __aeabi_idiv0
 .text.__errno  0x00000000080015f8        0xc /home/jmiranda/STM32Toolchain/gcc-arm/bin/../lib/gcc/arm-none-eabi/7.2.1/../../../../arm-none-eabi/lib/thumb/v7e-m/libg_nano.a(lib_a-errno.o)
                0x00000000080015f8                __errno
 .text._fclose_r
                0x0000000008001604       0xa4 /home/jmiranda/STM32Toolchain/gcc-arm/bin/../lib/gcc/arm-none-eabi/7.2.1/../../../../arm-none-eabi/lib/thumb/v7e-m/libg_nano.a(lib_a-fclose.o)
                0x0000000008001604                _fclose_r
 .text.fclose   0x00000000080016a8       0x10 /home/jmiranda/STM32Toolchain/gcc-arm/bin/../lib/gcc/arm-none-eabi/7.2.1/../../../../arm-none-eabi/lib/thumb/v7e-m/libg_nano.a(lib_a-fclose.o)
                0x00000000080016a8                fclose
 .text.__sflush_r
                0x00000000080016b8      0x10c /home/jmiranda/STM32Toolchain/gcc-arm/bin/../lib/gcc/arm-none-eabi/7.2.1/../../../../arm-none-eabi/lib/thumb/v7e-m/libg_nano.a(lib_a-fflush.o)
                0x00000000080016b8                __sflush_r
 .text._fflush_r
                0x00000000080017c4       0x54 /home/jmiranda/STM32Toolchain/gcc-arm/bin/../lib/gcc/arm-none-eabi/7.2.1/../../../../arm-none-eabi/lib/thumb/v7e-m/libg_nano.a(lib_a-fflush.o)
                0x00000000080017c4                _fflush_r
 .text.fflush   0x0000000008001818       0x24 /home/jmiranda/STM32Toolchain/gcc-arm/bin/../lib/gcc/arm-none-eabi/7.2.1/../../../../arm-none-eabi/lib/thumb/v7e-m/libg_nano.a(lib_a-fflush.o)
                0x0000000008001818                fflush
 .text.std      0x000000000800183c       0x48 /home/jmiranda/STM32Toolchain/gcc-arm/bin/../lib/gcc/arm-none-eabi/7.2.1/../../../../arm-none-eabi/lib/thumb/v7e-m/libg_nano.a(lib_a-findfp.o)
 .text._cleanup_r
                0x0000000008001884        0xc /home/jmiranda/STM32Toolchain/gcc-arm/bin/../lib/gcc/arm-none-eabi/7.2.1/../../../../arm-none-eabi/lib/thumb/v7e-m/libg_nano.a(lib_a-findfp.o)
                0x0000000008001884                _cleanup_r
 .text.__sfmoreglue
                0x0000000008001890       0x2c /home/jmiranda/STM32Toolchain/gcc-arm/bin/../lib/gcc/arm-none-eabi/7.2.1/../../../../arm-none-eabi/lib/thumb/v7e-m/libg_nano.a(lib_a-findfp.o)
                0x0000000008001890                __sfmoreglue
 .text.__sinit  0x00000000080018bc       0x60 /home/jmiranda/STM32Toolchain/gcc-arm/bin/../lib/gcc/arm-none-eabi/7.2.1/../../../../arm-none-eabi/lib/thumb/v7e-m/libg_nano.a(lib_a-findfp.o)
                0x00000000080018bc                __sinit
 .text.__sfp    0x000000000800191c       0x78 /home/jmiranda/STM32Toolchain/gcc-arm/bin/../lib/gcc/arm-none-eabi/7.2.1/../../../../arm-none-eabi/lib/thumb/v7e-m/libg_nano.a(lib_a-findfp.o)
                0x000000000800191c                __sfp
 .text.__sfp_lock_acquire
                0x0000000008001994        0x2 /home/jmiranda/STM32Toolchain/gcc-arm/bin/../lib/gcc/arm-none-eabi/7.2.1/../../../../arm-none-eabi/lib/thumb/v7e-m/libg_nano.a(lib_a-findfp.o)
                0x0000000008001994                __sfp_lock_acquire
 .text.__sfp_lock_release
                0x0000000008001996        0x2 /home/jmiranda/STM32Toolchain/gcc-arm/bin/../lib/gcc/arm-none-eabi/7.2.1/../../../../arm-none-eabi/lib/thumb/v7e-m/libg_nano.a(lib_a-findfp.o)
                0x0000000008001996                __sfp_lock_release
 .text._fopen_r
                0x0000000008001998       0x80 /home/jmiranda/STM32Toolchain/gcc-arm/bin/../lib/gcc/arm-none-eabi/7.2.1/../../../../arm-none-eabi/lib/thumb/v7e-m/libg_nano.a(lib_a-fopen.o)
                0x0000000008001998                _fopen_r
 .text.fopen    0x0000000008001a18       0x10 /home/jmiranda/STM32Toolchain/gcc-arm/bin/../lib/gcc/arm-none-eabi/7.2.1/../../../../arm-none-eabi/lib/thumb/v7e-m/libg_nano.a(lib_a-fopen.o)
                0x0000000008001a18                fopen
 .text._fseek_r
                0x0000000008001a28        0x4 /home/jmiranda/STM32Toolchain/gcc-arm/bin/../lib/gcc/arm-none-eabi/7.2.1/../../../../arm-none-eabi/lib/thumb/v7e-m/libg_nano.a(lib_a-fseek.o)
                0x0000000008001a28                _fseek_r
 .text._fseeko_r
                0x0000000008001a2c      0x120 /home/jmiranda/STM32Toolchain/gcc-arm/bin/../lib/gcc/arm-none-eabi/7.2.1/../../../../arm-none-eabi/lib/thumb/v7e-m/libg_nano.a(lib_a-fseeko.o)
                0x0000000008001a2c                _fseeko_r
 .text._fwalk   0x0000000008001b4c       0x38 /home/jmiranda/STM32Toolchain/gcc-arm/bin/../lib/gcc/arm-none-eabi/7.2.1/../../../../arm-none-eabi/lib/thumb/v7e-m/libg_nano.a(lib_a-fwalk.o)
                0x0000000008001b4c                _fwalk
 .text._fwalk_reent
                0x0000000008001b84       0x3c /home/jmiranda/STM32Toolchain/gcc-arm/bin/../lib/gcc/arm-none-eabi/7.2.1/../../../../arm-none-eabi/lib/thumb/v7e-m/libg_nano.a(lib_a-fwalk.o)
                0x0000000008001b84                _fwalk_reent
 .text._fwrite_r
                0x0000000008001bc0       0x9c /home/jmiranda/STM32Toolchain/gcc-arm/bin/../lib/gcc/arm-none-eabi/7.2.1/../../../../arm-none-eabi/lib/thumb/v7e-m/libg_nano.a(lib_a-fwrite.o)
                0x0000000008001bc0                _fwrite_r
 .text.fwrite   0x0000000008001c5c       0x1c /home/jmiranda/STM32Toolchain/gcc-arm/bin/../lib/gcc/arm-none-eabi/7.2.1/../../../../arm-none-eabi/lib/thumb/v7e-m/libg_nano.a(lib_a-fwrite.o)
                0x0000000008001c5c                fwrite
 .text.__swhatbuf_r
                0x0000000008001c78       0x48 /home/jmiranda/STM32Toolchain/gcc-arm/bin/../lib/gcc/arm-none-eabi/7.2.1/../../../../arm-none-eabi/lib/thumb/v7e-m/libg_nano.a(lib_a-makebuf.o)
                0x0000000008001c78                __swhatbuf_r
 .text.__smakebuf_r
                0x0000000008001cc0       0x80 /home/jmiranda/STM32Toolchain/gcc-arm/bin/../lib/gcc/arm-none-eabi/7.2.1/../../../../arm-none-eabi/lib/thumb/v7e-m/libg_nano.a(lib_a-makebuf.o)
                0x0000000008001cc0                __smakebuf_r
 .text.memcpy   0x0000000008001d40       0x16 /home/jmiranda/STM32Toolchain/gcc-arm/bin/../lib/gcc/arm-none-eabi/7.2.1/../../../../arm-none-eabi/lib/thumb/v7e-m/libg_nano.a(lib_a-memcpy-stub.o)
                0x0000000008001d40                memcpy
 .text.memset   0x0000000008001d56       0x10 /home/jmiranda/STM32Toolchain/gcc-arm/bin/../lib/gcc/arm-none-eabi/7.2.1/../../../../arm-none-eabi/lib/thumb/v7e-m/libg_nano.a(lib_a-memset.o)
                0x0000000008001d56                memset
 *fill*         0x0000000008001d66        0x2 
 .text._free_r  0x0000000008001d68       0x9c /home/jmiranda/STM32Toolchain/gcc-arm/bin/../lib/gcc/arm-none-eabi/7.2.1/../../../../arm-none-eabi/lib/thumb/v7e-m/libg_nano.a(lib_a-nano-freer.o)
                0x0000000008001d68                _free_r
 .text._malloc_r
                0x0000000008001e04       0xb4 /home/jmiranda/STM32Toolchain/gcc-arm/bin/../lib/gcc/arm-none-eabi/7.2.1/../../../../arm-none-eabi/lib/thumb/v7e-m/libg_nano.a(lib_a-nano-mallocr.o)
                0x0000000008001e04                _malloc_r
 .text._open_r  0x0000000008001eb8       0x24 /home/jmiranda/STM32Toolchain/gcc-arm/bin/../lib/gcc/arm-none-eabi/7.2.1/../../../../arm-none-eabi/lib/thumb/v7e-m/libg_nano.a(lib_a-openr.o)
                0x0000000008001eb8                _open_r
 .text.printf   0x0000000008001edc       0x30 /home/jmiranda/STM32Toolchain/gcc-arm/bin/../lib/gcc/arm-none-eabi/7.2.1/../../../../arm-none-eabi/lib/thumb/v7e-m/libg_nano.a(lib_a-printf.o)
                0x0000000008001edc                printf
                0x0000000008001edc                iprintf
 .text._puts_r  0x0000000008001f0c       0xb8 /home/jmiranda/STM32Toolchain/gcc-arm/bin/../lib/gcc/arm-none-eabi/7.2.1/../../../../arm-none-eabi/lib/thumb/v7e-m/libg_nano.a(lib_a-puts.o)
                0x0000000008001f0c                _puts_r
 .text.puts     0x0000000008001fc4       0x10 /home/jmiranda/STM32Toolchain/gcc-arm/bin/../lib/gcc/arm-none-eabi/7.2.1/../../../../arm-none-eabi/lib/thumb/v7e-m/libg_nano.a(lib_a-puts.o)
                0x0000000008001fc4                puts
 .text._sbrk_r  0x0000000008001fd4       0x20 /home/jmiranda/STM32Toolchain/gcc-arm/bin/../lib/gcc/arm-none-eabi/7.2.1/../../../../arm-none-eabi/lib/thumb/v7e-m/libg_nano.a(lib_a-sbrkr.o)
                0x0000000008001fd4                _sbrk_r
 .text.scanf    0x0000000008001ff4       0x30 /home/jmiranda/STM32Toolchain/gcc-arm/bin/../lib/gcc/arm-none-eabi/7.2.1/../../../../arm-none-eabi/lib/thumb/v7e-m/libg_nano.a(lib_a-scanf.o)
                0x0000000008001ff4                iscanf
                0x0000000008001ff4                scanf
 .text.sprintf  0x0000000008002024       0x40 /home/jmiranda/STM32Toolchain/gcc-arm/bin/../lib/gcc/arm-none-eabi/7.2.1/../../../../arm-none-eabi/lib/thumb/v7e-m/libg_nano.a(lib_a-sprintf.o)
                0x0000000008002024                sprintf
                0x0000000008002024                siprintf
 .text.__sread  0x0000000008002064       0x22 /home/jmiranda/STM32Toolchain/gcc-arm/bin/../lib/gcc/arm-none-eabi/7.2.1/../../../../arm-none-eabi/lib/thumb/v7e-m/libg_nano.a(lib_a-stdio.o)
                0x0000000008002064                __sread
 .text.__swrite
                0x0000000008002086       0x38 /home/jmiranda/STM32Toolchain/gcc-arm/bin/../lib/gcc/arm-none-eabi/7.2.1/../../../../arm-none-eabi/lib/thumb/v7e-m/libg_nano.a(lib_a-stdio.o)
                0x0000000008002086                __swrite
 .text.__sseek  0x00000000080020be       0x24 /home/jmiranda/STM32Toolchain/gcc-arm/bin/../lib/gcc/arm-none-eabi/7.2.1/../../../../arm-none-eabi/lib/thumb/v7e-m/libg_nano.a(lib_a-stdio.o)
                0x00000000080020be                __sseek
 .text.__sclose
                0x00000000080020e2        0x8 /home/jmiranda/STM32Toolchain/gcc-arm/bin/../lib/gcc/arm-none-eabi/7.2.1/../../../../arm-none-eabi/lib/thumb/v7e-m/libg_nano.a(lib_a-stdio.o)
                0x00000000080020e2                __sclose
 .text          0x00000000080020ea       0x10 /home/jmiranda/STM32Toolchain/gcc-arm/bin/../lib/gcc/arm-none-eabi/7.2.1/../../../../arm-none-eabi/lib/thumb/v7e-m/libg_nano.a(lib_a-strlen.o)
                0x00000000080020ea                strlen
 .text._vsnprintf_r
                0x00000000080020fa       0x58 /home/jmiranda/STM32Toolchain/gcc-arm/bin/../lib/gcc/arm-none-eabi/7.2.1/../../../../arm-none-eabi/lib/thumb/v7e-m/libg_nano.a(lib_a-vsnprintf.o)
                0x00000000080020fa                _vsnprintf_r
                0x00000000080020fa                _vsniprintf_r
 *fill*         0x0000000008002152        0x2 
 .text.vsnprintf
                0x0000000008002154       0x1c /home/jmiranda/STM32Toolchain/gcc-arm/bin/../lib/gcc/arm-none-eabi/7.2.1/../../../../arm-none-eabi/lib/thumb/v7e-m/libg_nano.a(lib_a-vsnprintf.o)
                0x0000000008002154                vsnprintf
                0x0000000008002154                vsniprintf
 .text.__swbuf_r
                0x0000000008002170       0xa4 /home/jmiranda/STM32Toolchain/gcc-arm/bin/../lib/gcc/arm-none-eabi/7.2.1/../../../../arm-none-eabi/lib/thumb/v7e-m/libg_nano.a(lib_a-wbuf.o)
                0x0000000008002170                __swbuf_r
 .text._write_r
                0x0000000008002214       0x24 /home/jmiranda/STM32Toolchain/gcc-arm/bin/../lib/gcc/arm-none-eabi/7.2.1/../../../../arm-none-eabi/lib/thumb/v7e-m/libg_nano.a(lib_a-writer.o)
                0x0000000008002214                _write_r
 .text.__swsetup_r
                0x0000000008002238       0xdc /home/jmiranda/STM32Toolchain/gcc-arm/bin/../lib/gcc/arm-none-eabi/7.2.1/../../../../arm-none-eabi/lib/thumb/v7e-m/libg_nano.a(lib_a-wsetup.o)
                0x0000000008002238                __swsetup_r
 .text._close_r
                0x0000000008002314       0x20 /home/jmiranda/STM32Toolchain/gcc-arm/bin/../lib/gcc/arm-none-eabi/7.2.1/../../../../arm-none-eabi/lib/thumb/v7e-m/libg_nano.a(lib_a-closer.o)
                0x0000000008002314                _close_r
 .text.__sflags
                0x0000000008002334       0x6a /home/jmiranda/STM32Toolchain/gcc-arm/bin/../lib/gcc/arm-none-eabi/7.2.1/../../../../arm-none-eabi/lib/thumb/v7e-m/libg_nano.a(lib_a-flags.o)
                0x0000000008002334                __sflags
 *fill*         0x000000000800239e        0x2 
 .text._fstat_r
                0x00000000080023a0       0x24 /home/jmiranda/STM32Toolchain/gcc-arm/bin/../lib/gcc/arm-none-eabi/7.2.1/../../../../arm-none-eabi/lib/thumb/v7e-m/libg_nano.a(lib_a-fstatr.o)
                0x00000000080023a0                _fstat_r
 .text._isatty_r
                0x00000000080023c4       0x20 /home/jmiranda/STM32Toolchain/gcc-arm/bin/../lib/gcc/arm-none-eabi/7.2.1/../../../../arm-none-eabi/lib/thumb/v7e-m/libg_nano.a(lib_a-isattyr.o)
                0x00000000080023c4                _isatty_r
 .text._lseek_r
                0x00000000080023e4       0x24 /home/jmiranda/STM32Toolchain/gcc-arm/bin/../lib/gcc/arm-none-eabi/7.2.1/../../../../arm-none-eabi/lib/thumb/v7e-m/libg_nano.a(lib_a-lseekr.o)
                0x00000000080023e4                _lseek_r
 .text.__malloc_lock
                0x0000000008002408        0x2 /home/jmiranda/STM32Toolchain/gcc-arm/bin/../lib/gcc/arm-none-eabi/7.2.1/../../../../arm-none-eabi/lib/thumb/v7e-m/libg_nano.a(lib_a-mlock.o)
                0x0000000008002408                __malloc_lock
 .text.__malloc_unlock
                0x000000000800240a        0x2 /home/jmiranda/STM32Toolchain/gcc-arm/bin/../lib/gcc/arm-none-eabi/7.2.1/../../../../arm-none-eabi/lib/thumb/v7e-m/libg_nano.a(lib_a-mlock.o)
                0x000000000800240a                __malloc_unlock
 .text.__ssputs_r
                0x000000000800240c       0xb4 /home/jmiranda/STM32Toolchain/gcc-arm/bin/../lib/gcc/arm-none-eabi/7.2.1/../../../../arm-none-eabi/lib/thumb/v7e-m/libg_nano.a(lib_a-nano-svfprintf.o)
                0x000000000800240c                __ssputs_r
 .text._svfprintf_r
                0x00000000080024c0      0x1ec /home/jmiranda/STM32Toolchain/gcc-arm/bin/../lib/gcc/arm-none-eabi/7.2.1/../../../../arm-none-eabi/lib/thumb/v7e-m/libg_nano.a(lib_a-nano-svfprintf.o)
                0x00000000080024c0                _svfprintf_r
                0x00000000080024c0                _svfiprintf_r
 .text.__sfputc_r
                0x00000000080026ac       0x2a /home/jmiranda/STM32Toolchain/gcc-arm/bin/../lib/gcc/arm-none-eabi/7.2.1/../../../../arm-none-eabi/lib/thumb/v7e-m/libg_nano.a(lib_a-nano-vfprintf.o)
 .text.__sfputs_r
                0x00000000080026d6       0x24 /home/jmiranda/STM32Toolchain/gcc-arm/bin/../lib/gcc/arm-none-eabi/7.2.1/../../../../arm-none-eabi/lib/thumb/v7e-m/libg_nano.a(lib_a-nano-vfprintf.o)
                0x00000000080026d6                __sfputs_r
 *fill*         0x00000000080026fa        0x2 
 .text._vfprintf_r
                0x00000000080026fc      0x228 /home/jmiranda/STM32Toolchain/gcc-arm/bin/../lib/gcc/arm-none-eabi/7.2.1/../../../../arm-none-eabi/lib/thumb/v7e-m/libg_nano.a(lib_a-nano-vfprintf.o)
                0x00000000080026fc                _vfiprintf_r
                0x00000000080026fc                _vfprintf_r
 .text._printf_common
                0x0000000008002924       0xea /home/jmiranda/STM32Toolchain/gcc-arm/bin/../lib/gcc/arm-none-eabi/7.2.1/../../../../arm-none-eabi/lib/thumb/v7e-m/libg_nano.a(lib_a-nano-vfprintf_i.o)
                0x0000000008002924                _printf_common
 *fill*         0x0000000008002a0e        0x2 
 .text._printf_i
                0x0000000008002a10      0x224 /home/jmiranda/STM32Toolchain/gcc-arm/bin/../lib/gcc/arm-none-eabi/7.2.1/../../../../arm-none-eabi/lib/thumb/v7e-m/libg_nano.a(lib_a-nano-vfprintf_i.o)
                0x0000000008002a10                _printf_i
 .text.__svfscanf_r
                0x0000000008002c34      0x2a0 /home/jmiranda/STM32Toolchain/gcc-arm/bin/../lib/gcc/arm-none-eabi/7.2.1/../../../../arm-none-eabi/lib/thumb/v7e-m/libg_nano.a(lib_a-nano-vfscanf.o)
                0x0000000008002c34                __svfiscanf_r
                0x0000000008002c34                __svfscanf_r
 .text._vfscanf_r
                0x0000000008002ed4       0x50 /home/jmiranda/STM32Toolchain/gcc-arm/bin/../lib/gcc/arm-none-eabi/7.2.1/../../../../arm-none-eabi/lib/thumb/v7e-m/libg_nano.a(lib_a-nano-vfscanf.o)
                0x0000000008002ed4                _vfiscanf_r
                0x0000000008002ed4                _vfscanf_r
 .text._scanf_chars
                0x0000000008002f24       0xc6 /home/jmiranda/STM32Toolchain/gcc-arm/bin/../lib/gcc/arm-none-eabi/7.2.1/../../../../arm-none-eabi/lib/thumb/v7e-m/libg_nano.a(lib_a-nano-vfscanf_i.o)
                0x0000000008002f24                _scanf_chars
 *fill*         0x0000000008002fea        0x2 
 .text._scanf_i
                0x0000000008002fec      0x1e8 /home/jmiranda/STM32Toolchain/gcc-arm/bin/../lib/gcc/arm-none-eabi/7.2.1/../../../../arm-none-eabi/lib/thumb/v7e-m/libg_nano.a(lib_a-nano-vfscanf_i.o)
                0x0000000008002fec                _scanf_i
 .text._read_r  0x00000000080031d4       0x24 /home/jmiranda/STM32Toolchain/gcc-arm/bin/../lib/gcc/arm-none-eabi/7.2.1/../../../../arm-none-eabi/lib/thumb/v7e-m/libg_nano.a(lib_a-readr.o)
                0x00000000080031d4                _read_r
 .text.lflush   0x00000000080031f8       0x12 /home/jmiranda/STM32Toolchain/gcc-arm/bin/../lib/gcc/arm-none-eabi/7.2.1/../../../../arm-none-eabi/lib/thumb/v7e-m/libg_nano.a(lib_a-refill.o)
 *fill*         0x000000000800320a        0x2 
 .text.__srefill_r
                0x000000000800320c      0x118 /home/jmiranda/STM32Toolchain/gcc-arm/bin/../lib/gcc/arm-none-eabi/7.2.1/../../../../arm-none-eabi/lib/thumb/v7e-m/libg_nano.a(lib_a-refill.o)
                0x000000000800320c                __srefill_r
 .text.__sccl   0x0000000008003324       0x64 /home/jmiranda/STM32Toolchain/gcc-arm/bin/../lib/gcc/arm-none-eabi/7.2.1/../../../../arm-none-eabi/lib/thumb/v7e-m/libg_nano.a(lib_a-sccl.o)
                0x0000000008003324                __sccl
 .text._strtol_l.isra.0
                0x0000000008003388       0xf6 /home/jmiranda/STM32Toolchain/gcc-arm/bin/../lib/gcc/arm-none-eabi/7.2.1/../../../../arm-none-eabi/lib/thumb/v7e-m/libg_nano.a(lib_a-strtol.o)
 *fill*         0x000000000800347e        0x2 
 .text._strtol_r
                0x0000000008003480       0x24 /home/jmiranda/STM32Toolchain/gcc-arm/bin/../lib/gcc/arm-none-eabi/7.2.1/../../../../arm-none-eabi/lib/thumb/v7e-m/libg_nano.a(lib_a-strtol.o)
                0x0000000008003480                _strtol_r
 .text._strtoul_l.isra.0
                0x00000000080034a4       0xf4 /home/jmiranda/STM32Toolchain/gcc-arm/bin/../lib/gcc/arm-none-eabi/7.2.1/../../../../arm-none-eabi/lib/thumb/v7e-m/libg_nano.a(lib_a-strtoul.o)
 .text._strtoul_r
                0x0000000008003598       0x24 /home/jmiranda/STM32Toolchain/gcc-arm/bin/../lib/gcc/arm-none-eabi/7.2.1/../../../../arm-none-eabi/lib/thumb/v7e-m/libg_nano.a(lib_a-strtoul.o)
                0x0000000008003598                _strtoul_r
 .text.__submore
                0x00000000080035bc       0x74 /home/jmiranda/STM32Toolchain/gcc-arm/bin/../lib/gcc/arm-none-eabi/7.2.1/../../../../arm-none-eabi/lib/thumb/v7e-m/libg_nano.a(lib_a-ungetc.o)
                0x00000000080035bc                __submore
 .text._ungetc_r
                0x0000000008003630       0xe4 /home/jmiranda/STM32Toolchain/gcc-arm/bin/../lib/gcc/arm-none-eabi/7.2.1/../../../../arm-none-eabi/lib/thumb/v7e-m/libg_nano.a(lib_a-ungetc.o)
                0x0000000008003630                _ungetc_r
 .text.__locale_ctype_ptr_l
                0x0000000008003714        0x6 /home/jmiranda/STM32Toolchain/gcc-arm/bin/../lib/gcc/arm-none-eabi/7.2.1/../../../../arm-none-eabi/lib/thumb/v7e-m/libg_nano.a(lib_a-locale.o)
                0x0000000008003714                __locale_ctype_ptr_l
 *fill*         0x000000000800371a        0x2 
 .text.__locale_ctype_ptr
                0x000000000800371c       0x1c /home/jmiranda/STM32Toolchain/gcc-arm/bin/../lib/gcc/arm-none-eabi/7.2.1/../../../../arm-none-eabi/lib/thumb/v7e-m/libg_nano.a(lib_a-locale.o)
                0x000000000800371c                __locale_ctype_ptr
 .text.__ascii_mbtowc
                0x0000000008003738       0x24 /home/jmiranda/STM32Toolchain/gcc-arm/bin/../lib/gcc/arm-none-eabi/7.2.1/../../../../arm-none-eabi/lib/thumb/v7e-m/libg_nano.a(lib_a-mbtowc_r.o)
                0x0000000008003738                __ascii_mbtowc
 *fill*         0x000000000800375c        0x4 
 .text          0x0000000008003760       0xa0 /home/jmiranda/STM32Toolchain/gcc-arm/bin/../lib/gcc/arm-none-eabi/7.2.1/../../../../arm-none-eabi/lib/thumb/v7e-m/libg_nano.a(lib_a-memchr.o)
                0x0000000008003760                memchr
 .text.memmove  0x0000000008003800       0x32 /home/jmiranda/STM32Toolchain/gcc-arm/bin/../lib/gcc/arm-none-eabi/7.2.1/../../../../arm-none-eabi/lib/thumb/v7e-m/libg_nano.a(lib_a-memmove.o)
                0x0000000008003800                memmove
 .text._realloc_r
                0x0000000008003832       0x4c /home/jmiranda/STM32Toolchain/gcc-arm/bin/../lib/gcc/arm-none-eabi/7.2.1/../../../../arm-none-eabi/lib/thumb/v7e-m/libg_nano.a(lib_a-nano-reallocr.o)
                0x0000000008003832                _realloc_r
 .text.__ascii_wctomb
                0x000000000800387e       0x1a /home/jmiranda/STM32Toolchain/gcc-arm/bin/../lib/gcc/arm-none-eabi/7.2.1/../../../../arm-none-eabi/lib/thumb/v7e-m/libg_nano.a(lib_a-wctomb_r.o)
                0x000000000800387e                __ascii_wctomb
 .text._malloc_usable_size_r
                0x0000000008003898       0x10 /home/jmiranda/STM32Toolchain/gcc-arm/bin/../lib/gcc/arm-none-eabi/7.2.1/../../../../arm-none-eabi/lib/thumb/v7e-m/libg_nano.a(lib_a-nano-msizer.o)
                0x0000000008003898                _malloc_usable_size_r
 *(.rodata .rodata.* .constdata .constdata.*)
 .rodata.dumpExceptionStack.str1.4
                0x00000000080038a8      0x11a ./system/src/cortexm/exception_handlers.o
 *fill*         0x00000000080039c2        0x2 
 .rodata.str1.4
                0x00000000080039c4       0x2a ./system/src/cortexm/exception_handlers.o
 *fill*         0x00000000080039ee        0x2 
 .rodata.SystemClock_Config.str1.4
                0x00000000080039f0        0xe ./src/main.o
 *fill*         0x00000000080039fe        0x2 
 .rodata.main.str1.4
                0x0000000008003a00       0x54 ./src/main.o
                                         0x51 (size before relaxing)
 .rodata.AHBPrescTable
                0x0000000008003a54       0x10 ./src/system_stm32f4xx.o
                0x0000000008003a54                AHBPrescTable
 .rodata.__sf_fake_stderr
                0x0000000008003a64       0x20 /home/jmiranda/STM32Toolchain/gcc-arm/bin/../lib/gcc/arm-none-eabi/7.2.1/../../../../arm-none-eabi/lib/thumb/v7e-m/libg_nano.a(lib_a-findfp.o)
                0x0000000008003a64                __sf_fake_stderr
 .rodata.__sf_fake_stdin
                0x0000000008003a84       0x20 /home/jmiranda/STM32Toolchain/gcc-arm/bin/../lib/gcc/arm-none-eabi/7.2.1/../../../../arm-none-eabi/lib/thumb/v7e-m/libg_nano.a(lib_a-findfp.o)
                0x0000000008003a84                __sf_fake_stdin
 .rodata.__sf_fake_stdout
                0x0000000008003aa4       0x20 /home/jmiranda/STM32Toolchain/gcc-arm/bin/../lib/gcc/arm-none-eabi/7.2.1/../../../../arm-none-eabi/lib/thumb/v7e-m/libg_nano.a(lib_a-findfp.o)
                0x0000000008003aa4                __sf_fake_stdout
 .rodata._global_impure_ptr
                0x0000000008003ac4        0x4 /home/jmiranda/STM32Toolchain/gcc-arm/bin/../lib/gcc/arm-none-eabi/7.2.1/../../../../arm-none-eabi/lib/thumb/v7e-m/libg_nano.a(lib_a-impure.o)
                0x0000000008003ac4                _global_impure_ptr
 .rodata._svfprintf_r.str1.1
                0x0000000008003ac8       0x11 /home/jmiranda/STM32Toolchain/gcc-arm/bin/../lib/gcc/arm-none-eabi/7.2.1/../../../../arm-none-eabi/lib/thumb/v7e-m/libg_nano.a(lib_a-nano-svfprintf.o)
 .rodata._vfprintf_r.str1.1
                0x0000000008003ad9       0x11 /home/jmiranda/STM32Toolchain/gcc-arm/bin/../lib/gcc/arm-none-eabi/7.2.1/../../../../arm-none-eabi/lib/thumb/v7e-m/libg_nano.a(lib_a-nano-vfprintf.o)
 .rodata._printf_i.str1.1
                0x0000000008003ad9       0x22 /home/jmiranda/STM32Toolchain/gcc-arm/bin/../lib/gcc/arm-none-eabi/7.2.1/../../../../arm-none-eabi/lib/thumb/v7e-m/libg_nano.a(lib_a-nano-vfprintf_i.o)
 .rodata.__svfscanf_r.str1.1
                0x0000000008003afb        0x4 /home/jmiranda/STM32Toolchain/gcc-arm/bin/../lib/gcc/arm-none-eabi/7.2.1/../../../../arm-none-eabi/lib/thumb/v7e-m/libg_nano.a(lib_a-nano-vfscanf.o)
 *fill*         0x0000000008003afb        0x1 
 .rodata        0x0000000008003afc        0xc /home/jmiranda/STM32Toolchain/gcc-arm/bin/../lib/gcc/arm-none-eabi/7.2.1/../../../../arm-none-eabi/lib/thumb/v7e-m/libg_nano.a(lib_a-nano-vfscanf_i.o)
 .rodata._scanf_i.str1.1
                0x0000000008003b08       0x12 /home/jmiranda/STM32Toolchain/gcc-arm/bin/../lib/gcc/arm-none-eabi/7.2.1/../../../../arm-none-eabi/lib/thumb/v7e-m/libg_nano.a(lib_a-nano-vfscanf_i.o)
 .rodata.str1.1
                0x0000000008003b1a        0x9 /home/jmiranda/STM32Toolchain/gcc-arm/bin/../lib/gcc/arm-none-eabi/7.2.1/../../../../arm-none-eabi/lib/thumb/v7e-m/libg_nano.a(lib_a-nano-vfscanf_i.o)
 .rodata._setlocale_r.str1.1
                0x0000000008003b23        0x8 /home/jmiranda/STM32Toolchain/gcc-arm/bin/../lib/gcc/arm-none-eabi/7.2.1/../../../../arm-none-eabi/lib/thumb/v7e-m/libg_nano.a(lib_a-locale.o)
                                          0x9 (size before relaxing)
 .rodata.str1.1
                0x0000000008003b2b        0x2 /home/jmiranda/STM32Toolchain/gcc-arm/bin/../lib/gcc/arm-none-eabi/7.2.1/../../../../arm-none-eabi/lib/thumb/v7e-m/libg_nano.a(lib_a-locale.o)
 .rodata._ctype_
                0x0000000008003b2d      0x101 /home/jmiranda/STM32Toolchain/gcc-arm/bin/../lib/gcc/arm-none-eabi/7.2.1/../../../../arm-none-eabi/lib/thumb/v7e-m/libg_nano.a(lib_a-ctype_.o)
                0x0000000008003b2d                _ctype_
 *(vtable)
 *(.eh_frame*)
 *(.glue_7)
 .glue_7        0x0000000008003c2e        0x0 linker stubs
 *(.glue_7t)
 .glue_7t       0x0000000008003c2e        0x0 linker stubs

.vfp11_veneer   0x0000000008003c30        0x0
 .vfp11_veneer  0x0000000008003c30        0x0 linker stubs

.v4_bx          0x0000000008003c30        0x0
 .v4_bx         0x0000000008003c30        0x0 linker stubs

.iplt           0x0000000008003c30        0x0
 .iplt          0x0000000008003c30        0x0 ./system/src/stm32f4xx/stm32f4xx_hal.o

.ARM.extab
 *(.ARM.extab* .gnu.linkonce.armextab.*)
                0x0000000008003c30                . = ALIGN (0x4)
                0x0000000008003c30                __exidx_start = .

.ARM.exidx      0x0000000008003c30        0x8
 *(.ARM.exidx* .gnu.linkonce.armexidx.*)
 .ARM.exidx     0x0000000008003c30        0x8 /home/jmiranda/STM32Toolchain/gcc-arm/bin/../lib/gcc/arm-none-eabi/7.2.1/thumb/v7e-m/libgcc.a(_udivmoddi4.o)
                0x0000000008003c38                __exidx_end = .

.rel.dyn        0x0000000008003c38        0x0
 .rel.iplt      0x0000000008003c38        0x0 ./system/src/stm32f4xx/stm32f4xx_hal.o
                0x0000000008003c38                . = ALIGN (0x4)
                0x0000000008003c38                _etext = .
                0x0000000008003c38                __etext = .

.data_CCMRAM    0x0000000010000000        0x0 load address 0x0000000008003c38
 FILL mask 0xff
 *(.data.CCMRAM .data.CCMRAM.*)
                0x0000000010000000                . = ALIGN (0x4)
                0x0000000008003c38                _sidata = LOADADDR (.data)

.data           0x0000000020000000      0x1e4 load address 0x0000000008003c38
 FILL mask 0xff
                0x0000000020000000                _sdata = .
                0x0000000020000000                __data_start__ = .
 *(.data_begin .data_begin.*)
 .data_begin    0x0000000020000000        0x4 ./system/src/newlib/_startup.o
 *(.data .data.*)
 .data.argv.4790
                0x0000000020000004        0x8 ./system/src/newlib/_syscalls.o
 .data.SystemCoreClock
                0x000000002000000c        0x4 ./src/system_stm32f4xx.o
                0x000000002000000c                SystemCoreClock
 .data._impure_ptr
                0x0000000020000010        0x4 /home/jmiranda/STM32Toolchain/gcc-arm/bin/../lib/gcc/arm-none-eabi/7.2.1/../../../../arm-none-eabi/lib/thumb/v7e-m/libg_nano.a(lib_a-impure.o)
                0x0000000020000010                _impure_ptr
 .data.impure_data
                0x0000000020000014       0x60 /home/jmiranda/STM32Toolchain/gcc-arm/bin/../lib/gcc/arm-none-eabi/7.2.1/../../../../arm-none-eabi/lib/thumb/v7e-m/libg_nano.a(lib_a-impure.o)
 .data.__global_locale
                0x0000000020000074      0x16c /home/jmiranda/STM32Toolchain/gcc-arm/bin/../lib/gcc/arm-none-eabi/7.2.1/../../../../arm-none-eabi/lib/thumb/v7e-m/libg_nano.a(lib_a-locale.o)
                0x0000000020000074                __global_locale
 *(.data_end .data_end.*)
 .data_end      0x00000000200001e0        0x4 ./system/src/newlib/_startup.o
                0x00000000200001e4                . = ALIGN (0x4)
                0x00000000200001e4                _edata = .
                0x00000000200001e4                __data_end__ = .

.igot.plt       0x00000000200001e4        0x0 load address 0x0000000008003e1c
 .igot.plt      0x00000000200001e4        0x0 ./system/src/stm32f4xx/stm32f4xx_hal.o

.bss_CCMRAM     0x0000000010000000        0x0
 *(.bss.CCMRAM .bss.CCMRAM.*)

.bss            0x00000000200001e4       0xa0
                0x00000000200001e4                __bss_start__ = .
                0x00000000200001e4                _sbss = .
 *(.bss_begin .bss_begin.*)
 .bss_begin     0x00000000200001e4        0x4 ./system/src/newlib/_startup.o
 *(.bss .bss.*)
 .bss.current_heap_end.4441
                0x00000000200001e8        0x4 ./system/src/newlib/_sbrk.o
 .bss.name.4789
                0x00000000200001ec        0x1 ./system/src/newlib/_syscalls.o
 *fill*         0x00000000200001ed        0x3 
 .bss.buf.5685  0x00000000200001f0       0x80 ./system/src/diag/Trace.o
 .bss.__malloc_free_list
                0x0000000020000270        0x4 /home/jmiranda/STM32Toolchain/gcc-arm/bin/../lib/gcc/arm-none-eabi/7.2.1/../../../../arm-none-eabi/lib/thumb/v7e-m/libg_nano.a(lib_a-nano-mallocr.o)
                0x0000000020000270                __malloc_free_list
 .bss.__malloc_sbrk_start
                0x0000000020000274        0x4 /home/jmiranda/STM32Toolchain/gcc-arm/bin/../lib/gcc/arm-none-eabi/7.2.1/../../../../arm-none-eabi/lib/thumb/v7e-m/libg_nano.a(lib_a-nano-mallocr.o)
                0x0000000020000274                __malloc_sbrk_start
 *(COMMON)
 COMMON         0x0000000020000278        0x4 ./system/src/stm32f4xx/stm32f4xx_hal.o
                0x0000000020000278                uwTick
 COMMON         0x000000002000027c        0x4 ./system/src/newlib/_syscalls.o
                0x000000002000027c                errno
 *(.bss_end .bss_end.*)
 .bss_end       0x0000000020000280        0x4 ./system/src/newlib/_startup.o
                0x0000000020000284                . = ALIGN (0x4)
                0x0000000020000284                __bss_end__ = .
                0x0000000020000284                _ebss = .

.noinit_CCMRAM
 *(.noinit.CCMRAM .noinit.CCMRAM.*)

.noinit         0x0000000020000284        0x0
                0x0000000020000284                _noinit = .
 *(.noinit .noinit.*)
                0x0000000020000284                . = ALIGN (0x4)
                0x0000000020000284                _end_noinit = .
                [!provide]                        PROVIDE (end, _end_noinit)
                [!provide]                        PROVIDE (_end, _end_noinit)
                [!provide]                        PROVIDE (__end, _end_noinit)
                [!provide]                        PROVIDE (__end__, _end_noinit)

._check_stack   0x0000000020000284      0x100
                0x0000000020000384                . = (. + _Minimum_Stack_Size)
 *fill*         0x0000000020000284      0x100 

.b1text
 *(.b1text)
 *(.b1rodata)
 *(.b1rodata.*)

.eb0text
 *(.eb0text)
 *(.eb0rodata)
 *(.eb0rodata.*)

.eb1text
 *(.eb1text)
 *(.eb1rodata)
 *(.eb1rodata.*)

.eb2text
 *(.eb2text)
 *(.eb2rodata)
 *(.eb2rodata.*)

.eb3text
 *(.eb3text)
 *(.eb3rodata)
 *(.eb3rodata.*)

.stab
 *(.stab)

.stabstr
 *(.stabstr)

.stab.excl
 *(.stab.excl)

.stab.exclstr
 *(.stab.exclstr)

.stab.index
 *(.stab.index)

.stab.indexstr
 *(.stab.indexstr)

.comment        0x0000000000000000       0x7e
 *(.comment)
 .comment       0x0000000000000000       0x7e ./system/src/stm32f4xx/stm32f4xx_hal.o
                                         0x7f (size before relaxing)
 .comment       0x000000000000007e       0x7f ./system/src/stm32f4xx/stm32f4xx_hal_cortex.o
 .comment       0x000000000000007e       0x7f ./system/src/stm32f4xx/stm32f4xx_hal_gpio.o
 .comment       0x000000000000007e       0x7f ./system/src/stm32f4xx/stm32f4xx_hal_rcc.o
 .comment       0x000000000000007e       0x7f ./system/src/newlib/_exit.o
 .comment       0x000000000000007e       0x7f ./system/src/newlib/_sbrk.o
 .comment       0x000000000000007e       0x7f ./system/src/newlib/_startup.o
 .comment       0x000000000000007e       0x7f ./system/src/newlib/_syscalls.o
 .comment       0x000000000000007e       0x7f ./system/src/diag/Trace.o
 .comment       0x000000000000007e       0x7f ./system/src/diag/trace_impl.o
 .comment       0x000000000000007e       0x7f ./system/src/cortexm/_initialize_hardware.o
 .comment       0x000000000000007e       0x7f ./system/src/cortexm/exception_handlers.o
 .comment       0x000000000000007e       0x7f ./src/_write.o
 .comment       0x000000000000007e       0x7f ./src/main.o
 .comment       0x000000000000007e       0x7f ./src/stm32f4xx_hal_msp.o
 .comment       0x000000000000007e       0x7f ./src/stm32f4xx_it.o
 .comment       0x000000000000007e       0x7f ./src/system_stm32f4xx.o

.ARM.attributes
                0x0000000000000000       0x31
 .ARM.attributes
                0x0000000000000000       0x33 ./system/src/stm32f4xx/stm32f4xx_hal.o
 .ARM.attributes
                0x0000000000000033       0x33 ./system/src/stm32f4xx/stm32f4xx_hal_cortex.o
 .ARM.attributes
                0x0000000000000066       0x33 ./system/src/stm32f4xx/stm32f4xx_hal_gpio.o
 .ARM.attributes
                0x0000000000000099       0x33 ./system/src/stm32f4xx/stm32f4xx_hal_rcc.o
 .ARM.attributes
                0x00000000000000cc       0x33 ./system/src/newlib/_exit.o
 .ARM.attributes
                0x00000000000000ff       0x33 ./system/src/newlib/_sbrk.o
 .ARM.attributes
                0x0000000000000132       0x33 ./system/src/newlib/_startup.o
 .ARM.attributes
                0x0000000000000165       0x33 ./system/src/newlib/_syscalls.o
 .ARM.attributes
                0x0000000000000198       0x33 ./system/src/diag/Trace.o
 .ARM.attributes
                0x00000000000001cb       0x33 ./system/src/diag/trace_impl.o
 .ARM.attributes
                0x00000000000001fe       0x33 ./system/src/cortexm/_initialize_hardware.o
 .ARM.attributes
                0x0000000000000231       0x33 ./system/src/cortexm/exception_handlers.o
 .ARM.attributes
                0x0000000000000264       0x21 ./system/src/cmsis/startup_stm32f411xe.o
 .ARM.attributes
                0x0000000000000285       0x33 ./src/_write.o
 .ARM.attributes
                0x00000000000002b8       0x33 ./src/main.o
 .ARM.attributes
                0x00000000000002eb       0x33 ./src/stm32f4xx_hal_msp.o
 .ARM.attributes
                0x000000000000031e       0x33 ./src/stm32f4xx_it.o
 .ARM.attributes
                0x0000000000000351       0x33 ./src/system_stm32f4xx.o
 .ARM.attributes
                0x0000000000000384       0x1e /home/jmiranda/STM32Toolchain/gcc-arm/bin/../lib/gcc/arm-none-eabi/7.2.1/thumb/v7e-m/libgcc.a(_aeabi_uldivmod.o)
 .ARM.attributes
                0x00000000000003a2       0x2e /home/jmiranda/STM32Toolchain/gcc-arm/bin/../lib/gcc/arm-none-eabi/7.2.1/thumb/v7e-m/libgcc.a(_udivmoddi4.o)
 .ARM.attributes
                0x00000000000003d0       0x1e /home/jmiranda/STM32Toolchain/gcc-arm/bin/../lib/gcc/arm-none-eabi/7.2.1/thumb/v7e-m/libgcc.a(_dvmd_tls.o)
 .ARM.attributes
                0x00000000000003ee       0x2e /home/jmiranda/STM32Toolchain/gcc-arm/bin/../lib/gcc/arm-none-eabi/7.2.1/../../../../arm-none-eabi/lib/thumb/v7e-m/libg_nano.a(lib_a-errno.o)
 .ARM.attributes
                0x000000000000041c       0x2e /home/jmiranda/STM32Toolchain/gcc-arm/bin/../lib/gcc/arm-none-eabi/7.2.1/../../../../arm-none-eabi/lib/thumb/v7e-m/libg_nano.a(lib_a-fclose.o)
 .ARM.attributes
                0x000000000000044a       0x2e /home/jmiranda/STM32Toolchain/gcc-arm/bin/../lib/gcc/arm-none-eabi/7.2.1/../../../../arm-none-eabi/lib/thumb/v7e-m/libg_nano.a(lib_a-fflush.o)
 .ARM.attributes
                0x0000000000000478       0x2e /home/jmiranda/STM32Toolchain/gcc-arm/bin/../lib/gcc/arm-none-eabi/7.2.1/../../../../arm-none-eabi/lib/thumb/v7e-m/libg_nano.a(lib_a-findfp.o)
 .ARM.attributes
                0x00000000000004a6       0x2e /home/jmiranda/STM32Toolchain/gcc-arm/bin/../lib/gcc/arm-none-eabi/7.2.1/../../../../arm-none-eabi/lib/thumb/v7e-m/libg_nano.a(lib_a-fopen.o)
 .ARM.attributes
                0x00000000000004d4       0x2e /home/jmiranda/STM32Toolchain/gcc-arm/bin/../lib/gcc/arm-none-eabi/7.2.1/../../../../arm-none-eabi/lib/thumb/v7e-m/libg_nano.a(lib_a-fseek.o)
 .ARM.attributes
                0x0000000000000502       0x2e /home/jmiranda/STM32Toolchain/gcc-arm/bin/../lib/gcc/arm-none-eabi/7.2.1/../../../../arm-none-eabi/lib/thumb/v7e-m/libg_nano.a(lib_a-fseeko.o)
 .ARM.attributes
                0x0000000000000530       0x2e /home/jmiranda/STM32Toolchain/gcc-arm/bin/../lib/gcc/arm-none-eabi/7.2.1/../../../../arm-none-eabi/lib/thumb/v7e-m/libg_nano.a(lib_a-fwalk.o)
 .ARM.attributes
                0x000000000000055e       0x2e /home/jmiranda/STM32Toolchain/gcc-arm/bin/../lib/gcc/arm-none-eabi/7.2.1/../../../../arm-none-eabi/lib/thumb/v7e-m/libg_nano.a(lib_a-fwrite.o)
 .ARM.attributes
                0x000000000000058c       0x2e /home/jmiranda/STM32Toolchain/gcc-arm/bin/../lib/gcc/arm-none-eabi/7.2.1/../../../../arm-none-eabi/lib/thumb/v7e-m/libg_nano.a(lib_a-impure.o)
 .ARM.attributes
                0x00000000000005ba       0x2e /home/jmiranda/STM32Toolchain/gcc-arm/bin/../lib/gcc/arm-none-eabi/7.2.1/../../../../arm-none-eabi/lib/thumb/v7e-m/libg_nano.a(lib_a-makebuf.o)
 .ARM.attributes
                0x00000000000005e8       0x2e /home/jmiranda/STM32Toolchain/gcc-arm/bin/../lib/gcc/arm-none-eabi/7.2.1/../../../../arm-none-eabi/lib/thumb/v7e-m/libg_nano.a(lib_a-memcpy-stub.o)
 .ARM.attributes
                0x0000000000000616       0x2e /home/jmiranda/STM32Toolchain/gcc-arm/bin/../lib/gcc/arm-none-eabi/7.2.1/../../../../arm-none-eabi/lib/thumb/v7e-m/libg_nano.a(lib_a-memset.o)
 .ARM.attributes
                0x0000000000000644       0x2e /home/jmiranda/STM32Toolchain/gcc-arm/bin/../lib/gcc/arm-none-eabi/7.2.1/../../../../arm-none-eabi/lib/thumb/v7e-m/libg_nano.a(lib_a-nano-freer.o)
 .ARM.attributes
                0x0000000000000672       0x2e /home/jmiranda/STM32Toolchain/gcc-arm/bin/../lib/gcc/arm-none-eabi/7.2.1/../../../../arm-none-eabi/lib/thumb/v7e-m/libg_nano.a(lib_a-nano-mallocr.o)
 .ARM.attributes
                0x00000000000006a0       0x2e /home/jmiranda/STM32Toolchain/gcc-arm/bin/../lib/gcc/arm-none-eabi/7.2.1/../../../../arm-none-eabi/lib/thumb/v7e-m/libg_nano.a(lib_a-openr.o)
 .ARM.attributes
                0x00000000000006ce       0x2e /home/jmiranda/STM32Toolchain/gcc-arm/bin/../lib/gcc/arm-none-eabi/7.2.1/../../../../arm-none-eabi/lib/thumb/v7e-m/libg_nano.a(lib_a-printf.o)
 .ARM.attributes
                0x00000000000006fc       0x2e /home/jmiranda/STM32Toolchain/gcc-arm/bin/../lib/gcc/arm-none-eabi/7.2.1/../../../../arm-none-eabi/lib/thumb/v7e-m/libg_nano.a(lib_a-puts.o)
 .ARM.attributes
                0x000000000000072a       0x2e /home/jmiranda/STM32Toolchain/gcc-arm/bin/../lib/gcc/arm-none-eabi/7.2.1/../../../../arm-none-eabi/lib/thumb/v7e-m/libg_nano.a(lib_a-sbrkr.o)
 .ARM.attributes
                0x0000000000000758       0x2e /home/jmiranda/STM32Toolchain/gcc-arm/bin/../lib/gcc/arm-none-eabi/7.2.1/../../../../arm-none-eabi/lib/thumb/v7e-m/libg_nano.a(lib_a-scanf.o)
 .ARM.attributes
                0x0000000000000786       0x2e /home/jmiranda/STM32Toolchain/gcc-arm/bin/../lib/gcc/arm-none-eabi/7.2.1/../../../../arm-none-eabi/lib/thumb/v7e-m/libg_nano.a(lib_a-sprintf.o)
 .ARM.attributes
                0x00000000000007b4       0x2e /home/jmiranda/STM32Toolchain/gcc-arm/bin/../lib/gcc/arm-none-eabi/7.2.1/../../../../arm-none-eabi/lib/thumb/v7e-m/libg_nano.a(lib_a-stdio.o)
 .ARM.attributes
                0x00000000000007e2       0x17 /home/jmiranda/STM32Toolchain/gcc-arm/bin/../lib/gcc/arm-none-eabi/7.2.1/../../../../arm-none-eabi/lib/thumb/v7e-m/libg_nano.a(lib_a-strlen.o)
 .ARM.attributes
                0x00000000000007f9       0x2e /home/jmiranda/STM32Toolchain/gcc-arm/bin/../lib/gcc/arm-none-eabi/7.2.1/../../../../arm-none-eabi/lib/thumb/v7e-m/libg_nano.a(lib_a-vsnprintf.o)
 .ARM.attributes
                0x0000000000000827       0x2e /home/jmiranda/STM32Toolchain/gcc-arm/bin/../lib/gcc/arm-none-eabi/7.2.1/../../../../arm-none-eabi/lib/thumb/v7e-m/libg_nano.a(lib_a-wbuf.o)
 .ARM.attributes
                0x0000000000000855       0x2e /home/jmiranda/STM32Toolchain/gcc-arm/bin/../lib/gcc/arm-none-eabi/7.2.1/../../../../arm-none-eabi/lib/thumb/v7e-m/libg_nano.a(lib_a-writer.o)
 .ARM.attributes
                0x0000000000000883       0x2e /home/jmiranda/STM32Toolchain/gcc-arm/bin/../lib/gcc/arm-none-eabi/7.2.1/../../../../arm-none-eabi/lib/thumb/v7e-m/libg_nano.a(lib_a-wsetup.o)
 .ARM.attributes
                0x00000000000008b1       0x2e /home/jmiranda/STM32Toolchain/gcc-arm/bin/../lib/gcc/arm-none-eabi/7.2.1/../../../../arm-none-eabi/lib/thumb/v7e-m/libg_nano.a(lib_a-closer.o)
 .ARM.attributes
                0x00000000000008df       0x2e /home/jmiranda/STM32Toolchain/gcc-arm/bin/../lib/gcc/arm-none-eabi/7.2.1/../../../../arm-none-eabi/lib/thumb/v7e-m/libg_nano.a(lib_a-flags.o)
 .ARM.attributes
                0x000000000000090d       0x2e /home/jmiranda/STM32Toolchain/gcc-arm/bin/../lib/gcc/arm-none-eabi/7.2.1/../../../../arm-none-eabi/lib/thumb/v7e-m/libg_nano.a(lib_a-fstatr.o)
 .ARM.attributes
                0x000000000000093b       0x2e /home/jmiranda/STM32Toolchain/gcc-arm/bin/../lib/gcc/arm-none-eabi/7.2.1/../../../../arm-none-eabi/lib/thumb/v7e-m/libg_nano.a(lib_a-isattyr.o)
 .ARM.attributes
                0x0000000000000969       0x2e /home/jmiranda/STM32Toolchain/gcc-arm/bin/../lib/gcc/arm-none-eabi/7.2.1/../../../../arm-none-eabi/lib/thumb/v7e-m/libg_nano.a(lib_a-lseekr.o)
 .ARM.attributes
                0x0000000000000997       0x2e /home/jmiranda/STM32Toolchain/gcc-arm/bin/../lib/gcc/arm-none-eabi/7.2.1/../../../../arm-none-eabi/lib/thumb/v7e-m/libg_nano.a(lib_a-mlock.o)
 .ARM.attributes
                0x00000000000009c5       0x2e /home/jmiranda/STM32Toolchain/gcc-arm/bin/../lib/gcc/arm-none-eabi/7.2.1/../../../../arm-none-eabi/lib/thumb/v7e-m/libg_nano.a(lib_a-nano-svfprintf.o)
 .ARM.attributes
                0x00000000000009f3       0x2e /home/jmiranda/STM32Toolchain/gcc-arm/bin/../lib/gcc/arm-none-eabi/7.2.1/../../../../arm-none-eabi/lib/thumb/v7e-m/libg_nano.a(lib_a-nano-vfprintf.o)
 .ARM.attributes
                0x0000000000000a21       0x2e /home/jmiranda/STM32Toolchain/gcc-arm/bin/../lib/gcc/arm-none-eabi/7.2.1/../../../../arm-none-eabi/lib/thumb/v7e-m/libg_nano.a(lib_a-nano-vfprintf_i.o)
 .ARM.attributes
                0x0000000000000a4f       0x2e /home/jmiranda/STM32Toolchain/gcc-arm/bin/../lib/gcc/arm-none-eabi/7.2.1/../../../../arm-none-eabi/lib/thumb/v7e-m/libg_nano.a(lib_a-nano-vfscanf.o)
 .ARM.attributes
                0x0000000000000a7d       0x2e /home/jmiranda/STM32Toolchain/gcc-arm/bin/../lib/gcc/arm-none-eabi/7.2.1/../../../../arm-none-eabi/lib/thumb/v7e-m/libg_nano.a(lib_a-nano-vfscanf_i.o)
 .ARM.attributes
                0x0000000000000aab       0x2e /home/jmiranda/STM32Toolchain/gcc-arm/bin/../lib/gcc/arm-none-eabi/7.2.1/../../../../arm-none-eabi/lib/thumb/v7e-m/libg_nano.a(lib_a-readr.o)
 .ARM.attributes
                0x0000000000000ad9       0x2e /home/jmiranda/STM32Toolchain/gcc-arm/bin/../lib/gcc/arm-none-eabi/7.2.1/../../../../arm-none-eabi/lib/thumb/v7e-m/libg_nano.a(lib_a-refill.o)
 .ARM.attributes
                0x0000000000000b07       0x2e /home/jmiranda/STM32Toolchain/gcc-arm/bin/../lib/gcc/arm-none-eabi/7.2.1/../../../../arm-none-eabi/lib/thumb/v7e-m/libg_nano.a(lib_a-sccl.o)
 .ARM.attributes
                0x0000000000000b35       0x2e /home/jmiranda/STM32Toolchain/gcc-arm/bin/../lib/gcc/arm-none-eabi/7.2.1/../../../../arm-none-eabi/lib/thumb/v7e-m/libg_nano.a(lib_a-strtol.o)
 .ARM.attributes
                0x0000000000000b63       0x2e /home/jmiranda/STM32Toolchain/gcc-arm/bin/../lib/gcc/arm-none-eabi/7.2.1/../../../../arm-none-eabi/lib/thumb/v7e-m/libg_nano.a(lib_a-strtoul.o)
 .ARM.attributes
                0x0000000000000b91       0x2e /home/jmiranda/STM32Toolchain/gcc-arm/bin/../lib/gcc/arm-none-eabi/7.2.1/../../../../arm-none-eabi/lib/thumb/v7e-m/libg_nano.a(lib_a-ungetc.o)
 .ARM.attributes
                0x0000000000000bbf       0x2e /home/jmiranda/STM32Toolchain/gcc-arm/bin/../lib/gcc/arm-none-eabi/7.2.1/../../../../arm-none-eabi/lib/thumb/v7e-m/libg_nano.a(lib_a-locale.o)
 .ARM.attributes
                0x0000000000000bed       0x2e /home/jmiranda/STM32Toolchain/gcc-arm/bin/../lib/gcc/arm-none-eabi/7.2.1/../../../../arm-none-eabi/lib/thumb/v7e-m/libg_nano.a(lib_a-mbtowc_r.o)
 .ARM.attributes
                0x0000000000000c1b       0x1c /home/jmiranda/STM32Toolchain/gcc-arm/bin/../lib/gcc/arm-none-eabi/7.2.1/../../../../arm-none-eabi/lib/thumb/v7e-m/libg_nano.a(lib_a-memchr.o)
 .ARM.attributes
                0x0000000000000c37       0x2e /home/jmiranda/STM32Toolchain/gcc-arm/bin/../lib/gcc/arm-none-eabi/7.2.1/../../../../arm-none-eabi/lib/thumb/v7e-m/libg_nano.a(lib_a-memmove.o)
 .ARM.attributes
                0x0000000000000c65       0x2e /home/jmiranda/STM32Toolchain/gcc-arm/bin/../lib/gcc/arm-none-eabi/7.2.1/../../../../arm-none-eabi/lib/thumb/v7e-m/libg_nano.a(lib_a-nano-reallocr.o)
 .ARM.attributes
                0x0000000000000c93       0x2e /home/jmiranda/STM32Toolchain/gcc-arm/bin/../lib/gcc/arm-none-eabi/7.2.1/../../../../arm-none-eabi/lib/thumb/v7e-m/libg_nano.a(lib_a-wctomb_r.o)
 .ARM.attributes
                0x0000000000000cc1       0x2e /home/jmiranda/STM32Toolchain/gcc-arm/bin/../lib/gcc/arm-none-eabi/7.2.1/../../../../arm-none-eabi/lib/thumb/v7e-m/libg_nano.a(lib_a-ctype_.o)
 .ARM.attributes
                0x0000000000000cef       0x2e /home/jmiranda/STM32Toolchain/gcc-arm/bin/../lib/gcc/arm-none-eabi/7.2.1/../../../../arm-none-eabi/lib/thumb/v7e-m/libg_nano.a(lib_a-nano-msizer.o)

.debug
 *(.debug)

.line
 *(.line)

.debug_srcinfo
 *(.debug_srcinfo)

.debug_sfnames
 *(.debug_sfnames)

.debug_aranges  0x0000000000000000      0x5b0
 *(.debug_aranges)
 .debug_aranges
                0x0000000000000000       0xc8 ./system/src/stm32f4xx/stm32f4xx_hal.o
 .debug_aranges
                0x00000000000000c8       0xa8 ./system/src/stm32f4xx/stm32f4xx_hal_cortex.o
 .debug_aranges
                0x0000000000000170       0x58 ./system/src/stm32f4xx/stm32f4xx_hal_gpio.o
 .debug_aranges
                0x00000000000001c8       0x88 ./system/src/stm32f4xx/stm32f4xx_hal_rcc.o
 .debug_aranges
                0x0000000000000250       0x28 ./system/src/newlib/_exit.o
 .debug_aranges
                0x0000000000000278       0x20 ./system/src/newlib/_sbrk.o
 .debug_aranges
                0x0000000000000298       0x40 ./system/src/newlib/_startup.o
 .debug_aranges
                0x00000000000002d8       0xd0 ./system/src/newlib/_syscalls.o
 .debug_aranges
                0x00000000000003a8       0x38 ./system/src/diag/Trace.o
 .debug_aranges
                0x00000000000003e0       0x30 ./system/src/diag/trace_impl.o
 .debug_aranges
                0x0000000000000410       0x28 ./system/src/cortexm/_initialize_hardware.o
 .debug_aranges
                0x0000000000000438       0x90 ./system/src/cortexm/exception_handlers.o
 .debug_aranges
                0x00000000000004c8       0x28 ./system/src/cmsis/startup_stm32f411xe.o
 .debug_aranges
                0x00000000000004f0       0x20 ./src/_write.o
 .debug_aranges
                0x0000000000000510       0x38 ./src/main.o
 .debug_aranges
                0x0000000000000548       0x20 ./src/stm32f4xx_hal_msp.o
 .debug_aranges
                0x0000000000000568       0x20 ./src/stm32f4xx_it.o
 .debug_aranges
                0x0000000000000588       0x28 ./src/system_stm32f4xx.o

.debug_pubnames
 *(.debug_pubnames)

.debug_info     0x0000000000000000     0xceb9
 *(.debug_info .gnu.linkonce.wi.*)
 .debug_info    0x0000000000000000     0x10a8 ./system/src/stm32f4xx/stm32f4xx_hal.o
 .debug_info    0x00000000000010a8     0x16c5 ./system/src/stm32f4xx/stm32f4xx_hal_cortex.o
 .debug_info    0x000000000000276d      0xfbb ./system/src/stm32f4xx/stm32f4xx_hal_gpio.o
 .debug_info    0x0000000000003728     0x1260 ./system/src/stm32f4xx/stm32f4xx_hal_rcc.o
 .debug_info    0x0000000000004988      0x956 ./system/src/newlib/_exit.o
 .debug_info    0x00000000000052de      0x942 ./system/src/newlib/_sbrk.o
 .debug_info    0x0000000000005c20      0x439 ./system/src/newlib/_startup.o
 .debug_info    0x0000000000006059     0x11cf ./system/src/newlib/_syscalls.o
 .debug_info    0x0000000000007228      0xb2a ./system/src/diag/Trace.o
 .debug_info    0x0000000000007d52      0x3d4 ./system/src/diag/trace_impl.o
 .debug_info    0x0000000000008126      0x31b ./system/src/cortexm/_initialize_hardware.o
 .debug_info    0x0000000000008441     0x11cb ./system/src/cortexm/exception_handlers.o
 .debug_info    0x000000000000960c       0x22 ./system/src/cmsis/startup_stm32f411xe.o
 .debug_info    0x000000000000962e      0x9ae ./src/_write.o
 .debug_info    0x0000000000009fdc     0x1459 ./src/main.o
 .debug_info    0x000000000000b435      0xbdf ./src/stm32f4xx_hal_msp.o
 .debug_info    0x000000000000c014      0x97b ./src/stm32f4xx_it.o
 .debug_info    0x000000000000c98f      0x52a ./src/system_stm32f4xx.o

.debug_abbrev   0x0000000000000000     0x270e
 *(.debug_abbrev)
 .debug_abbrev  0x0000000000000000      0x2f4 ./system/src/stm32f4xx/stm32f4xx_hal.o
 .debug_abbrev  0x00000000000002f4      0x3d6 ./system/src/stm32f4xx/stm32f4xx_hal_cortex.o
 .debug_abbrev  0x00000000000006ca      0x2a7 ./system/src/stm32f4xx/stm32f4xx_hal_gpio.o
 .debug_abbrev  0x0000000000000971      0x32a ./system/src/stm32f4xx/stm32f4xx_hal_rcc.o
 .debug_abbrev  0x0000000000000c9b      0x1f3 ./system/src/newlib/_exit.o
 .debug_abbrev  0x0000000000000e8e      0x1fc ./system/src/newlib/_sbrk.o
 .debug_abbrev  0x000000000000108a      0x1b3 ./system/src/newlib/_startup.o
 .debug_abbrev  0x000000000000123d      0x28c ./system/src/newlib/_syscalls.o
 .debug_abbrev  0x00000000000014c9      0x276 ./system/src/diag/Trace.o
 .debug_abbrev  0x000000000000173f      0x1e2 ./system/src/diag/trace_impl.o
 .debug_abbrev  0x0000000000001921       0xea ./system/src/cortexm/_initialize_hardware.o
 .debug_abbrev  0x0000000000001a0b      0x32b ./system/src/cortexm/exception_handlers.o
 .debug_abbrev  0x0000000000001d36       0x12 ./system/src/cmsis/startup_stm32f411xe.o
 .debug_abbrev  0x0000000000001d48      0x206 ./src/_write.o
 .debug_abbrev  0x0000000000001f4e      0x2c4 ./src/main.o
 .debug_abbrev  0x0000000000002212      0x20b ./src/stm32f4xx_hal_msp.o
 .debug_abbrev  0x000000000000241d      0x1e0 ./src/stm32f4xx_it.o
 .debug_abbrev  0x00000000000025fd      0x111 ./src/system_stm32f4xx.o

.debug_line     0x0000000000000000     0x522b
 *(.debug_line)
 .debug_line    0x0000000000000000      0x705 ./system/src/stm32f4xx/stm32f4xx_hal.o
 .debug_line    0x0000000000000705      0x7a1 ./system/src/stm32f4xx/stm32f4xx_hal_cortex.o
 .debug_line    0x0000000000000ea6      0x6cb ./system/src/stm32f4xx/stm32f4xx_hal_gpio.o
 .debug_line    0x0000000000001571      0x7d4 ./system/src/stm32f4xx/stm32f4xx_hal_rcc.o
 .debug_line    0x0000000000001d45      0x30f ./system/src/newlib/_exit.o
 .debug_line    0x0000000000002054      0x2c3 ./system/src/newlib/_sbrk.o
 .debug_line    0x0000000000002317      0x386 ./system/src/newlib/_startup.o
 .debug_line    0x000000000000269d      0x531 ./system/src/newlib/_syscalls.o
 .debug_line    0x0000000000002bce      0x38b ./system/src/diag/Trace.o
 .debug_line    0x0000000000002f59      0x427 ./system/src/diag/trace_impl.o
 .debug_line    0x0000000000003380      0x297 ./system/src/cortexm/_initialize_hardware.o
 .debug_line    0x0000000000003617      0x4e9 ./system/src/cortexm/exception_handlers.o
 .debug_line    0x0000000000003b00       0x88 ./system/src/cmsis/startup_stm32f411xe.o
 .debug_line    0x0000000000003b88      0x2e6 ./src/_write.o
 .debug_line    0x0000000000003e6e      0x64c ./src/main.o
 .debug_line    0x00000000000044ba      0x56d ./src/stm32f4xx_hal_msp.o
 .debug_line    0x0000000000004a27      0x574 ./src/stm32f4xx_it.o
 .debug_line    0x0000000000004f9b      0x290 ./src/system_stm32f4xx.o

.debug_frame    0x0000000000000000     0x1b1c
 *(.debug_frame)
 .debug_frame   0x0000000000000000      0x198 ./system/src/stm32f4xx/stm32f4xx_hal.o
 .debug_frame   0x0000000000000198      0x15c ./system/src/stm32f4xx/stm32f4xx_hal_cortex.o
 .debug_frame   0x00000000000002f4       0xd8 ./system/src/stm32f4xx/stm32f4xx_hal_gpio.o
 .debug_frame   0x00000000000003cc      0x180 ./system/src/stm32f4xx/stm32f4xx_hal_rcc.o
 .debug_frame   0x000000000000054c       0x38 ./system/src/newlib/_exit.o
 .debug_frame   0x0000000000000584       0x28 ./system/src/newlib/_sbrk.o
 .debug_frame   0x00000000000005ac       0x7c ./system/src/newlib/_startup.o
 .debug_frame   0x0000000000000628      0x230 ./system/src/newlib/_syscalls.o
 .debug_frame   0x0000000000000858       0x94 ./system/src/diag/Trace.o
 .debug_frame   0x00000000000008ec       0x64 ./system/src/diag/trace_impl.o
 .debug_frame   0x0000000000000950       0x40 ./system/src/cortexm/_initialize_hardware.o
 .debug_frame   0x0000000000000990      0x158 ./system/src/cortexm/exception_handlers.o
 .debug_frame   0x0000000000000ae8       0x28 ./src/_write.o
 .debug_frame   0x0000000000000b10       0x7c ./src/main.o
 .debug_frame   0x0000000000000b8c       0x28 ./src/stm32f4xx_hal_msp.o
 .debug_frame   0x0000000000000bb4       0x28 ./src/stm32f4xx_it.o
 .debug_frame   0x0000000000000bdc       0x30 ./src/system_stm32f4xx.o
 .debug_frame   0x0000000000000c0c       0x2c /home/jmiranda/STM32Toolchain/gcc-arm/bin/../lib/gcc/arm-none-eabi/7.2.1/thumb/v7e-m/libgcc.a(_aeabi_uldivmod.o)
 .debug_frame   0x0000000000000c38       0x34 /home/jmiranda/STM32Toolchain/gcc-arm/bin/../lib/gcc/arm-none-eabi/7.2.1/thumb/v7e-m/libgcc.a(_udivmoddi4.o)
 .debug_frame   0x0000000000000c6c       0x20 /home/jmiranda/STM32Toolchain/gcc-arm/bin/../lib/gcc/arm-none-eabi/7.2.1/../../../../arm-none-eabi/lib/thumb/v7e-m/libg_nano.a(lib_a-errno.o)
 .debug_frame   0x0000000000000c8c       0x3c /home/jmiranda/STM32Toolchain/gcc-arm/bin/../lib/gcc/arm-none-eabi/7.2.1/../../../../arm-none-eabi/lib/thumb/v7e-m/libg_nano.a(lib_a-fclose.o)
 .debug_frame   0x0000000000000cc8       0x68 /home/jmiranda/STM32Toolchain/gcc-arm/bin/../lib/gcc/arm-none-eabi/7.2.1/../../../../arm-none-eabi/lib/thumb/v7e-m/libg_nano.a(lib_a-fflush.o)
 .debug_frame   0x0000000000000d30      0x11c /home/jmiranda/STM32Toolchain/gcc-arm/bin/../lib/gcc/arm-none-eabi/7.2.1/../../../../arm-none-eabi/lib/thumb/v7e-m/libg_nano.a(lib_a-findfp.o)
 .debug_frame   0x0000000000000e4c       0x44 /home/jmiranda/STM32Toolchain/gcc-arm/bin/../lib/gcc/arm-none-eabi/7.2.1/../../../../arm-none-eabi/lib/thumb/v7e-m/libg_nano.a(lib_a-fopen.o)
 .debug_frame   0x0000000000000e90       0x30 /home/jmiranda/STM32Toolchain/gcc-arm/bin/../lib/gcc/arm-none-eabi/7.2.1/../../../../arm-none-eabi/lib/thumb/v7e-m/libg_nano.a(lib_a-fseek.o)
 .debug_frame   0x0000000000000ec0       0x44 /home/jmiranda/STM32Toolchain/gcc-arm/bin/../lib/gcc/arm-none-eabi/7.2.1/../../../../arm-none-eabi/lib/thumb/v7e-m/libg_nano.a(lib_a-fseeko.o)
 .debug_frame   0x0000000000000f04       0x54 /home/jmiranda/STM32Toolchain/gcc-arm/bin/../lib/gcc/arm-none-eabi/7.2.1/../../../../arm-none-eabi/lib/thumb/v7e-m/libg_nano.a(lib_a-fwalk.o)
 .debug_frame   0x0000000000000f58       0x4c /home/jmiranda/STM32Toolchain/gcc-arm/bin/../lib/gcc/arm-none-eabi/7.2.1/../../../../arm-none-eabi/lib/thumb/v7e-m/libg_nano.a(lib_a-fwrite.o)
 .debug_frame   0x0000000000000fa4       0x58 /home/jmiranda/STM32Toolchain/gcc-arm/bin/../lib/gcc/arm-none-eabi/7.2.1/../../../../arm-none-eabi/lib/thumb/v7e-m/libg_nano.a(lib_a-makebuf.o)
 .debug_frame   0x0000000000000ffc       0x28 /home/jmiranda/STM32Toolchain/gcc-arm/bin/../lib/gcc/arm-none-eabi/7.2.1/../../../../arm-none-eabi/lib/thumb/v7e-m/libg_nano.a(lib_a-memcpy-stub.o)
 .debug_frame   0x0000000000001024       0x20 /home/jmiranda/STM32Toolchain/gcc-arm/bin/../lib/gcc/arm-none-eabi/7.2.1/../../../../arm-none-eabi/lib/thumb/v7e-m/libg_nano.a(lib_a-memset.o)
 .debug_frame   0x0000000000001044       0x38 /home/jmiranda/STM32Toolchain/gcc-arm/bin/../lib/gcc/arm-none-eabi/7.2.1/../../../../arm-none-eabi/lib/thumb/v7e-m/libg_nano.a(lib_a-nano-freer.o)
 .debug_frame   0x000000000000107c       0x2c /home/jmiranda/STM32Toolchain/gcc-arm/bin/../lib/gcc/arm-none-eabi/7.2.1/../../../../arm-none-eabi/lib/thumb/v7e-m/libg_nano.a(lib_a-nano-mallocr.o)
 .debug_frame   0x00000000000010a8       0x2c /home/jmiranda/STM32Toolchain/gcc-arm/bin/../lib/gcc/arm-none-eabi/7.2.1/../../../../arm-none-eabi/lib/thumb/v7e-m/libg_nano.a(lib_a-openr.o)
 .debug_frame   0x00000000000010d4       0x74 /home/jmiranda/STM32Toolchain/gcc-arm/bin/../lib/gcc/arm-none-eabi/7.2.1/../../../../arm-none-eabi/lib/thumb/v7e-m/libg_nano.a(lib_a-printf.o)
 .debug_frame   0x0000000000001148       0x3c /home/jmiranda/STM32Toolchain/gcc-arm/bin/../lib/gcc/arm-none-eabi/7.2.1/../../../../arm-none-eabi/lib/thumb/v7e-m/libg_nano.a(lib_a-puts.o)
 .debug_frame   0x0000000000001184       0x2c /home/jmiranda/STM32Toolchain/gcc-arm/bin/../lib/gcc/arm-none-eabi/7.2.1/../../../../arm-none-eabi/lib/thumb/v7e-m/libg_nano.a(lib_a-sbrkr.o)
 .debug_frame   0x00000000000011b0       0x74 /home/jmiranda/STM32Toolchain/gcc-arm/bin/../lib/gcc/arm-none-eabi/7.2.1/../../../../arm-none-eabi/lib/thumb/v7e-m/libg_nano.a(lib_a-scanf.o)
 .debug_frame   0x0000000000001224       0x6c /home/jmiranda/STM32Toolchain/gcc-arm/bin/../lib/gcc/arm-none-eabi/7.2.1/../../../../arm-none-eabi/lib/thumb/v7e-m/libg_nano.a(lib_a-sprintf.o)
 .debug_frame   0x0000000000001290       0x88 /home/jmiranda/STM32Toolchain/gcc-arm/bin/../lib/gcc/arm-none-eabi/7.2.1/../../../../arm-none-eabi/lib/thumb/v7e-m/libg_nano.a(lib_a-stdio.o)
 .debug_frame   0x0000000000001318       0x4c /home/jmiranda/STM32Toolchain/gcc-arm/bin/../lib/gcc/arm-none-eabi/7.2.1/../../../../arm-none-eabi/lib/thumb/v7e-m/libg_nano.a(lib_a-vsnprintf.o)
 .debug_frame   0x0000000000001364       0x40 /home/jmiranda/STM32Toolchain/gcc-arm/bin/../lib/gcc/arm-none-eabi/7.2.1/../../../../arm-none-eabi/lib/thumb/v7e-m/libg_nano.a(lib_a-wbuf.o)
 .debug_frame   0x00000000000013a4       0x2c /home/jmiranda/STM32Toolchain/gcc-arm/bin/../lib/gcc/arm-none-eabi/7.2.1/../../../../arm-none-eabi/lib/thumb/v7e-m/libg_nano.a(lib_a-writer.o)
 .debug_frame   0x00000000000013d0       0x2c /home/jmiranda/STM32Toolchain/gcc-arm/bin/../lib/gcc/arm-none-eabi/7.2.1/../../../../arm-none-eabi/lib/thumb/v7e-m/libg_nano.a(lib_a-wsetup.o)
 .debug_frame   0x00000000000013fc       0x2c /home/jmiranda/STM32Toolchain/gcc-arm/bin/../lib/gcc/arm-none-eabi/7.2.1/../../../../arm-none-eabi/lib/thumb/v7e-m/libg_nano.a(lib_a-closer.o)
 .debug_frame   0x0000000000001428       0x2c /home/jmiranda/STM32Toolchain/gcc-arm/bin/../lib/gcc/arm-none-eabi/7.2.1/../../../../arm-none-eabi/lib/thumb/v7e-m/libg_nano.a(lib_a-flags.o)
 .debug_frame   0x0000000000001454       0x2c /home/jmiranda/STM32Toolchain/gcc-arm/bin/../lib/gcc/arm-none-eabi/7.2.1/../../../../arm-none-eabi/lib/thumb/v7e-m/libg_nano.a(lib_a-fstatr.o)
 .debug_frame   0x0000000000001480       0x2c /home/jmiranda/STM32Toolchain/gcc-arm/bin/../lib/gcc/arm-none-eabi/7.2.1/../../../../arm-none-eabi/lib/thumb/v7e-m/libg_nano.a(lib_a-isattyr.o)
 .debug_frame   0x00000000000014ac       0x2c /home/jmiranda/STM32Toolchain/gcc-arm/bin/../lib/gcc/arm-none-eabi/7.2.1/../../../../arm-none-eabi/lib/thumb/v7e-m/libg_nano.a(lib_a-lseekr.o)
 .debug_frame   0x00000000000014d8       0x30 /home/jmiranda/STM32Toolchain/gcc-arm/bin/../lib/gcc/arm-none-eabi/7.2.1/../../../../arm-none-eabi/lib/thumb/v7e-m/libg_nano.a(lib_a-mlock.o)
 .debug_frame   0x0000000000001508       0x90 /home/jmiranda/STM32Toolchain/gcc-arm/bin/../lib/gcc/arm-none-eabi/7.2.1/../../../../arm-none-eabi/lib/thumb/v7e-m/libg_nano.a(lib_a-nano-svfprintf.o)
 .debug_frame   0x0000000000001598       0xac /home/jmiranda/STM32Toolchain/gcc-arm/bin/../lib/gcc/arm-none-eabi/7.2.1/../../../../arm-none-eabi/lib/thumb/v7e-m/libg_nano.a(lib_a-nano-vfprintf.o)
 .debug_frame   0x0000000000001644       0x60 /home/jmiranda/STM32Toolchain/gcc-arm/bin/../lib/gcc/arm-none-eabi/7.2.1/../../../../arm-none-eabi/lib/thumb/v7e-m/libg_nano.a(lib_a-nano-vfprintf_i.o)
 .debug_frame   0x00000000000016a4       0xac /home/jmiranda/STM32Toolchain/gcc-arm/bin/../lib/gcc/arm-none-eabi/7.2.1/../../../../arm-none-eabi/lib/thumb/v7e-m/libg_nano.a(lib_a-nano-vfscanf.o)
 .debug_frame   0x0000000000001750       0x60 /home/jmiranda/STM32Toolchain/gcc-arm/bin/../lib/gcc/arm-none-eabi/7.2.1/../../../../arm-none-eabi/lib/thumb/v7e-m/libg_nano.a(lib_a-nano-vfscanf_i.o)
 .debug_frame   0x00000000000017b0       0x2c /home/jmiranda/STM32Toolchain/gcc-arm/bin/../lib/gcc/arm-none-eabi/7.2.1/../../../../arm-none-eabi/lib/thumb/v7e-m/libg_nano.a(lib_a-readr.o)
 .debug_frame   0x00000000000017dc       0x40 /home/jmiranda/STM32Toolchain/gcc-arm/bin/../lib/gcc/arm-none-eabi/7.2.1/../../../../arm-none-eabi/lib/thumb/v7e-m/libg_nano.a(lib_a-refill.o)
 .debug_frame   0x000000000000181c       0x2c /home/jmiranda/STM32Toolchain/gcc-arm/bin/../lib/gcc/arm-none-eabi/7.2.1/../../../../arm-none-eabi/lib/thumb/v7e-m/libg_nano.a(lib_a-sccl.o)
 .debug_frame   0x0000000000001848       0x84 /home/jmiranda/STM32Toolchain/gcc-arm/bin/../lib/gcc/arm-none-eabi/7.2.1/../../../../arm-none-eabi/lib/thumb/v7e-m/libg_nano.a(lib_a-strtol.o)
 .debug_frame   0x00000000000018cc       0x84 /home/jmiranda/STM32Toolchain/gcc-arm/bin/../lib/gcc/arm-none-eabi/7.2.1/../../../../arm-none-eabi/lib/thumb/v7e-m/libg_nano.a(lib_a-strtoul.o)
 .debug_frame   0x0000000000001950       0x5c /home/jmiranda/STM32Toolchain/gcc-arm/bin/../lib/gcc/arm-none-eabi/7.2.1/../../../../arm-none-eabi/lib/thumb/v7e-m/libg_nano.a(lib_a-ungetc.o)
 .debug_frame   0x00000000000019ac       0x68 /home/jmiranda/STM32Toolchain/gcc-arm/bin/../lib/gcc/arm-none-eabi/7.2.1/../../../../arm-none-eabi/lib/thumb/v7e-m/libg_nano.a(lib_a-locale.o)
 .debug_frame   0x0000000000001a14       0x48 /home/jmiranda/STM32Toolchain/gcc-arm/bin/../lib/gcc/arm-none-eabi/7.2.1/../../../../arm-none-eabi/lib/thumb/v7e-m/libg_nano.a(lib_a-mbtowc_r.o)
 .debug_frame   0x0000000000001a5c       0x28 /home/jmiranda/STM32Toolchain/gcc-arm/bin/../lib/gcc/arm-none-eabi/7.2.1/../../../../arm-none-eabi/lib/thumb/v7e-m/libg_nano.a(lib_a-memmove.o)
 .debug_frame   0x0000000000001a84       0x3c /home/jmiranda/STM32Toolchain/gcc-arm/bin/../lib/gcc/arm-none-eabi/7.2.1/../../../../arm-none-eabi/lib/thumb/v7e-m/libg_nano.a(lib_a-nano-reallocr.o)
 .debug_frame   0x0000000000001ac0       0x3c /home/jmiranda/STM32Toolchain/gcc-arm/bin/../lib/gcc/arm-none-eabi/7.2.1/../../../../arm-none-eabi/lib/thumb/v7e-m/libg_nano.a(lib_a-wctomb_r.o)
 .debug_frame   0x0000000000001afc       0x20 /home/jmiranda/STM32Toolchain/gcc-arm/bin/../lib/gcc/arm-none-eabi/7.2.1/../../../../arm-none-eabi/lib/thumb/v7e-m/libg_nano.a(lib_a-nano-msizer.o)

.debug_str      0x0000000000000000    0x80d60
 *(.debug_str)
 .debug_str     0x0000000000000000    0x7d286 ./system/src/stm32f4xx/stm32f4xx_hal.o
                                      0x7d682 (size before relaxing)
 .debug_str     0x000000000007d286      0x3ac ./system/src/stm32f4xx/stm32f4xx_hal_cortex.o
                                      0x7d468 (size before relaxing)
 .debug_str     0x000000000007d632      0x286 ./system/src/stm32f4xx/stm32f4xx_hal_gpio.o
                                      0x7cf65 (size before relaxing)
 .debug_str     0x000000000007d8b8      0x35f ./system/src/stm32f4xx/stm32f4xx_hal_rcc.o
                                      0x7d116 (size before relaxing)
 .debug_str     0x000000000007dc17     0x10ff ./system/src/newlib/_exit.o
                                       0x7ea8 (size before relaxing)
 .debug_str     0x000000000007ed16      0x4f5 ./system/src/newlib/_sbrk.o
                                       0x725a (size before relaxing)
 .debug_str     0x000000000007f20b      0x260 ./system/src/newlib/_startup.o
                                       0x693c (size before relaxing)
 .debug_str     0x000000000007f46b     0x1094 ./system/src/newlib/_syscalls.o
                                       0x83db (size before relaxing)
 .debug_str     0x00000000000804ff      0x183 ./system/src/diag/Trace.o
                                       0x8620 (size before relaxing)
 .debug_str     0x0000000000080682      0x36d ./system/src/diag/trace_impl.o
                                      0x506a3 (size before relaxing)
 .debug_str     0x00000000000809ef       0x5e ./system/src/cortexm/_initialize_hardware.o
                                      0x4c924 (size before relaxing)
 .debug_str     0x0000000000080a4d      0x19d ./system/src/cortexm/exception_handlers.o
                                      0x518cb (size before relaxing)
 .debug_str     0x0000000000080bea       0x39 ./system/src/cmsis/startup_stm32f411xe.o
                                         0x79 (size before relaxing)
 .debug_str     0x0000000000080c23       0x10 ./src/_write.o
                                       0x8236 (size before relaxing)
 .debug_str     0x0000000000080c33       0x73 ./src/main.o
                                      0x7e35e (size before relaxing)
 .debug_str     0x0000000000080ca6       0x1b ./src/stm32f4xx_hal_msp.o
                                      0x7cf4f (size before relaxing)
 .debug_str     0x0000000000080cc1       0x28 ./src/stm32f4xx_it.o
                                      0x7cbbb (size before relaxing)
 .debug_str     0x0000000000080ce9       0x77 ./src/system_stm32f4xx.o
                                      0x4ca36 (size before relaxing)

.debug_loc      0x0000000000000000     0x1c4b
 *(.debug_loc)
 .debug_loc     0x0000000000000000       0x69 ./system/src/stm32f4xx/stm32f4xx_hal.o
 .debug_loc     0x0000000000000069      0x5ce ./system/src/stm32f4xx/stm32f4xx_hal_cortex.o
 .debug_loc     0x0000000000000637      0x469 ./system/src/stm32f4xx/stm32f4xx_hal_gpio.o
 .debug_loc     0x0000000000000aa0      0x383 ./system/src/stm32f4xx/stm32f4xx_hal_rcc.o
 .debug_loc     0x0000000000000e23       0x85 ./system/src/newlib/_sbrk.o
 .debug_loc     0x0000000000000ea8      0x1a9 ./system/src/newlib/_startup.o
 .debug_loc     0x0000000000001051      0x549 ./system/src/newlib/_syscalls.o
 .debug_loc     0x000000000000159a       0xf6 ./system/src/diag/Trace.o
 .debug_loc     0x0000000000001690      0x121 ./system/src/diag/trace_impl.o
 .debug_loc     0x00000000000017b1      0x291 ./system/src/cortexm/exception_handlers.o
 .debug_loc     0x0000000000001a42       0xad ./src/_write.o
 .debug_loc     0x0000000000001aef       0x1e ./src/main.o
 .debug_loc     0x0000000000001b0d      0x13e ./src/system_stm32f4xx.o

.debug_macinfo
 *(.debug_macinfo)

.debug_weaknames
 *(.debug_weaknames)

.debug_funcnames
 *(.debug_funcnames)

.debug_typenames
 *(.debug_typenames)

.debug_varnames
 *(.debug_varnames)
OUTPUT(nucleo-semihosting.elf elf32-littlearm)

.debug_ranges   0x0000000000000000      0x570
 .debug_ranges  0x0000000000000000       0xb8 ./system/src/stm32f4xx/stm32f4xx_hal.o
 .debug_ranges  0x00000000000000b8       0xf8 ./system/src/stm32f4xx/stm32f4xx_hal_cortex.o
 .debug_ranges  0x00000000000001b0       0x48 ./system/src/stm32f4xx/stm32f4xx_hal_gpio.o
 .debug_ranges  0x00000000000001f8       0x78 ./system/src/stm32f4xx/stm32f4xx_hal_rcc.o
 .debug_ranges  0x0000000000000270       0x18 ./system/src/newlib/_exit.o
 .debug_ranges  0x0000000000000288       0x10 ./system/src/newlib/_sbrk.o
 .debug_ranges  0x0000000000000298       0x78 ./system/src/newlib/_startup.o
 .debug_ranges  0x0000000000000310       0xc0 ./system/src/newlib/_syscalls.o
 .debug_ranges  0x00000000000003d0       0x28 ./system/src/diag/Trace.o
 .debug_ranges  0x00000000000003f8       0x50 ./system/src/diag/trace_impl.o
 .debug_ranges  0x0000000000000448       0x18 ./system/src/cortexm/_initialize_hardware.o
 .debug_ranges  0x0000000000000460       0x80 ./system/src/cortexm/exception_handlers.o
 .debug_ranges  0x00000000000004e0       0x20 ./system/src/cmsis/startup_stm32f411xe.o
 .debug_ranges  0x0000000000000500       0x10 ./src/_write.o
 .debug_ranges  0x0000000000000510       0x28 ./src/main.o
 .debug_ranges  0x0000000000000538       0x10 ./src/stm32f4xx_hal_msp.o
 .debug_ranges  0x0000000000000548       0x10 ./src/stm32f4xx_it.o
 .debug_ranges  0x0000000000000558       0x18 ./src/system_stm32f4xx.o

.debug_macro    0x0000000000000000    0x16a23
 .debug_macro   0x0000000000000000      0x35e ./system/src/stm32f4xx/stm32f4xx_hal.o
 .debug_macro   0x000000000000035e      0xa5a ./system/src/stm32f4xx/stm32f4xx_hal.o
 .debug_macro   0x0000000000000db8       0x64 ./system/src/stm32f4xx/stm32f4xx_hal.o
 .debug_macro   0x0000000000000e1c      0x174 ./system/src/stm32f4xx/stm32f4xx_hal.o
 .debug_macro   0x0000000000000f90       0x32 ./system/src/stm32f4xx/stm32f4xx_hal.o
 .debug_macro   0x0000000000000fc2       0x28 ./system/src/stm32f4xx/stm32f4xx_hal.o
 .debug_macro   0x0000000000000fea       0x22 ./system/src/stm32f4xx/stm32f4xx_hal.o
 .debug_macro   0x000000000000100c       0x87 ./system/src/stm32f4xx/stm32f4xx_hal.o
 .debug_macro   0x0000000000001093       0x51 ./system/src/stm32f4xx/stm32f4xx_hal.o
 .debug_macro   0x00000000000010e4       0xef ./system/src/stm32f4xx/stm32f4xx_hal.o
 .debug_macro   0x00000000000011d3       0x6a ./system/src/stm32f4xx/stm32f4xx_hal.o
 .debug_macro   0x000000000000123d      0x1df ./system/src/stm32f4xx/stm32f4xx_hal.o
 .debug_macro   0x000000000000141c       0x35 ./system/src/stm32f4xx/stm32f4xx_hal.o
 .debug_macro   0x0000000000001451       0x50 ./system/src/stm32f4xx/stm32f4xx_hal.o
 .debug_macro   0x00000000000014a1      0xe66 ./system/src/stm32f4xx/stm32f4xx_hal.o
 .debug_macro   0x0000000000002307     0xb803 ./system/src/stm32f4xx/stm32f4xx_hal.o
 .debug_macro   0x000000000000db0a       0x43 ./system/src/stm32f4xx/stm32f4xx_hal.o
 .debug_macro   0x000000000000db4d     0x3535 ./system/src/stm32f4xx/stm32f4xx_hal.o
 .debug_macro   0x0000000000011082       0x58 ./system/src/stm32f4xx/stm32f4xx_hal.o
 .debug_macro   0x00000000000110da       0x17 ./system/src/stm32f4xx/stm32f4xx_hal.o
 .debug_macro   0x00000000000110f1       0x35 ./system/src/stm32f4xx/stm32f4xx_hal.o
 .debug_macro   0x0000000000011126       0x9c ./system/src/stm32f4xx/stm32f4xx_hal.o
 .debug_macro   0x00000000000111c2       0x16 ./system/src/stm32f4xx/stm32f4xx_hal.o
 .debug_macro   0x00000000000111d8       0x97 ./system/src/stm32f4xx/stm32f4xx_hal.o
 .debug_macro   0x000000000001126f      0x330 ./system/src/stm32f4xx/stm32f4xx_hal.o
 .debug_macro   0x000000000001159f       0xfd ./system/src/stm32f4xx/stm32f4xx_hal.o
 .debug_macro   0x000000000001169c       0x10 ./system/src/stm32f4xx/stm32f4xx_hal.o
 .debug_macro   0x00000000000116ac       0x58 ./system/src/stm32f4xx/stm32f4xx_hal.o
 .debug_macro   0x0000000000011704       0x1f ./system/src/stm32f4xx/stm32f4xx_hal.o
 .debug_macro   0x0000000000011723       0x43 ./system/src/stm32f4xx/stm32f4xx_hal.o
 .debug_macro   0x0000000000011766       0x20 ./system/src/stm32f4xx/stm32f4xx_hal.o
 .debug_macro   0x0000000000011786      0x18e ./system/src/stm32f4xx/stm32f4xx_hal.o
 .debug_macro   0x0000000000011914       0x10 ./system/src/stm32f4xx/stm32f4xx_hal.o
 .debug_macro   0x0000000000011924       0x1c ./system/src/stm32f4xx/stm32f4xx_hal.o
 .debug_macro   0x0000000000011940       0x52 ./system/src/stm32f4xx/stm32f4xx_hal.o
 .debug_macro   0x0000000000011992       0x40 ./system/src/stm32f4xx/stm32f4xx_hal.o
 .debug_macro   0x00000000000119d2       0x10 ./system/src/stm32f4xx/stm32f4xx_hal.o
 .debug_macro   0x00000000000119e2       0x40 ./system/src/stm32f4xx/stm32f4xx_hal.o
 .debug_macro   0x0000000000011a22       0xd7 ./system/src/stm32f4xx/stm32f4xx_hal.o
 .debug_macro   0x0000000000011af9       0x1c ./system/src/stm32f4xx/stm32f4xx_hal.o
 .debug_macro   0x0000000000011b15       0x3d ./system/src/stm32f4xx/stm32f4xx_hal.o
 .debug_macro   0x0000000000011b52       0x16 ./system/src/stm32f4xx/stm32f4xx_hal.o
 .debug_macro   0x0000000000011b68      0x16f ./system/src/stm32f4xx/stm32f4xx_hal.o
 .debug_macro   0x0000000000011cd7       0x56 ./system/src/stm32f4xx/stm32f4xx_hal.o
 .debug_macro   0x0000000000011d2d      0x447 ./system/src/stm32f4xx/stm32f4xx_hal.o
 .debug_macro   0x0000000000012174      0x9e6 ./system/src/stm32f4xx/stm32f4xx_hal.o
 .debug_macro   0x0000000000012b5a      0x11e ./system/src/stm32f4xx/stm32f4xx_hal.o
 .debug_macro   0x0000000000012c78      0x11b ./system/src/stm32f4xx/stm32f4xx_hal.o
 .debug_macro   0x0000000000012d93       0x27 ./system/src/stm32f4xx/stm32f4xx_hal.o
 .debug_macro   0x0000000000012dba      0x287 ./system/src/stm32f4xx/stm32f4xx_hal.o
 .debug_macro   0x0000000000013041       0x5f ./system/src/stm32f4xx/stm32f4xx_hal.o
 .debug_macro   0x00000000000130a0      0x23a ./system/src/stm32f4xx/stm32f4xx_hal.o
 .debug_macro   0x00000000000132da      0x13a ./system/src/stm32f4xx/stm32f4xx_hal.o
 .debug_macro   0x0000000000013414      0x264 ./system/src/stm32f4xx/stm32f4xx_hal.o
 .debug_macro   0x0000000000013678       0x2e ./system/src/stm32f4xx/stm32f4xx_hal.o
 .debug_macro   0x00000000000136a6      0x11e ./system/src/stm32f4xx/stm32f4xx_hal.o
 .debug_macro   0x00000000000137c4       0x85 ./system/src/stm32f4xx/stm32f4xx_hal.o
 .debug_macro   0x0000000000013849       0x89 ./system/src/stm32f4xx/stm32f4xx_hal.o
 .debug_macro   0x00000000000138d2      0x11e ./system/src/stm32f4xx/stm32f4xx_hal.o
 .debug_macro   0x00000000000139f0      0x2fe ./system/src/stm32f4xx/stm32f4xx_hal_cortex.o
 .debug_macro   0x0000000000013cee      0x336 ./system/src/stm32f4xx/stm32f4xx_hal_gpio.o
 .debug_macro   0x0000000000014024      0x322 ./system/src/stm32f4xx/stm32f4xx_hal_rcc.o
 .debug_macro   0x0000000000014346      0x1b4 ./system/src/newlib/_exit.o
 .debug_macro   0x00000000000144fa      0x10e ./system/src/newlib/_exit.o
 .debug_macro   0x0000000000014608       0x8d ./system/src/newlib/_exit.o
 .debug_macro   0x0000000000014695       0x35 ./system/src/newlib/_exit.o
 .debug_macro   0x00000000000146ca      0x169 ./system/src/newlib/_sbrk.o
 .debug_macro   0x0000000000014833      0x174 ./system/src/newlib/_sbrk.o