Archive member included to satisfy reference by file (symbol)

/home/jmiranda/STM32Toolchain/gcc-arm/bin/../lib/gcc/arm-none-eabi/7.2.1/../../../../arm-none-eabi/lib/thumb/v7e-m/libg_nano.a(lib_a-errno.o)
                              ./system/src/newlib/_sbrk.o (__errno)
/home/jmiranda/STM32Toolchain/gcc-arm/bin/../lib/gcc/arm-none-eabi/7.2.1/../../../../arm-none-eabi/lib/thumb/v7e-m/libg_nano.a(lib_a-impure.o)
                              /home/jmiranda/STM32Toolchain/gcc-arm/bin/../lib/gcc/arm-none-eabi/7.2.1/../../../../arm-none-eabi/lib/thumb/v7e-m/libg_nano.a(lib_a-errno.o) (_impure_ptr)
/home/jmiranda/STM32Toolchain/gcc-arm/bin/../lib/gcc/arm-none-eabi/7.2.1/../../../../arm-none-eabi/lib/thumb/v7e-m/libg_nano.a(lib_a-strlen.o)
                              ./system/src/diag/Trace.o (strlen)
/home/jmiranda/STM32Toolchain/gcc-arm/bin/../lib/gcc/arm-none-eabi/7.2.1/../../../../arm-none-eabi/lib/thumb/v7e-m/libg_nano.a(lib_a-vsnprintf.o)
                              ./system/src/diag/Trace.o (vsnprintf)
/home/jmiranda/STM32Toolchain/gcc-arm/bin/../lib/gcc/arm-none-eabi/7.2.1/../../../../arm-none-eabi/lib/thumb/v7e-m/libg_nano.a(lib_a-nano-svfprintf.o)
                              /home/jmiranda/STM32Toolchain/gcc-arm/bin/../lib/gcc/arm-none-eabi/7.2.1/../../../../arm-none-eabi/lib/thumb/v7e-m/libg_nano.a(lib_a-vsnprintf.o) (_svfprintf_r)
/home/jmiranda/STM32Toolchain/gcc-arm/bin/../lib/gcc/arm-none-eabi/7.2.1/../../../../arm-none-eabi/lib/thumb/v7e-m/libg_nano.a(lib_a-nano-vfprintf_i.o)
                              /home/jmiranda/STM32Toolchain/gcc-arm/bin/../lib/gcc/arm-none-eabi/7.2.1/../../../../arm-none-eabi/lib/thumb/v7e-m/libg_nano.a(lib_a-nano-svfprintf.o) (_printf_i)
/home/jmiranda/STM32Toolchain/gcc-arm/bin/../lib/gcc/arm-none-eabi/7.2.1/../../../../arm-none-eabi/lib/thumb/v7e-m/libg_nano.a(lib_a-memchr.o)
                              /home/jmiranda/STM32Toolchain/gcc-arm/bin/../lib/gcc/arm-none-eabi/7.2.1/../../../../arm-none-eabi/lib/thumb/v7e-m/libg_nano.a(lib_a-nano-svfprintf.o) (memchr)
/home/jmiranda/STM32Toolchain/gcc-arm/bin/../lib/gcc/arm-none-eabi/7.2.1/../../../../arm-none-eabi/lib/thumb/v7e-m/libg_nano.a(lib_a-memcpy-stub.o)
                              /home/jmiranda/STM32Toolchain/gcc-arm/bin/../lib/gcc/arm-none-eabi/7.2.1/../../../../arm-none-eabi/lib/thumb/v7e-m/libg_nano.a(lib_a-nano-svfprintf.o) (memcpy)
/home/jmiranda/STM32Toolchain/gcc-arm/bin/../lib/gcc/arm-none-eabi/7.2.1/../../../../arm-none-eabi/lib/thumb/v7e-m/libg_nano.a(lib_a-memmove.o)
                              /home/jmiranda/STM32Toolchain/gcc-arm/bin/../lib/gcc/arm-none-eabi/7.2.1/../../../../arm-none-eabi/lib/thumb/v7e-m/libg_nano.a(lib_a-nano-svfprintf.o) (memmove)
/home/jmiranda/STM32Toolchain/gcc-arm/bin/../lib/gcc/arm-none-eabi/7.2.1/../../../../arm-none-eabi/lib/thumb/v7e-m/libg_nano.a(lib_a-nano-freer.o)
                              /home/jmiranda/STM32Toolchain/gcc-arm/bin/../lib/gcc/arm-none-eabi/7.2.1/../../../../arm-none-eabi/lib/thumb/v7e-m/libg_nano.a(lib_a-nano-svfprintf.o) (_free_r)
/home/jmiranda/STM32Toolchain/gcc-arm/bin/../lib/gcc/arm-none-eabi/7.2.1/../../../../arm-none-eabi/lib/thumb/v7e-m/libg_nano.a(lib_a-nano-mallocr.o)
                              /home/jmiranda/STM32Toolchain/gcc-arm/bin/../lib/gcc/arm-none-eabi/7.2.1/../../../../arm-none-eabi/lib/thumb/v7e-m/libg_nano.a(lib_a-nano-svfprintf.o) (_malloc_r)
/home/jmiranda/STM32Toolchain/gcc-arm/bin/../lib/gcc/arm-none-eabi/7.2.1/../../../../arm-none-eabi/lib/thumb/v7e-m/libg_nano.a(lib_a-nano-reallocr.o)
                              /home/jmiranda/STM32Toolchain/gcc-arm/bin/../lib/gcc/arm-none-eabi/7.2.1/../../../../arm-none-eabi/lib/thumb/v7e-m/libg_nano.a(lib_a-nano-svfprintf.o) (_realloc_r)
/home/jmiranda/STM32Toolchain/gcc-arm/bin/../lib/gcc/arm-none-eabi/7.2.1/../../../../arm-none-eabi/lib/thumb/v7e-m/libg_nano.a(lib_a-sbrkr.o)
                              /home/jmiranda/STM32Toolchain/gcc-arm/bin/../lib/gcc/arm-none-eabi/7.2.1/../../../../arm-none-eabi/lib/thumb/v7e-m/libg_nano.a(lib_a-nano-mallocr.o) (_sbrk_r)
/home/jmiranda/STM32Toolchain/gcc-arm/bin/../lib/gcc/arm-none-eabi/7.2.1/../../../../arm-none-eabi/lib/thumb/v7e-m/libg_nano.a(lib_a-mlock.o)
                              /home/jmiranda/STM32Toolchain/gcc-arm/bin/../lib/gcc/arm-none-eabi/7.2.1/../../../../arm-none-eabi/lib/thumb/v7e-m/libg_nano.a(lib_a-nano-freer.o) (__malloc_lock)
/home/jmiranda/STM32Toolchain/gcc-arm/bin/../lib/gcc/arm-none-eabi/7.2.1/../../../../arm-none-eabi/lib/thumb/v7e-m/libg_nano.a(lib_a-nano-msizer.o)
                              /home/jmiranda/STM32Toolchain/gcc-arm/bin/../lib/gcc/arm-none-eabi/7.2.1/../../../../arm-none-eabi/lib/thumb/v7e-m/libg_nano.a(lib_a-nano-reallocr.o) (_malloc_usable_size_r)

Allocating common symbols
Common symbol       size              file

timer_delayCount    0x4               ./src/Timer.o
errno               0x4               ./system/src/newlib/_syscalls.o
[...]
Memory Configuration

Name             Origin             Length             Attributes
RAM              0x0000000020000000 0x0000000000020000 xrw
CCMRAM           0x0000000010000000 0x0000000000010000 xrw
FLASH            0x0000000008000000 0x0000000000080000 xr
FLASHB1          0x0000000000000000 0x0000000000000000 xr
EXTMEMB0         0x0000000000000000 0x0000000000000000 xr
EXTMEMB1         0x0000000000000000 0x0000000000000000 xr
EXTMEMB2         0x0000000000000000 0x0000000000000000 xr
EXTMEMB3         0x0000000000000000 0x0000000000000000 xr
MEMORY_ARRAY     0x0000000020002000 0x0000000000000020 xrw
*default*        0x0000000000000000 0xffffffffffffffff

Linker script and memory map

LOAD ./system/src/stm32f4-hal/stm32f4xx_hal.o
LOAD ./system/src/stm32f4-hal/stm32f4xx_hal_cortex.o
LOAD ./system/src/stm32f4-hal/stm32f4xx_hal_dfsdm.o
LOAD ./system/src/stm32f4-hal/stm32f4xx_hal_flash.o
LOAD ./system/src/stm32f4-hal/stm32f4xx_hal_gpio.o
LOAD ./system/src/stm32f4-hal/stm32f4xx_hal_iwdg.o
LOAD ./system/src/stm32f4-hal/stm32f4xx_hal_pwr.o
LOAD ./system/src/stm32f4-hal/stm32f4xx_hal_rcc.o
LOAD ./system/src/newlib/_cxx.o
LOAD ./system/src/newlib/_exit.o
LOAD ./system/src/newlib/_sbrk.o
LOAD ./system/src/newlib/_startup.o
LOAD ./system/src/newlib/_syscalls.o
LOAD ./system/src/newlib/assert.o
LOAD ./system/src/diag/Trace.o
LOAD ./system/src/diag/trace_impl.o
LOAD ./system/src/cortexm/_initialize_hardware.o
LOAD ./system/src/cortexm/_reset_hardware.o
LOAD ./system/src/cortexm/exception_handlers.o
LOAD ./system/src/cmsis/system_stm32f4xx.o
LOAD ./system/src/cmsis/vectors_stm32f411xe.o
LOAD ./src/BlinkLed.o
LOAD ./src/Timer.o
LOAD ./src/_initialize_hardware.o
LOAD ./src/_write.o
LOAD ./src/main.o
LOAD ./src/stm32f4xx_hal_msp.o
LOAD /home/jmiranda/STM32Toolchain/gcc-arm/bin/../lib/gcc/arm-none-eabi/7.2.1/../../../../arm-none-eabi/lib/thumb/v7e-m/libstdc++_nano.a
LOAD /home/jmiranda/STM32Toolchain/gcc-arm/bin/../lib/gcc/arm-none-eabi/7.2.1/../../../../arm-none-eabi/lib/thumb/v7e-m/libm.a
START GROUP
LOAD /home/jmiranda/STM32Toolchain/gcc-arm/bin/../lib/gcc/arm-none-eabi/7.2.1/thumb/v7e-m/libgcc.a
LOAD /home/jmiranda/STM32Toolchain/gcc-arm/bin/../lib/gcc/arm-none-eabi/7.2.1/../../../../arm-none-eabi/lib/thumb/v7e-m/libg_nano.a
LOAD /home/jmiranda/STM32Toolchain/gcc-arm/bin/../lib/gcc/arm-none-eabi/7.2.1/../../../../arm-none-eabi/lib/thumb/v7e-m/libc_nano.a
END GROUP
START GROUP
LOAD /home/jmiranda/STM32Toolchain/gcc-arm/bin/../lib/gcc/arm-none-eabi/7.2.1/thumb/v7e-m/libgcc.a
LOAD /home/jmiranda/STM32Toolchain/gcc-arm/bin/../lib/gcc/arm-none-eabi/7.2.1/../../../../arm-none-eabi/lib/thumb/v7e-m/libc_nano.a
END GROUP
                0x0000000020020000                __stack = (ORIGIN (RAM) + LENGTH (RAM))
                0x0000000020020000                _estack = __stack
                0x0000000000000400                __Main_Stack_Size = 0x400
                [!provide]                        PROVIDE (_Main_Stack_Size, __Main_Stack_Size)
                0x000000002001fc00                __Main_Stack_Limit = (__stack - __Main_Stack_Size)
                [!provide]                        PROVIDE (_Main_Stack_Limit, __Main_Stack_Limit)
                0x0000000000000100                _Minimum_Stack_Size = 0x100
                0x000000002000011c                PROVIDE (_Heap_Begin, _end_noinit)
                0x000000002001fc00                PROVIDE (_Heap_Limit, (__stack - __Main_Stack_Size))

.isr_vector     0x0000000008000000      0x3f8
 FILL mask 0xff
                0x0000000008000000                __vectors_start = ABSOLUTE (.)
                0x0000000008000000                __vectors_start__ = ABSOLUTE (.)
 *(.isr_vector)
 .isr_vector    0x0000000008000000      0x198 ./system/src/cmsis/vectors_stm32f411xe.o
                0x0000000008000000                __isr_vectors
 *(.cfmconfig)
 *(.after_vectors .after_vectors.*)
 .after_vectors
                0x0000000008000198      0x130 ./system/src/newlib/_startup.o
                0x0000000008000198                _start
 .after_vectors
                0x00000000080002c8      0x12c ./system/src/cortexm/exception_handlers.o
                0x00000000080002c8                Reset_Handler
                0x00000000080002ce                NMI_Handler
                0x00000000080002d2                HardFault_Handler
                0x00000000080002e6                HardFault_Handler_C
                0x0000000008000344                MemManage_Handler
                0x0000000008000348                BusFault_Handler
                0x000000000800035c                BusFault_Handler_C
                0x0000000008000390                UsageFault_Handler
                0x00000000080003a4                UsageFault_Handler_C
                0x00000000080003d8                SVC_Handler
                0x00000000080003dc                DebugMon_Handler
                0x00000000080003e0                PendSV_Handler
 .after_vectors
                0x00000000080003f4        0x4 ./system/src/cmsis/vectors_stm32f411xe.o
                0x00000000080003f4                RTC_Alarm_IRQHandler
                0x00000000080003f4                EXTI2_IRQHandler
                0x00000000080003f4                SPI4_IRQHandler
                0x00000000080003f4                TIM1_CC_IRQHandler
                0x00000000080003f4                DMA2_Stream5_IRQHandler
                0x00000000080003f4                DMA1_Stream5_IRQHandler
                0x00000000080003f4                PVD_IRQHandler
                0x00000000080003f4                SDIO_IRQHandler
                0x00000000080003f4                TAMP_STAMP_IRQHandler
                0x00000000080003f4                EXTI3_IRQHandler
                0x00000000080003f4                TIM1_UP_TIM10_IRQHandler
                0x00000000080003f4                I2C3_ER_IRQHandler
                0x00000000080003f4                EXTI0_IRQHandler
                0x00000000080003f4                I2C2_EV_IRQHandler
                0x00000000080003f4                DMA1_Stream2_IRQHandler
                0x00000000080003f4                FPU_IRQHandler
                0x00000000080003f4                DMA2_Stream2_IRQHandler
                0x00000000080003f4                SPI1_IRQHandler
                0x00000000080003f4                TIM1_BRK_TIM9_IRQHandler
                0x00000000080003f4                DMA2_Stream3_IRQHandler
                0x00000000080003f4                USART6_IRQHandler
                0x00000000080003f4                DMA2_Stream0_IRQHandler
                0x00000000080003f4                TIM4_IRQHandler
                0x00000000080003f4                I2C1_EV_IRQHandler
                0x00000000080003f4                DMA1_Stream6_IRQHandler
                0x00000000080003f4                DMA1_Stream1_IRQHandler
                0x00000000080003f4                TIM3_IRQHandler
                0x00000000080003f4                RCC_IRQHandler
                0x00000000080003f4                Default_Handler
                0x00000000080003f4                EXTI15_10_IRQHandler
                0x00000000080003f4                ADC_IRQHandler
                0x00000000080003f4                DMA1_Stream7_IRQHandler
                0x00000000080003f4                SPI5_IRQHandler
                0x00000000080003f4                TIM5_IRQHandler
                0x00000000080003f4                DMA2_Stream7_IRQHandler
                0x00000000080003f4                I2C3_EV_IRQHandler
                0x00000000080003f4                EXTI9_5_IRQHandler
                0x00000000080003f4                RTC_WKUP_IRQHandler
                0x00000000080003f4                SPI2_IRQHandler
                0x00000000080003f4                DMA1_Stream0_IRQHandler
                0x00000000080003f4                EXTI4_IRQHandler
                0x00000000080003f4                WWDG_IRQHandler
                0x00000000080003f4                TIM2_IRQHandler
                0x00000000080003f4                OTG_FS_WKUP_IRQHandler
                0x00000000080003f4                TIM1_TRG_COM_TIM11_IRQHandler
                0x00000000080003f4                EXTI1_IRQHandler
                0x00000000080003f4                USART2_IRQHandler
                0x00000000080003f4                I2C2_ER_IRQHandler
                0x00000000080003f4                DMA2_Stream1_IRQHandler
                0x00000000080003f4                FLASH_IRQHandler
                0x00000000080003f4                DMA2_Stream4_IRQHandler
                0x00000000080003f4                USART1_IRQHandler
                0x00000000080003f4                OTG_FS_IRQHandler
                0x00000000080003f4                SPI3_IRQHandler
                0x00000000080003f4                DMA1_Stream4_IRQHandler
                0x00000000080003f4                I2C1_ER_IRQHandler
                0x00000000080003f4                DMA2_Stream6_IRQHandler
                0x00000000080003f4                DMA1_Stream3_IRQHandler

.inits          0x00000000080003f8       0x28
                0x00000000080003f8                __data_regions_array_start = .
                0x00000000080003f8        0x4 LONG 0x8002090 LOADADDR (.data)
                0x00000000080003fc        0x4 LONG 0x20000000 ADDR (.data)
                0x0000000008000400        0x4 LONG 0x20000078 (ADDR (.data) + SIZEOF (.data))
                0x0000000008000404        0x4 LONG 0x8002090 LOADADDR (.data_CCMRAM)
                0x0000000008000408        0x4 LONG 0x10000000 ADDR (.data_CCMRAM)
                0x000000000800040c        0x4 LONG 0x10000000 (ADDR (.data_CCMRAM) + SIZEOF (.data_CCMRAM))
                0x0000000008000410                __data_regions_array_end = .
                0x0000000008000410                __bss_regions_array_start = .
                0x0000000008000410        0x4 LONG 0x20000078 ADDR (.bss)
                0x0000000008000414        0x4 LONG 0x2000011c (ADDR (.bss) + SIZEOF (.bss))
                0x0000000008000418        0x4 LONG 0x10000000 ADDR (.bss_CCMRAM)
                0x000000000800041c        0x4 LONG 0x10000000 (ADDR (.bss_CCMRAM) + SIZEOF (.bss_CCMRAM))
                0x0000000008000420                __bss_regions_array_end = .
 *(.init)
 *(.fini)
                0x0000000008000420                . = ALIGN (0x4)
                0x0000000008000420                PROVIDE (__preinit_array_start, .)
 *(.preinit_array_sysinit .preinit_array_sysinit.*)
 *(.preinit_array_platform .preinit_array_platform.*)
 *(.preinit_array .preinit_array.*)
                0x0000000008000420                PROVIDE (__preinit_array_end, .)
                0x0000000008000420                . = ALIGN (0x4)
                0x0000000008000420                PROVIDE (__init_array_start, .)
 *(SORT_BY_NAME(.init_array.*))
 *(.init_array)
                0x0000000008000420                PROVIDE (__init_array_end, .)
                0x0000000008000420                . = ALIGN (0x4)
                0x0000000008000420                PROVIDE (__fini_array_start, .)
 *(SORT_BY_NAME(.fini_array.*))
 *(.fini_array)
                0x0000000008000420                PROVIDE (__fini_array_end, .)

.flashtext
 *(.flashtext .flashtext.*)

.text           0x0000000008000420     0x1c6f
 *(.text .text.*)
 .text.HAL_InitTick
                0x0000000008000420       0x2c ./system/src/stm32f4-hal/stm32f4xx_hal.o
                0x0000000008000420                HAL_InitTick
 .text.HAL_Init
                0x000000000800044c       0x34 ./system/src/stm32f4-hal/stm32f4xx_hal.o
                0x000000000800044c                HAL_Init
 .text.HAL_IncTick
                0x0000000008000480       0x10 ./system/src/stm32f4-hal/stm32f4xx_hal.o
                0x0000000008000480                HAL_IncTick
 .text.HAL_GetTick
                0x0000000008000490        0xc ./system/src/stm32f4-hal/stm32f4xx_hal.o
                0x0000000008000490                HAL_GetTick
 .text.HAL_NVIC_SetPriorityGrouping
                0x000000000800049c       0x3c ./system/src/stm32f4-hal/stm32f4xx_hal_cortex.o
                0x000000000800049c                HAL_NVIC_SetPriorityGrouping
 .text.HAL_NVIC_SetPriority
                0x00000000080004d8       0x8c ./system/src/stm32f4-hal/stm32f4xx_hal_cortex.o
                0x00000000080004d8                HAL_NVIC_SetPriority
 .text.HAL_SYSTICK_Config
                0x0000000008000564       0x2c ./system/src/stm32f4-hal/stm32f4xx_hal_cortex.o
                0x0000000008000564                HAL_SYSTICK_Config
 .text.HAL_SYSTICK_CLKSourceConfig
                0x0000000008000590       0x3c ./system/src/stm32f4-hal/stm32f4xx_hal_cortex.o
                0x0000000008000590                HAL_SYSTICK_CLKSourceConfig
 .text.HAL_GPIO_Init
                0x00000000080005cc      0x2ac ./system/src/stm32f4-hal/stm32f4xx_hal_gpio.o
                0x00000000080005cc                HAL_GPIO_Init
 .text.HAL_GPIO_WritePin
                0x0000000008000878       0x38 ./system/src/stm32f4-hal/stm32f4xx_hal_gpio.o
                0x0000000008000878                HAL_GPIO_WritePin
 .text.HAL_RCC_OscConfig
                0x00000000080008b0      0x43c ./system/src/stm32f4-hal/stm32f4xx_hal_rcc.o
                0x00000000080008b0                HAL_RCC_OscConfig
 .text.HAL_RCC_GetSysClockFreq
                0x0000000008000cec       0x94 ./system/src/stm32f4-hal/stm32f4xx_hal_rcc.o
                0x0000000008000cec                HAL_RCC_GetSysClockFreq
 .text.HAL_RCC_ClockConfig
                0x0000000008000d80      0x258 ./system/src/stm32f4-hal/stm32f4xx_hal_rcc.o
                0x0000000008000d80                HAL_RCC_ClockConfig
 .text.HAL_RCC_GetHCLKFreq
                0x0000000008000fd8        0xc ./system/src/stm32f4-hal/stm32f4xx_hal_rcc.o
                0x0000000008000fd8                HAL_RCC_GetHCLKFreq
 .text._exit    0x0000000008000fe4        0x2 ./system/src/newlib/_exit.o
                0x0000000008000fe4                _exit
 *fill*         0x0000000008000fe6        0x2 
 .text.abort    0x0000000008000fe8       0x14 ./system/src/newlib/_exit.o
                0x0000000008000fe8                abort
 .text._sbrk    0x0000000008000ffc       0x44 ./system/src/newlib/_sbrk.o
                0x0000000008000ffc                _sbrk
 .text.__initialize_args
                0x0000000008001040       0x10 ./system/src/newlib/_syscalls.o
                0x0000000008001040                __initialize_args
 .text.assert_failed
                0x0000000008001050       0x14 ./system/src/newlib/assert.o
                0x0000000008001050                assert_failed
 .text.trace_printf
                0x0000000008001064       0x30 ./system/src/diag/Trace.o
                0x0000000008001064                trace_printf
 .text.trace_puts
                0x0000000008001094       0x20 ./system/src/diag/Trace.o
                0x0000000008001094                trace_puts
 .text._trace_write_semihosting_debug
                0x00000000080010b4       0x60 ./system/src/diag/trace_impl.o
 .text.trace_write
                0x0000000008001114        0x8 ./system/src/diag/trace_impl.o
                0x0000000008001114                trace_write
 .text.__initialize_hardware_early
                0x000000000800111c       0x18 ./system/src/cortexm/_initialize_hardware.o
                0x000000000800111c                __initialize_hardware_early
 .text.dumpExceptionStack
                0x0000000008001134       0xf4 ./system/src/cortexm/exception_handlers.o
                0x0000000008001134                dumpExceptionStack
 .text.isSemihosting
                0x0000000008001228       0x20 ./system/src/cortexm/exception_handlers.o
                0x0000000008001228                isSemihosting
 .text.SystemInit
                0x0000000008001248       0x40 ./system/src/cmsis/system_stm32f4xx.o
                0x0000000008001248                SystemInit
 .text.SystemCoreClockUpdate
                0x0000000008001288       0xa0 ./system/src/cmsis/system_stm32f4xx.o
                0x0000000008001288                SystemCoreClockUpdate
 .text.blink_led_init
                0x0000000008001328       0x3c ./src/BlinkLed.o
                0x0000000008001328                blink_led_init
 .text.timer_start
                0x0000000008001364       0x3c ./src/Timer.o
                0x0000000008001364                timer_start
 .text.timer_sleep
                0x00000000080013a0       0x14 ./src/Timer.o
                0x00000000080013a0                timer_sleep
 .text.timer_tick
                0x00000000080013b4       0x14 ./src/Timer.o
                0x00000000080013b4                timer_tick
 .text.SysTick_Handler
                0x00000000080013c8        0xc ./src/Timer.o
                0x00000000080013c8                SysTick_Handler
 .text.SystemClock_Config
                0x00000000080013d4       0x98 ./src/_initialize_hardware.o
                0x00000000080013d4                SystemClock_Config
 .text.__initialize_hardware
                0x000000000800146c       0x10 ./src/_initialize_hardware.o
                0x000000000800146c                __initialize_hardware
 .text.main     0x000000000800147c       0x64 ./src/main.o
                0x000000000800147c                main
 .text.HAL_MspInit
                0x00000000080014e0        0x2 ./src/stm32f4xx_hal_msp.o
                0x00000000080014e0                HAL_MspInit
 *fill*         0x00000000080014e2        0x2 
 .text.__errno  0x00000000080014e4        0xc /home/jmiranda/STM32Toolchain/gcc-arm/bin/../lib/gcc/arm-none-eabi/7.2.1/../../../../arm-none-eabi/lib/thumb/v7e-m/libg_nano.a(lib_a-errno.o)
                0x00000000080014e4                __errno
 .text          0x00000000080014f0       0x10 /home/jmiranda/STM32Toolchain/gcc-arm/bin/../lib/gcc/arm-none-eabi/7.2.1/../../../../arm-none-eabi/lib/thumb/v7e-m/libg_nano.a(lib_a-strlen.o)
                0x00000000080014f0                strlen
 .text._vsnprintf_r
                0x0000000008001500       0x58 /home/jmiranda/STM32Toolchain/gcc-arm/bin/../lib/gcc/arm-none-eabi/7.2.1/../../../../arm-none-eabi/lib/thumb/v7e-m/libg_nano.a(lib_a-vsnprintf.o)
                0x0000000008001500                _vsnprintf_r
                0x0000000008001500                _vsniprintf_r
 .text.vsnprintf
                0x0000000008001558       0x1c /home/jmiranda/STM32Toolchain/gcc-arm/bin/../lib/gcc/arm-none-eabi/7.2.1/../../../../arm-none-eabi/lib/thumb/v7e-m/libg_nano.a(lib_a-vsnprintf.o)
                0x0000000008001558                vsnprintf
                0x0000000008001558                vsniprintf
 .text.__ssputs_r
                0x0000000008001574       0xb4 /home/jmiranda/STM32Toolchain/gcc-arm/bin/../lib/gcc/arm-none-eabi/7.2.1/../../../../arm-none-eabi/lib/thumb/v7e-m/libg_nano.a(lib_a-nano-svfprintf.o)
                0x0000000008001574                __ssputs_r
 .text._svfprintf_r
                0x0000000008001628      0x1ec /home/jmiranda/STM32Toolchain/gcc-arm/bin/../lib/gcc/arm-none-eabi/7.2.1/../../../../arm-none-eabi/lib/thumb/v7e-m/libg_nano.a(lib_a-nano-svfprintf.o)
                0x0000000008001628                _svfprintf_r
                0x0000000008001628                _svfiprintf_r
 .text._printf_common
                0x0000000008001814       0xea /home/jmiranda/STM32Toolchain/gcc-arm/bin/../lib/gcc/arm-none-eabi/7.2.1/../../../../arm-none-eabi/lib/thumb/v7e-m/libg_nano.a(lib_a-nano-vfprintf_i.o)
                0x0000000008001814                _printf_common
 *fill*         0x00000000080018fe        0x2 
 .text._printf_i
                0x0000000008001900      0x224 /home/jmiranda/STM32Toolchain/gcc-arm/bin/../lib/gcc/arm-none-eabi/7.2.1/../../../../arm-none-eabi/lib/thumb/v7e-m/libg_nano.a(lib_a-nano-vfprintf_i.o)
                0x0000000008001900                _printf_i
 *fill*         0x0000000008001b24        0xc 
 .text          0x0000000008001b30       0xa0 /home/jmiranda/STM32Toolchain/gcc-arm/bin/../lib/gcc/arm-none-eabi/7.2.1/../../../../arm-none-eabi/lib/thumb/v7e-m/libg_nano.a(lib_a-memchr.o)
                0x0000000008001b30                memchr
 .text.memcpy   0x0000000008001bd0       0x16 /home/jmiranda/STM32Toolchain/gcc-arm/bin/../lib/gcc/arm-none-eabi/7.2.1/../../../../arm-none-eabi/lib/thumb/v7e-m/libg_nano.a(lib_a-memcpy-stub.o)
                0x0000000008001bd0                memcpy
 .text.memmove  0x0000000008001be6       0x32 /home/jmiranda/STM32Toolchain/gcc-arm/bin/../lib/gcc/arm-none-eabi/7.2.1/../../../../arm-none-eabi/lib/thumb/v7e-m/libg_nano.a(lib_a-memmove.o)
                0x0000000008001be6                memmove
 .text._free_r  0x0000000008001c18       0x9c /home/jmiranda/STM32Toolchain/gcc-arm/bin/../lib/gcc/arm-none-eabi/7.2.1/../../../../arm-none-eabi/lib/thumb/v7e-m/libg_nano.a(lib_a-nano-freer.o)
                0x0000000008001c18                _free_r
 .text._malloc_r
                0x0000000008001cb4       0xb4 /home/jmiranda/STM32Toolchain/gcc-arm/bin/../lib/gcc/arm-none-eabi/7.2.1/../../../../arm-none-eabi/lib/thumb/v7e-m/libg_nano.a(lib_a-nano-mallocr.o)
                0x0000000008001cb4                _malloc_r
 .text._realloc_r
                0x0000000008001d68       0x4c /home/jmiranda/STM32Toolchain/gcc-arm/bin/../lib/gcc/arm-none-eabi/7.2.1/../../../../arm-none-eabi/lib/thumb/v7e-m/libg_nano.a(lib_a-nano-reallocr.o)
                0x0000000008001d68                _realloc_r
 .text._sbrk_r  0x0000000008001db4       0x20 /home/jmiranda/STM32Toolchain/gcc-arm/bin/../lib/gcc/arm-none-eabi/7.2.1/../../../../arm-none-eabi/lib/thumb/v7e-m/libg_nano.a(lib_a-sbrkr.o)
                0x0000000008001db4                _sbrk_r
 .text.__malloc_lock
                0x0000000008001dd4        0x2 /home/jmiranda/STM32Toolchain/gcc-arm/bin/../lib/gcc/arm-none-eabi/7.2.1/../../../../arm-none-eabi/lib/thumb/v7e-m/libg_nano.a(lib_a-mlock.o)
                0x0000000008001dd4                __malloc_lock
 .text.__malloc_unlock
                0x0000000008001dd6        0x2 /home/jmiranda/STM32Toolchain/gcc-arm/bin/../lib/gcc/arm-none-eabi/7.2.1/../../../../arm-none-eabi/lib/thumb/v7e-m/libg_nano.a(lib_a-mlock.o)
                0x0000000008001dd6                __malloc_unlock
 .text._malloc_usable_size_r
                0x0000000008001dd8       0x10 /home/jmiranda/STM32Toolchain/gcc-arm/bin/../lib/gcc/arm-none-eabi/7.2.1/../../../../arm-none-eabi/lib/thumb/v7e-m/libg_nano.a(lib_a-nano-msizer.o)
                0x0000000008001dd8                _malloc_usable_size_r
 *(.rodata .rodata.* .constdata .constdata.*)
 .rodata.HAL_NVIC_SetPriorityGrouping.str1.4
                0x0000000008001de8       0x31 ./system/src/stm32f4-hal/stm32f4xx_hal_cortex.o
 *fill*         0x0000000008001e19        0x3 
 .rodata.HAL_GPIO_Init.str1.4
                0x0000000008001e1c       0x2f ./system/src/stm32f4-hal/stm32f4xx_hal_gpio.o
 *fill*         0x0000000008001e4b        0x1 
 .rodata.APBAHBPrescTable
                0x0000000008001e4c       0x10 ./system/src/stm32f4-hal/stm32f4xx_hal_rcc.o
                0x0000000008001e4c                APBAHBPrescTable
 .rodata.HAL_RCC_OscConfig.str1.4
                0x0000000008001e5c       0x2e ./system/src/stm32f4-hal/stm32f4xx_hal_rcc.o
 *fill*         0x0000000008001e8a        0x2 
 .rodata.abort.str1.4
                0x0000000008001e8c       0x14 ./system/src/newlib/_exit.o
 .rodata.assert_failed.str1.4
                0x0000000008001ea0       0x2b ./system/src/newlib/assert.o
 .rodata.trace_puts.str1.4
                0x0000000008001ecb       0x2b ./system/src/diag/Trace.o
                                          0x2 (size before relaxing)
 *fill*         0x0000000008001ecb        0x1 
 .rodata.dumpExceptionStack.str1.4
                0x0000000008001ecc      0x11a ./system/src/cortexm/exception_handlers.o
 *fill*         0x0000000008001fe6        0x2 
 .rodata.str1.4
                0x0000000008001fe8       0x2a ./system/src/cortexm/exception_handlers.o
 *fill*         0x0000000008002012        0x2 
 .rodata.AHBPrescTable
                0x0000000008002014       0x10 ./system/src/cmsis/system_stm32f4xx.o
                0x0000000008002014                AHBPrescTable
 .rodata.main.str1.4
                0x0000000008002024       0x38 ./src/main.o
                                         0x37 (size before relaxing)
 .rodata._svfprintf_r.str1.1
                0x000000000800205c       0x11 /home/jmiranda/STM32Toolchain/gcc-arm/bin/../lib/gcc/arm-none-eabi/7.2.1/../../../../arm-none-eabi/lib/thumb/v7e-m/libg_nano.a(lib_a-nano-svfprintf.o)
 .rodata._printf_i.str1.1
                0x000000000800206d       0x22 /home/jmiranda/STM32Toolchain/gcc-arm/bin/../lib/gcc/arm-none-eabi/7.2.1/../../../../arm-none-eabi/lib/thumb/v7e-m/libg_nano.a(lib_a-nano-vfprintf_i.o)
 *(vtable)
 *(.eh_frame*)
 *(.glue_7)
 .glue_7        0x000000000800208f        0x0 linker stubs
 *(.glue_7t)
 .glue_7t       0x000000000800208f        0x0 linker stubs

.vfp11_veneer   0x0000000008002090        0x0
 .vfp11_veneer  0x0000000008002090        0x0 linker stubs

.v4_bx          0x0000000008002090        0x0
 .v4_bx         0x0000000008002090        0x0 linker stubs

.iplt           0x0000000008002090        0x0
 .iplt          0x0000000008002090        0x0 ./system/src/stm32f4-hal/stm32f4xx_hal.o

.rel.dyn        0x0000000008002090        0x0
 .rel.iplt      0x0000000008002090        0x0 ./system/src/stm32f4-hal/stm32f4xx_hal.o

.ARM.extab
 *(.ARM.extab* .gnu.linkonce.armextab.*)
                0x0000000008002090                . = ALIGN (0x4)
                0x0000000008002090                __exidx_start = .

.ARM.exidx
 *(.ARM.exidx* .gnu.linkonce.armexidx.*)
                0x0000000008002090                __exidx_end = .
                0x0000000008002090                . = ALIGN (0x4)
                0x0000000008002090                _etext = .
                0x0000000008002090                __etext = .

.data_CCMRAM    0x0000000010000000        0x0 load address 0x0000000008002090
 FILL mask 0xff
 *(.data.CCMRAM .data.CCMRAM.*)
                0x0000000010000000                . = ALIGN (0x4)
                0x0000000008002090                _sidata = LOADADDR (.data)

.data           0x0000000020000000       0x78 load address 0x0000000008002090
 FILL mask 0xff
                0x0000000020000000                _sdata = .
                0x0000000020000000                __data_start__ = .
 *(.data_begin .data_begin.*)
 .data_begin    0x0000000020000000        0x4 ./system/src/newlib/_startup.o
 *(.data .data.*)
 .data.argv.4310
                0x0000000020000004        0x8 ./system/src/newlib/_syscalls.o
 .data.SystemCoreClock
                0x000000002000000c        0x4 ./system/src/cmsis/system_stm32f4xx.o
                0x000000002000000c                SystemCoreClock
 .data._impure_ptr
                0x0000000020000010        0x4 /home/jmiranda/STM32Toolchain/gcc-arm/bin/../lib/gcc/arm-none-eabi/7.2.1/../../../../arm-none-eabi/lib/thumb/v7e-m/libg_nano.a(lib_a-impure.o)
                0x0000000020000010                _impure_ptr
 .data.impure_data
                0x0000000020000014       0x60 /home/jmiranda/STM32Toolchain/gcc-arm/bin/../lib/gcc/arm-none-eabi/7.2.1/../../../../arm-none-eabi/lib/thumb/v7e-m/libg_nano.a(lib_a-impure.o)
 *(.data_end .data_end.*)
 .data_end      0x0000000020000074        0x4 ./system/src/newlib/_startup.o
                0x0000000020000078                . = ALIGN (0x4)
                0x0000000020000078                _edata = .
                0x0000000020000078                __data_end__ = .

.igot.plt       0x0000000020000078        0x0 load address 0x0000000008002108
 .igot.plt      0x0000000020000078        0x0 ./system/src/stm32f4-hal/stm32f4xx_hal.o

.bss_CCMRAM     0x0000000010000000        0x0
 *(.bss.CCMRAM .bss.CCMRAM.*)

.bss            0x0000000020000078       0xa4
                0x0000000020000078                __bss_start__ = .
                0x0000000020000078                _sbss = .
 *(.bss_begin .bss_begin.*)
 .bss_begin     0x0000000020000078        0x4 ./system/src/newlib/_startup.o
 *(.bss .bss.*)
 .bss.current_heap_end.3961
                0x000000002000007c        0x4 ./system/src/newlib/_sbrk.o
 .bss.name.4309
                0x0000000020000080        0x1 ./system/src/newlib/_syscalls.o
 *fill*         0x0000000020000081        0x3 
 .bss.buf.5205  0x0000000020000084       0x80 ./system/src/diag/Trace.o
 .bss.__malloc_free_list
                0x0000000020000104        0x4 /home/jmiranda/STM32Toolchain/gcc-arm/bin/../lib/gcc/arm-none-eabi/7.2.1/../../../../arm-none-eabi/lib/thumb/v7e-m/libg_nano.a(lib_a-nano-mallocr.o)
                0x0000000020000104                __malloc_free_list
 .bss.__malloc_sbrk_start
                0x0000000020000108        0x4 /home/jmiranda/STM32Toolchain/gcc-arm/bin/../lib/gcc/arm-none-eabi/7.2.1/../../../../arm-none-eabi/lib/thumb/v7e-m/libg_nano.a(lib_a-nano-mallocr.o)
                0x0000000020000108                __malloc_sbrk_start
 *(COMMON)
 COMMON         0x000000002000010c        0x4 ./system/src/stm32f4-hal/stm32f4xx_hal.o
                0x000000002000010c                uwTick
 COMMON         0x0000000020000110        0x4 ./system/src/newlib/_syscalls.o
                0x0000000020000110                errno
 COMMON         0x0000000020000114        0x4 ./src/Timer.o
                0x0000000020000114                timer_delayCount
 *(.bss_end .bss_end.*)
 .bss_end       0x0000000020000118        0x4 ./system/src/newlib/_startup.o
                0x000000002000011c                . = ALIGN (0x4)
                0x000000002000011c                __bss_end__ = .
                0x000000002000011c                _ebss = .

.noinit_CCMRAM
 *(.noinit.CCMRAM .noinit.CCMRAM.*)

.noinit         0x000000002000011c        0x0
                0x000000002000011c                _noinit = .
 *(.noinit .noinit.*)
                0x000000002000011c                . = ALIGN (0x4)
                0x000000002000011c                _end_noinit = .
                [!provide]                        PROVIDE (end, _end_noinit)
                [!provide]                        PROVIDE (_end, _end_noinit)
                [!provide]                        PROVIDE (__end, _end_noinit)
                [!provide]                        PROVIDE (__end__, _end_noinit)

._check_stack   0x000000002000011c      0x100
                0x000000002000021c                . = (. + _Minimum_Stack_Size)
 *fill*         0x000000002000011c      0x100 

.b1text
 *(.b1text)
 *(.b1rodata)
 *(.b1rodata.*)

.eb0text
 *(.eb0text)
 *(.eb0rodata)
 *(.eb0rodata.*)

.eb1text
 *(.eb1text)
 *(.eb1rodata)
 *(.eb1rodata.*)

.eb2text
 *(.eb2text)
 *(.eb2rodata)
 *(.eb2rodata.*)

.eb3text
 *(.eb3text)
 *(.eb3rodata)
 *(.eb3rodata.*)

.stab
 *(.stab)

.stabstr
 *(.stabstr)

.stab.excl
 *(.stab.excl)

.stab.exclstr
 *(.stab.exclstr)

.stab.index
 *(.stab.index)

.stab.indexstr
 *(.stab.indexstr)

.comment        0x0000000000000000       0x7e
 *(.comment)
 .comment       0x0000000000000000       0x7e ./system/src/stm32f4-hal/stm32f4xx_hal.o
                                         0x7f (size before relaxing)
 .comment       0x000000000000007e       0x7f ./system/src/stm32f4-hal/stm32f4xx_hal_cortex.o
 .comment       0x000000000000007e       0x7f ./system/src/stm32f4-hal/stm32f4xx_hal_gpio.o
 .comment       0x000000000000007e       0x7f ./system/src/stm32f4-hal/stm32f4xx_hal_rcc.o
 .comment       0x000000000000007e       0x7f ./system/src/newlib/_exit.o
 .comment       0x000000000000007e       0x7f ./system/src/newlib/_sbrk.o
 .comment       0x000000000000007e       0x7f ./system/src/newlib/_startup.o
 .comment       0x000000000000007e       0x7f ./system/src/newlib/_syscalls.o
 .comment       0x000000000000007e       0x7f ./system/src/newlib/assert.o
 .comment       0x000000000000007e       0x7f ./system/src/diag/Trace.o
 .comment       0x000000000000007e       0x7f ./system/src/diag/trace_impl.o
 .comment       0x000000000000007e       0x7f ./system/src/cortexm/_initialize_hardware.o
 .comment       0x000000000000007e       0x7f ./system/src/cortexm/exception_handlers.o
 .comment       0x000000000000007e       0x7f ./system/src/cmsis/system_stm32f4xx.o
 .comment       0x000000000000007e       0x7f ./system/src/cmsis/vectors_stm32f411xe.o
 .comment       0x000000000000007e       0x7f ./src/BlinkLed.o
 .comment       0x000000000000007e       0x7f ./src/Timer.o
 .comment       0x000000000000007e       0x7f ./src/_initialize_hardware.o
 .comment       0x000000000000007e       0x7f ./src/main.o
 .comment       0x000000000000007e       0x7f ./src/stm32f4xx_hal_msp.o

.ARM.attributes
                0x0000000000000000       0x31
 .ARM.attributes
                0x0000000000000000       0x33 ./system/src/stm32f4-hal/stm32f4xx_hal.o
 .ARM.attributes
                0x0000000000000033       0x33 ./system/src/stm32f4-hal/stm32f4xx_hal_cortex.o
 .ARM.attributes
                0x0000000000000066       0x33 ./system/src/stm32f4-hal/stm32f4xx_hal_gpio.o
 .ARM.attributes
                0x0000000000000099       0x33 ./system/src/stm32f4-hal/stm32f4xx_hal_rcc.o
 .ARM.attributes
                0x00000000000000cc       0x33 ./system/src/newlib/_exit.o
 .ARM.attributes
                0x00000000000000ff       0x33 ./system/src/newlib/_sbrk.o
 .ARM.attributes
                0x0000000000000132       0x33 ./system/src/newlib/_startup.o
 .ARM.attributes
                0x0000000000000165       0x33 ./system/src/newlib/_syscalls.o
 .ARM.attributes
                0x0000000000000198       0x33 ./system/src/newlib/assert.o
 .ARM.attributes
                0x00000000000001cb       0x33 ./system/src/diag/Trace.o
 .ARM.attributes
                0x00000000000001fe       0x33 ./system/src/diag/trace_impl.o
 .ARM.attributes
                0x0000000000000231       0x33 ./system/src/cortexm/_initialize_hardware.o
 .ARM.attributes
                0x0000000000000264       0x33 ./system/src/cortexm/exception_handlers.o
 .ARM.attributes
                0x0000000000000297       0x33 ./system/src/cmsis/system_stm32f4xx.o
 .ARM.attributes
                0x00000000000002ca       0x33 ./system/src/cmsis/vectors_stm32f411xe.o
 .ARM.attributes
                0x00000000000002fd       0x33 ./src/BlinkLed.o
 .ARM.attributes
                0x0000000000000330       0x33 ./src/Timer.o
 .ARM.attributes
                0x0000000000000363       0x33 ./src/_initialize_hardware.o
 .ARM.attributes
                0x0000000000000396       0x33 ./src/main.o
 .ARM.attributes
                0x00000000000003c9       0x33 ./src/stm32f4xx_hal_msp.o
 .ARM.attributes
                0x00000000000003fc       0x2e /home/jmiranda/STM32Toolchain/gcc-arm/bin/../lib/gcc/arm-none-eabi/7.2.1/../../../../arm-none-eabi/lib/thumb/v7e-m/libg_nano.a(lib_a-errno.o)
 .ARM.attributes
                0x000000000000042a       0x2e /home/jmiranda/STM32Toolchain/gcc-arm/bin/../lib/gcc/arm-none-eabi/7.2.1/../../../../arm-none-eabi/lib/thumb/v7e-m/libg_nano.a(lib_a-impure.o)
 .ARM.attributes
                0x0000000000000458       0x17 /home/jmiranda/STM32Toolchain/gcc-arm/bin/../lib/gcc/arm-none-eabi/7.2.1/../../../../arm-none-eabi/lib/thumb/v7e-m/libg_nano.a(lib_a-strlen.o)
 .ARM.attributes
                0x000000000000046f       0x2e /home/jmiranda/STM32Toolchain/gcc-arm/bin/../lib/gcc/arm-none-eabi/7.2.1/../../../../arm-none-eabi/lib/thumb/v7e-m/libg_nano.a(lib_a-vsnprintf.o)
 .ARM.attributes
                0x000000000000049d       0x2e /home/jmiranda/STM32Toolchain/gcc-arm/bin/../lib/gcc/arm-none-eabi/7.2.1/../../../../arm-none-eabi/lib/thumb/v7e-m/libg_nano.a(lib_a-nano-svfprintf.o)
 .ARM.attributes
                0x00000000000004cb       0x2e /home/jmiranda/STM32Toolchain/gcc-arm/bin/../lib/gcc/arm-none-eabi/7.2.1/../../../../arm-none-eabi/lib/thumb/v7e-m/libg_nano.a(lib_a-nano-vfprintf_i.o)
 .ARM.attributes
                0x00000000000004f9       0x1c /home/jmiranda/STM32Toolchain/gcc-arm/bin/../lib/gcc/arm-none-eabi/7.2.1/../../../../arm-none-eabi/lib/thumb/v7e-m/libg_nano.a(lib_a-memchr.o)
 .ARM.attributes
                0x0000000000000515       0x2e /home/jmiranda/STM32Toolchain/gcc-arm/bin/../lib/gcc/arm-none-eabi/7.2.1/../../../../arm-none-eabi/lib/thumb/v7e-m/libg_nano.a(lib_a-memcpy-stub.o)
 .ARM.attributes
                0x0000000000000543       0x2e /home/jmiranda/STM32Toolchain/gcc-arm/bin/../lib/gcc/arm-none-eabi/7.2.1/../../../../arm-none-eabi/lib/thumb/v7e-m/libg_nano.a(lib_a-memmove.o)
 .ARM.attributes
                0x0000000000000571       0x2e /home/jmiranda/STM32Toolchain/gcc-arm/bin/../lib/gcc/arm-none-eabi/7.2.1/../../../../arm-none-eabi/lib/thumb/v7e-m/libg_nano.a(lib_a-nano-freer.o)
 .ARM.attributes
                0x000000000000059f       0x2e /home/jmiranda/STM32Toolchain/gcc-arm/bin/../lib/gcc/arm-none-eabi/7.2.1/../../../../arm-none-eabi/lib/thumb/v7e-m/libg_nano.a(lib_a-nano-mallocr.o)
 .ARM.attributes
                0x00000000000005cd       0x2e /home/jmiranda/STM32Toolchain/gcc-arm/bin/../lib/gcc/arm-none-eabi/7.2.1/../../../../arm-none-eabi/lib/thumb/v7e-m/libg_nano.a(lib_a-nano-reallocr.o)
 .ARM.attributes
                0x00000000000005fb       0x2e /home/jmiranda/STM32Toolchain/gcc-arm/bin/../lib/gcc/arm-none-eabi/7.2.1/../../../../arm-none-eabi/lib/thumb/v7e-m/libg_nano.a(lib_a-sbrkr.o)
 .ARM.attributes
                0x0000000000000629       0x2e /home/jmiranda/STM32Toolchain/gcc-arm/bin/../lib/gcc/arm-none-eabi/7.2.1/../../../../arm-none-eabi/lib/thumb/v7e-m/libg_nano.a(lib_a-mlock.o)
 .ARM.attributes
                0x0000000000000657       0x2e /home/jmiranda/STM32Toolchain/gcc-arm/bin/../lib/gcc/arm-none-eabi/7.2.1/../../../../arm-none-eabi/lib/thumb/v7e-m/libg_nano.a(lib_a-nano-msizer.o)

.debug
 *(.debug)

.line
 *(.line)

.debug_srcinfo
 *(.debug_srcinfo)

.debug_sfnames
 *(.debug_sfnames)

.debug_aranges  0x0000000000000000      0x558
 *(.debug_aranges)
 .debug_aranges
                0x0000000000000000       0xc0 ./system/src/stm32f4-hal/stm32f4xx_hal.o
 .debug_aranges
                0x00000000000000c0       0x98 ./system/src/stm32f4-hal/stm32f4xx_hal_cortex.o
 .debug_aranges
                0x0000000000000158       0x58 ./system/src/stm32f4-hal/stm32f4xx_hal_gpio.o
 .debug_aranges
                0x00000000000001b0       0x88 ./system/src/stm32f4-hal/stm32f4xx_hal_rcc.o
 .debug_aranges
                0x0000000000000238       0x28 ./system/src/newlib/_exit.o
 .debug_aranges
                0x0000000000000260       0x20 ./system/src/newlib/_sbrk.o
 .debug_aranges
                0x0000000000000280       0x40 ./system/src/newlib/_startup.o
 .debug_aranges
                0x00000000000002c0       0x30 ./system/src/newlib/_syscalls.o
 .debug_aranges
                0x00000000000002f0       0x28 ./system/src/newlib/assert.o
 .debug_aranges
                0x0000000000000318       0x38 ./system/src/diag/Trace.o
 .debug_aranges
                0x0000000000000350       0x30 ./system/src/diag/trace_impl.o
 .debug_aranges
                0x0000000000000380       0x28 ./system/src/cortexm/_initialize_hardware.o
 .debug_aranges
                0x00000000000003a8       0x90 ./system/src/cortexm/exception_handlers.o
 .debug_aranges
                0x0000000000000438       0x28 ./system/src/cmsis/system_stm32f4xx.o
 .debug_aranges
                0x0000000000000460       0x20 ./system/src/cmsis/vectors_stm32f411xe.o
 .debug_aranges
                0x0000000000000480       0x20 ./src/BlinkLed.o
 .debug_aranges
                0x00000000000004a0       0x38 ./src/Timer.o
 .debug_aranges
                0x00000000000004d8       0x28 ./src/_initialize_hardware.o
 .debug_aranges
                0x0000000000000500       0x20 ./src/main.o
 .debug_aranges
                0x0000000000000520       0x38 ./src/stm32f4xx_hal_msp.o

.debug_pubnames
 *(.debug_pubnames)

.debug_info     0x0000000000000000     0xf9d8
 *(.debug_info .gnu.linkonce.wi.*)
 .debug_info    0x0000000000000000     0x1084 ./system/src/stm32f4-hal/stm32f4xx_hal.o
 .debug_info    0x0000000000001084     0x1869 ./system/src/stm32f4-hal/stm32f4xx_hal_cortex.o
 .debug_info    0x00000000000028ed     0x10b8 ./system/src/stm32f4-hal/stm32f4xx_hal_gpio.o
 .debug_info    0x00000000000039a5     0x177e ./system/src/stm32f4-hal/stm32f4xx_hal_rcc.o
 .debug_info    0x0000000000005123      0x956 ./system/src/newlib/_exit.o
 .debug_info    0x0000000000005a79      0x942 ./system/src/newlib/_sbrk.o
 .debug_info    0x00000000000063bb      0x4bf ./system/src/newlib/_startup.o
 .debug_info    0x000000000000687a      0xa19 ./system/src/newlib/_syscalls.o
 .debug_info    0x0000000000007293      0x9ff ./system/src/newlib/assert.o
 .debug_info    0x0000000000007c92      0xb2a ./system/src/diag/Trace.o
 .debug_info    0x00000000000087bc      0xb6b ./system/src/diag/trace_impl.o
 .debug_info    0x0000000000009327      0xade ./system/src/cortexm/_initialize_hardware.o
 .debug_info    0x0000000000009e05     0x115a ./system/src/cortexm/exception_handlers.o
 .debug_info    0x000000000000af5f      0xcfe ./system/src/cmsis/system_stm32f4xx.o
 .debug_info    0x000000000000bc5d       0xca ./system/src/cmsis/vectors_stm32f411xe.o
 .debug_info    0x000000000000bd27      0xc36 ./src/BlinkLed.o
 .debug_info    0x000000000000c95d      0xeb0 ./src/Timer.o
 .debug_info    0x000000000000d80d      0xd34 ./src/_initialize_hardware.o
 .debug_info    0x000000000000e541      0xb88 ./src/main.o
 .debug_info    0x000000000000f0c9      0x90f ./src/stm32f4xx_hal_msp.o

.debug_abbrev   0x0000000000000000     0x2fb3
 *(.debug_abbrev)
 .debug_abbrev  0x0000000000000000      0x32b ./system/src/stm32f4-hal/stm32f4xx_hal.o
 .debug_abbrev  0x000000000000032b      0x3f1 ./system/src/stm32f4-hal/stm32f4xx_hal_cortex.o
 .debug_abbrev  0x000000000000071c      0x2de ./system/src/stm32f4-hal/stm32f4xx_hal_gpio.o
 .debug_abbrev  0x00000000000009fa      0x394 ./system/src/stm32f4-hal/stm32f4xx_hal_rcc.o
 .debug_abbrev  0x0000000000000d8e      0x1f3 ./system/src/newlib/_exit.o
 .debug_abbrev  0x0000000000000f81      0x1fc ./system/src/newlib/_sbrk.o
 .debug_abbrev  0x000000000000117d      0x1cb ./system/src/newlib/_startup.o
 .debug_abbrev  0x0000000000001348      0x234 ./system/src/newlib/_syscalls.o
 .debug_abbrev  0x000000000000157c      0x1f3 ./system/src/newlib/assert.o
 .debug_abbrev  0x000000000000176f      0x276 ./system/src/diag/Trace.o
 .debug_abbrev  0x00000000000019e5      0x2ef ./system/src/diag/trace_impl.o
 .debug_abbrev  0x0000000000001cd4      0x1de ./system/src/cortexm/_initialize_hardware.o
 .debug_abbrev  0x0000000000001eb2      0x32b ./system/src/cortexm/exception_handlers.o
 .debug_abbrev  0x00000000000021dd      0x216 ./system/src/cmsis/system_stm32f4xx.o
 .debug_abbrev  0x00000000000023f3       0x9d ./system/src/cmsis/vectors_stm32f411xe.o
 .debug_abbrev  0x0000000000002490      0x235 ./src/BlinkLed.o
 .debug_abbrev  0x00000000000026c5      0x2b2 ./src/Timer.o
 .debug_abbrev  0x0000000000002977      0x22d ./src/_initialize_hardware.o
 .debug_abbrev  0x0000000000002ba4      0x25e ./src/main.o
 .debug_abbrev  0x0000000000002e02      0x1b1 ./src/stm32f4xx_hal_msp.o

.debug_line     0x0000000000000000     0xa207
 *(.debug_line)
 .debug_line    0x0000000000000000      0xb4c ./system/src/stm32f4-hal/stm32f4xx_hal.o
 .debug_line    0x0000000000000b4c      0xc43 ./system/src/stm32f4-hal/stm32f4xx_hal_cortex.o
 .debug_line    0x000000000000178f      0xc16 ./system/src/stm32f4-hal/stm32f4xx_hal_gpio.o
 .debug_line    0x00000000000023a5      0xdce ./system/src/stm32f4-hal/stm32f4xx_hal_rcc.o
 .debug_line    0x0000000000003173      0x30f ./system/src/newlib/_exit.o
 .debug_line    0x0000000000003482      0x2c3 ./system/src/newlib/_sbrk.o
 .debug_line    0x0000000000003745      0x38b ./system/src/newlib/_startup.o
 .debug_line    0x0000000000003ad0      0x3c9 ./system/src/newlib/_syscalls.o
 .debug_line    0x0000000000003e99      0x34a ./system/src/newlib/assert.o
 .debug_line    0x00000000000041e3      0x38b ./system/src/diag/Trace.o
 .debug_line    0x000000000000456e      0xa7f ./system/src/diag/trace_impl.o
 .debug_line    0x0000000000004fed      0x9e8 ./system/src/cortexm/_initialize_hardware.o
 .debug_line    0x00000000000059d5      0xb36 ./system/src/cortexm/exception_handlers.o
 .debug_line    0x000000000000650b      0x9ee ./system/src/cmsis/system_stm32f4xx.o
 .debug_line    0x0000000000006ef9       0xf2 ./system/src/cmsis/vectors_stm32f411xe.o
 .debug_line    0x0000000000006feb      0x9c2 ./src/BlinkLed.o
 .debug_line    0x00000000000079ad      0xa42 ./src/Timer.o
 .debug_line    0x00000000000083ef      0x9e1 ./src/_initialize_hardware.o
 .debug_line    0x0000000000008dd0      0xa55 ./src/main.o
 .debug_line    0x0000000000009825      0x9e2 ./src/stm32f4xx_hal_msp.o

.debug_frame    0x0000000000000000      0xda4
 *(.debug_frame)
 .debug_frame   0x0000000000000000      0x188 ./system/src/stm32f4-hal/stm32f4xx_hal.o
 .debug_frame   0x0000000000000188      0x17c ./system/src/stm32f4-hal/stm32f4xx_hal_cortex.o
 .debug_frame   0x0000000000000304       0xfc ./system/src/stm32f4-hal/stm32f4xx_hal_gpio.o
 .debug_frame   0x0000000000000400      0x140 ./system/src/stm32f4-hal/stm32f4xx_hal_rcc.o
 .debug_frame   0x0000000000000540       0x38 ./system/src/newlib/_exit.o
 .debug_frame   0x0000000000000578       0x28 ./system/src/newlib/_sbrk.o
 .debug_frame   0x00000000000005a0       0x7c ./system/src/newlib/_startup.o
 .debug_frame   0x000000000000061c       0x50 ./system/src/newlib/_syscalls.o
 .debug_frame   0x000000000000066c       0x40 ./system/src/newlib/assert.o
 .debug_frame   0x00000000000006ac       0x94 ./system/src/diag/Trace.o
 .debug_frame   0x0000000000000740       0x64 ./system/src/diag/trace_impl.o
 .debug_frame   0x00000000000007a4       0x40 ./system/src/cortexm/_initialize_hardware.o
 .debug_frame   0x00000000000007e4      0x158 ./system/src/cortexm/exception_handlers.o
 .debug_frame   0x000000000000093c       0x30 ./system/src/cmsis/system_stm32f4xx.o
 .debug_frame   0x000000000000096c       0x20 ./system/src/cmsis/vectors_stm32f411xe.o
 .debug_frame   0x000000000000098c       0x30 ./src/BlinkLed.o
 .debug_frame   0x00000000000009bc       0x58 ./src/Timer.o
 .debug_frame   0x0000000000000a14       0x4c ./src/_initialize_hardware.o
 .debug_frame   0x0000000000000a60       0x2c ./src/main.o
 .debug_frame   0x0000000000000a8c       0x50 ./src/stm32f4xx_hal_msp.o
 .debug_frame   0x0000000000000adc       0x20 /home/jmiranda/STM32Toolchain/gcc-arm/bin/../lib/gcc/arm-none-eabi/7.2.1/../../../../arm-none-eabi/lib/thumb/v7e-m/libg_nano.a(lib_a-errno.o)
 .debug_frame   0x0000000000000afc       0x4c /home/jmiranda/STM32Toolchain/gcc-arm/bin/../lib/gcc/arm-none-eabi/7.2.1/../../../../arm-none-eabi/lib/thumb/v7e-m/libg_nano.a(lib_a-vsnprintf.o)
 .debug_frame   0x0000000000000b48       0x90 /home/jmiranda/STM32Toolchain/gcc-arm/bin/../lib/gcc/arm-none-eabi/7.2.1/../../../../arm-none-eabi/lib/thumb/v7e-m/libg_nano.a(lib_a-nano-svfprintf.o)
 .debug_frame   0x0000000000000bd8       0x60 /home/jmiranda/STM32Toolchain/gcc-arm/bin/../lib/gcc/arm-none-eabi/7.2.1/../../../../arm-none-eabi/lib/thumb/v7e-m/libg_nano.a(lib_a-nano-vfprintf_i.o)
 .debug_frame   0x0000000000000c38       0x28 /home/jmiranda/STM32Toolchain/gcc-arm/bin/../lib/gcc/arm-none-eabi/7.2.1/../../../../arm-none-eabi/lib/thumb/v7e-m/libg_nano.a(lib_a-memcpy-stub.o)
 .debug_frame   0x0000000000000c60       0x28 /home/jmiranda/STM32Toolchain/gcc-arm/bin/../lib/gcc/arm-none-eabi/7.2.1/../../../../arm-none-eabi/lib/thumb/v7e-m/libg_nano.a(lib_a-memmove.o)
 .debug_frame   0x0000000000000c88       0x38 /home/jmiranda/STM32Toolchain/gcc-arm/bin/../lib/gcc/arm-none-eabi/7.2.1/../../../../arm-none-eabi/lib/thumb/v7e-m/libg_nano.a(lib_a-nano-freer.o)
 .debug_frame   0x0000000000000cc0       0x2c /home/jmiranda/STM32Toolchain/gcc-arm/bin/../lib/gcc/arm-none-eabi/7.2.1/../../../../arm-none-eabi/lib/thumb/v7e-m/libg_nano.a(lib_a-nano-mallocr.o)
 .debug_frame   0x0000000000000cec       0x3c /home/jmiranda/STM32Toolchain/gcc-arm/bin/../lib/gcc/arm-none-eabi/7.2.1/../../../../arm-none-eabi/lib/thumb/v7e-m/libg_nano.a(lib_a-nano-reallocr.o)
 .debug_frame   0x0000000000000d28       0x2c /home/jmiranda/STM32Toolchain/gcc-arm/bin/../lib/gcc/arm-none-eabi/7.2.1/../../../../arm-none-eabi/lib/thumb/v7e-m/libg_nano.a(lib_a-sbrkr.o)
 .debug_frame   0x0000000000000d54       0x30 /home/jmiranda/STM32Toolchain/gcc-arm/bin/../lib/gcc/arm-none-eabi/7.2.1/../../../../arm-none-eabi/lib/thumb/v7e-m/libg_nano.a(lib_a-mlock.o)
 .debug_frame   0x0000000000000d84       0x20 /home/jmiranda/STM32Toolchain/gcc-arm/bin/../lib/gcc/arm-none-eabi/7.2.1/../../../../arm-none-eabi/lib/thumb/v7e-m/libg_nano.a(lib_a-nano-msizer.o)

.debug_str      0x0000000000000000    0x742be
 *(.debug_str)
 .debug_str     0x0000000000000000    0x7065d ./system/src/stm32f4-hal/stm32f4xx_hal.o
                                      0x70a9a (size before relaxing)
 .debug_str     0x000000000007065d      0x39d ./system/src/stm32f4-hal/stm32f4xx_hal_cortex.o
                                      0x70904 (size before relaxing)
 .debug_str     0x00000000000709fa      0x2dd ./system/src/stm32f4-hal/stm32f4xx_hal_gpio.o
                                      0x70484 (size before relaxing)
 .debug_str     0x0000000000070cd7      0x393 ./system/src/stm32f4-hal/stm32f4xx_hal_rcc.o
                                      0x70612 (size before relaxing)
 .debug_str     0x000000000007106a     0x10ff ./system/src/newlib/_exit.o
                                       0x7ef7 (size before relaxing)
 .debug_str     0x0000000000072169      0x4f5 ./system/src/newlib/_sbrk.o
                                       0x72a9 (size before relaxing)
 .debug_str     0x000000000007265e      0x2c6 ./system/src/newlib/_startup.o
                                       0x6a4a (size before relaxing)
 .debug_str     0x0000000000072924      0xe8b ./system/src/newlib/_syscalls.o
                                       0x8184 (size before relaxing)
 .debug_str     0x00000000000737af       0xd0 ./system/src/newlib/assert.o
                                       0x89fc (size before relaxing)
 .debug_str     0x000000000007387f      0x176 ./system/src/diag/Trace.o
                                       0x866f (size before relaxing)
 .debug_str     0x00000000000739f5      0x37b ./system/src/diag/trace_impl.o
                                      0x7138f (size before relaxing)
 .debug_str     0x0000000000073d70       0x5e ./system/src/cortexm/_initialize_hardware.o
                                      0x70121 (size before relaxing)
 .debug_str     0x0000000000073dce      0x19d ./system/src/cortexm/exception_handlers.o
                                      0x71519 (size before relaxing)
 .debug_str     0x0000000000073f6b       0x46 ./system/src/cmsis/system_stm32f4xx.o
                                      0x70202 (size before relaxing)
 .debug_str     0x0000000000073fb1       0x59 ./system/src/cmsis/vectors_stm32f411xe.o
                                       0x3887 (size before relaxing)
 .debug_str     0x000000000007400a      0x12e ./src/BlinkLed.o
                                      0x702e7 (size before relaxing)
 .debug_str     0x0000000000074138       0x76 ./src/Timer.o
                                      0x705b3 (size before relaxing)
 .debug_str     0x00000000000741ae       0x31 ./src/_initialize_hardware.o
                                      0x70318 (size before relaxing)
 .debug_str     0x00000000000741df       0xa2 ./src/main.o
                                      0x71386 (size before relaxing)
 .debug_str     0x0000000000074281       0x3d ./src/stm32f4xx_hal_msp.o
                                      0x70069 (size before relaxing)

.debug_loc      0x0000000000000000     0x1e0d
 *(.debug_loc)
 .debug_loc     0x0000000000000000       0x92 ./system/src/stm32f4-hal/stm32f4xx_hal.o
 .debug_loc     0x0000000000000092      0x73b ./system/src/stm32f4-hal/stm32f4xx_hal_cortex.o
 .debug_loc     0x00000000000007cd      0x5af ./system/src/stm32f4-hal/stm32f4xx_hal_gpio.o
 .debug_loc     0x0000000000000d7c      0x50a ./system/src/stm32f4-hal/stm32f4xx_hal_rcc.o
 .debug_loc     0x0000000000001286       0x85 ./system/src/newlib/_sbrk.o
 .debug_loc     0x000000000000130b      0x2cb ./system/src/newlib/_startup.o
 .debug_loc     0x00000000000015d6       0x63 ./system/src/newlib/_syscalls.o
 .debug_loc     0x0000000000001639      0x134 ./system/src/newlib/assert.o
 .debug_loc     0x000000000000176d       0xf6 ./system/src/diag/Trace.o
 .debug_loc     0x0000000000001863      0x121 ./system/src/diag/trace_impl.o
 .debug_loc     0x0000000000001984      0x291 ./system/src/cortexm/exception_handlers.o
 .debug_loc     0x0000000000001c15      0x13e ./system/src/cmsis/system_stm32f4xx.o
 .debug_loc     0x0000000000001d53       0x59 ./src/Timer.o
 .debug_loc     0x0000000000001dac       0x61 ./src/main.o

.debug_macinfo
 *(.debug_macinfo)

.debug_weaknames
 *(.debug_weaknames)

.debug_funcnames
 *(.debug_funcnames)

.debug_typenames
 *(.debug_typenames)

.debug_varnames
 *(.debug_varnames)
OUTPUT(hello-nucleo.elf elf32-littlearm)

.debug_ranges   0x0000000000000000      0x508
 .debug_ranges  0x0000000000000000       0xb0 ./system/src/stm32f4-hal/stm32f4xx_hal.o
 .debug_ranges  0x00000000000000b0       0xe8 ./system/src/stm32f4-hal/stm32f4xx_hal_cortex.o
 .debug_ranges  0x0000000000000198       0x48 ./system/src/stm32f4-hal/stm32f4xx_hal_gpio.o
 .debug_ranges  0x00000000000001e0       0x78 ./system/src/stm32f4-hal/stm32f4xx_hal_rcc.o
 .debug_ranges  0x0000000000000258       0x18 ./system/src/newlib/_exit.o
 .debug_ranges  0x0000000000000270       0x10 ./system/src/newlib/_sbrk.o
 .debug_ranges  0x0000000000000280       0x90 ./system/src/newlib/_startup.o
 .debug_ranges  0x0000000000000310       0x20 ./system/src/newlib/_syscalls.o
 .debug_ranges  0x0000000000000330       0x18 ./system/src/newlib/assert.o
 .debug_ranges  0x0000000000000348       0x28 ./system/src/diag/Trace.o
 .debug_ranges  0x0000000000000370       0x50 ./system/src/diag/trace_impl.o
 .debug_ranges  0x00000000000003c0       0x18 ./system/src/cortexm/_initialize_hardware.o
 .debug_ranges  0x00000000000003d8       0x80 ./system/src/cortexm/exception_handlers.o
 .debug_ranges  0x0000000000000458       0x18 ./system/src/cmsis/system_stm32f4xx.o
 .debug_ranges  0x0000000000000470       0x10 ./system/src/cmsis/vectors_stm32f411xe.o
 .debug_ranges  0x0000000000000480       0x10 ./src/BlinkLed.o
 .debug_ranges  0x0000000000000490       0x28 ./src/Timer.o
 .debug_ranges  0x00000000000004b8       0x18 ./src/_initialize_hardware.o
 .debug_ranges  0x00000000000004d0       0x10 ./src/main.o
 .debug_ranges  0x00000000000004e0       0x28 ./src/stm32f4xx_hal_msp.o

.debug_macro    0x0000000000000000    0x16447
 .debug_macro   0x0000000000000000      0x532 ./system/src/stm32f4-hal/stm32f4xx_hal.o
 .debug_macro   0x0000000000000532      0xa6c ./system/src/stm32f4-hal/stm32f4xx_hal.o
 .debug_macro   0x0000000000000f9e      0x289 ./system/src/stm32f4-hal/stm32f4xx_hal.o
 .debug_macro   0x0000000000001227       0x31 ./system/src/stm32f4-hal/stm32f4xx_hal.o
 .debug_macro   0x0000000000001258       0x28 ./system/src/stm32f4-hal/stm32f4xx_hal.o
 .debug_macro   0x0000000000001280      0x34e ./system/src/stm32f4-hal/stm32f4xx_hal.o
 .debug_macro   0x00000000000015ce       0x35 ./system/src/stm32f4-hal/stm32f4xx_hal.o
 .debug_macro   0x0000000000001603       0x50 ./system/src/stm32f4-hal/stm32f4xx_hal.o
 .debug_macro   0x0000000000001653      0xe66 ./system/src/stm32f4-hal/stm32f4xx_hal.o
 .debug_macro   0x00000000000024b9     0x5102 ./system/src/stm32f4-hal/stm32f4xx_hal.o
 .debug_macro   0x00000000000075bb       0x43 ./system/src/stm32f4-hal/stm32f4xx_hal.o
 .debug_macro   0x00000000000075fe     0x347f ./system/src/stm32f4-hal/stm32f4xx_hal.o
 .debug_macro   0x000000000000aa7d       0x22 ./system/src/stm32f4-hal/stm32f4xx_hal.o
 .debug_macro   0x000000000000aa9f       0x52 ./system/src/stm32f4-hal/stm32f4xx_hal.o
 .debug_macro   0x000000000000aaf1       0x17 ./system/src/stm32f4-hal/stm32f4xx_hal.o
 .debug_macro   0x000000000000ab08       0x8d ./system/src/stm32f4-hal/stm32f4xx_hal.o
 .debug_macro   0x000000000000ab95       0x35 ./system/src/stm32f4-hal/stm32f4xx_hal.o
 .debug_macro   0x000000000000abca       0x9c ./system/src/stm32f4-hal/stm32f4xx_hal.o
 .debug_macro   0x000000000000ac66       0x16 ./system/src/stm32f4-hal/stm32f4xx_hal.o
 .debug_macro   0x000000000000ac7c       0x57 ./system/src/stm32f4-hal/stm32f4xx_hal.o
 .debug_macro   0x000000000000acd3       0x97 ./system/src/stm32f4-hal/stm32f4xx_hal.o
 .debug_macro   0x000000000000ad6a      0x330 ./system/src/stm32f4-hal/stm32f4xx_hal.o
 .debug_macro   0x000000000000b09a       0xfd ./system/src/stm32f4-hal/stm32f4xx_hal.o
 .debug_macro   0x000000000000b197       0x10 ./system/src/stm32f4-hal/stm32f4xx_hal.o
 .debug_macro   0x000000000000b1a7       0x58 ./system/src/stm32f4-hal/stm32f4xx_hal.o
 .debug_macro   0x000000000000b1ff       0x1f ./system/src/stm32f4-hal/stm32f4xx_hal.o
 .debug_macro   0x000000000000b21e       0x43 ./system/src/stm32f4-hal/stm32f4xx_hal.o
 .debug_macro   0x000000000000b261       0x20 ./system/src/stm32f4-hal/stm32f4xx_hal.o
 .debug_macro   0x000000000000b281      0x18e ./system/src/stm32f4-hal/stm32f4xx_hal.o
 .debug_macro   0x000000000000b40f       0x10 ./system/src/stm32f4-hal/stm32f4xx_hal.o
 .debug_macro   0x000000000000b41f       0x6a ./system/src/stm32f4-hal/stm32f4xx_hal.o
 .debug_macro   0x000000000000b489       0x1c ./system/src/stm32f4-hal/stm32f4xx_hal.o
 .debug_macro   0x000000000000b4a5       0x52 ./system/src/stm32f4-hal/stm32f4xx_hal.o
 .debug_macro   0x000000000000b4f7       0x40 ./system/src/stm32f4-hal/stm32f4xx_hal.o
 .debug_macro   0x000000000000b537       0x10 ./system/src/stm32f4-hal/stm32f4xx_hal.o
 .debug_macro   0x000000000000b547       0x40 ./system/src/stm32f4-hal/stm32f4xx_hal.o
 .debug_macro   0x000000000000b587       0xd7 ./system/src/stm32f4-hal/stm32f4xx_hal.o
 .debug_macro   0x000000000000b65e       0x1c ./system/src/stm32f4-hal/stm32f4xx_hal.o
 .debug_macro   0x000000000000b67a       0x3d ./system/src/stm32f4-hal/stm32f4xx_hal.o
 .debug_macro   0x000000000000b6b7       0x16 ./system/src/stm32f4-hal/stm32f4xx_hal.o
 .debug_macro   0x000000000000b6cd      0x16f ./system/src/stm32f4-hal/stm32f4xx_hal.o
 .debug_macro   0x000000000000b83c       0x57 ./system/src/stm32f4-hal/stm32f4xx_hal.o
 .debug_macro   0x000000000000b893      0x45c ./system/src/stm32f4-hal/stm32f4xx_hal.o
 .debug_macro   0x000000000000bcef      0x9e1 ./system/src/stm32f4-hal/stm32f4xx_hal.o
 .debug_macro   0x000000000000c6d0      0x11e ./system/src/stm32f4-hal/stm32f4xx_hal.o
 .debug_macro   0x000000000000c7ee      0x11b ./system/src/stm32f4-hal/stm32f4xx_hal.o
 .debug_macro   0x000000000000c909       0x27 ./system/src/stm32f4-hal/stm32f4xx_hal.o
 .debug_macro   0x000000000000c930      0x287 ./system/src/stm32f4-hal/stm32f4xx_hal.o
 .debug_macro   0x000000000000cbb7       0x5f ./system/src/stm32f4-hal/stm32f4xx_hal.o
 .debug_macro   0x000000000000cc16      0x23a ./system/src/stm32f4-hal/stm32f4xx_hal.o
 .debug_macro   0x000000000000ce50      0x391 ./system/src/stm32f4-hal/stm32f4xx_hal.o
 .debug_macro   0x000000000000d1e1      0x176 ./system/src/stm32f4-hal/stm32f4xx_hal.o
 .debug_macro   0x000000000000d357       0xf9 ./system/src/stm32f4-hal/stm32f4xx_hal.o
 .debug_macro   0x000000000000d450       0x23 ./system/src/stm32f4-hal/stm32f4xx_hal.o
 .debug_macro   0x000000000000d473      0x13a ./system/src/stm32f4-hal/stm32f4xx_hal.o
 .debug_macro   0x000000000000d5ad      0x264 ./system/src/stm32f4-hal/stm32f4xx_hal.o
 .debug_macro   0x000000000000d811       0x2e ./system/src/stm32f4-hal/stm32f4xx_hal.o
 .debug_macro   0x000000000000d83f      0x1a7 ./system/src/stm32f4-hal/stm32f4xx_hal.o
 .debug_macro   0x000000000000d9e6       0x22 ./system/src/stm32f4-hal/stm32f4xx_hal.o
 .debug_macro   0x000000000000da08       0xa5 ./system/src/stm32f4-hal/stm32f4xx_hal.o
 .debug_macro   0x000000000000daad      0x18b ./system/src/stm32f4-hal/stm32f4xx_hal.o
 .debug_macro   0x000000000000dc38       0x24 ./system/src/stm32f4-hal/stm32f4xx_hal.o
 .debug_macro   0x000000000000dc5c       0x35 ./system/src/stm32f4-hal/stm32f4xx_hal.o
 .debug_macro   0x000000000000dc91       0x79 ./system/src/stm32f4-hal/stm32f4xx_hal.o
 .debug_macro   0x000000000000dd0a      0x11e ./system/src/stm32f4-hal/stm32f4xx_hal.o
 .debug_macro   0x000000000000de28       0x85 ./system/src/stm32f4-hal/stm32f4xx_hal.o
 .debug_macro   0x000000000000dead       0x89 ./system/src/stm32f4-hal/stm32f4xx_hal.o
 .debug_macro   0x000000000000df36      0x31a ./system/src/stm32f4-hal/stm32f4xx_hal.o
 .debug_macro   0x000000000000e250      0x409 ./system/src/stm32f4-hal/stm32f4xx_hal.o
 .debug_macro   0x000000000000e659       0xe4 ./system/src/stm32f4-hal/stm32f4xx_hal.o
 .debug_macro   0x000000000000e73d      0x48d ./system/src/stm32f4-hal/stm32f4xx_hal.o
 .debug_macro   0x000000000000ebca      0x22b ./system/src/stm32f4-hal/stm32f4xx_hal.o
 .debug_macro   0x000000000000edf5      0x202 ./system/src/stm32f4-hal/stm32f4xx_hal.o
 .debug_macro   0x000000000000eff7      0x6d9 ./system/src/stm32f4-hal/stm32f4xx_hal.o
 .debug_macro   0x000000000000f6d0       0x5b ./system/src/stm32f4-hal/stm32f4xx_hal.o
 .debug_macro   0x000000000000f72b      0x14d ./system/src/stm32f4-hal/stm32f4xx_hal.o
 .debug_macro   0x000000000000f878      0x287 ./system/src/stm32f4-hal/stm32f4xx_hal.o
 .debug_macro   0x000000000000faff      0x225 ./system/src/stm32f4-hal/stm32f4xx_hal.o
 .debug_macro   0x000000000000fd24      0x1b5 ./system/src/stm32f4-hal/stm32f4xx_hal.o
 .debug_macro   0x000000000000fed9      0x2db ./system/src/stm32f4-hal/stm32f4xx_hal.o
 .debug_macro   0x00000000000101b4       0x89 ./system/src/stm32f4-hal/stm32f4xx_hal.o
 .debug_macro   0x000000000001023d      0x1df ./system/src/stm32f4-hal/stm32f4xx_hal.o
 .debug_macro   0x000000000001041c      0x115 ./system/src/stm32f4-hal/stm32f4xx_hal.o
 .debug_macro   0x0000000000010531       0x6e ./system/src/stm32f4-hal/stm32f4xx_hal.o
 .debug_macro   0x000000000001059f      0x11e ./system/src/stm32f4-hal/stm32f4xx_hal.o
 .debug_macro   0x00000000000106bd      0x4e4 ./system/src/stm32f4-hal/stm32f4xx_hal_cortex.o
 .debug_macro   0x0000000000010ba1      0x51c ./system/src/stm32f4-hal/stm32f4xx_hal_gpio.o
 .debug_macro   0x00000000000110bd      0x50e ./system/src/stm32f4-hal/stm32f4xx_hal_rcc.o
 .debug_macro   0x00000000000115cb      0x1b4 ./system/src/newlib/_exit.o
 .debug_macro   0x000000000001177f      0x10e ./system/src/newlib/_exit.o
 .debug_macro   0x000000000001188d       0x8d ./system/src/newlib/_exit.o
 .debug_macro   0x000000000001191a       0x35 ./system/src/newlib/_exit.o
 .debug_macro   0x000000000001194f      0x169 ./system/src/newlib/_sbrk.o
 .debug_macro   0x0000000000011ab8      0x174 ./system/src/newlib/_sbrk.o
 .debug_macro   0x0000000000011c2c       0x10 ./system/src/newlib/_sbrk.o
 .debug_macro   0x0000000000011c3c      0x23b ./system/src/newlib/_sbrk.o
 .debug_macro   0x0000000000011e77      0x173 ./system/src/newlib/_startup.o
 .debug_macro   0x0000000000011fea      0xa72 ./system/src/newlib/_startup.o
 .debug_macro   0x0000000000012a5c      0x217 ./system/src/newlib/_syscalls.o
 .debug_macro   0x0000000000012c73       0x1c ./system/src/newlib/_syscalls.o
 .debug_macro   0x0000000000012c8f       0x10 ./system/src/newlib/_syscalls.o
 .debug_macro   0x0000000000012c9f       0x10 ./system/src/newlib/_syscalls.o
 .debug_macro   0x0000000000012caf       0x10 ./system/src/newlib/_syscalls.o
 .debug_macro   0x0000000000012cbf       0x35 ./system/src/newlib/_syscalls.o
 .debug_macro   0x0000000000012cf4      0x122 ./system/src/newlib/_syscalls.o
 .debug_macro   0x0000000000012e16       0x88 ./system/src/newlib/_syscalls.o
 .debug_macro   0x0000000000012e9e       0x2b ./system/src/newlib/_syscalls.o
 .debug_macro   0x0000000000012ec9      0x118 ./system/src/newlib/_syscalls.o
 .debug_macro   0x0000000000012fe1      0x189 ./system/src/newlib/_syscalls.o
 .debug_macro   0x000000000001316a       0x16 ./system/src/newlib/_syscalls.o
 .debug_macro   0x0000000000013180      0x1d0 ./system/src/newlib/assert.o
 .debug_macro   0x0000000000013350       0x1c ./system/src/newlib/assert.o
 .debug_macro   0x000000000001336c      0x1fb ./system/src/diag/Trace.o
 .debug_macro   0x0000000000013567       0x4c ./system/src/diag/Trace.o
 .debug_macro   0x00000000000135b3       0x16 ./system/src/diag/Trace.o
 .debug_macro   0x00000000000135c9      0x52a ./system/src/diag/trace_impl.o
 .debug_macro   0x0000000000013af3       0x22 ./system/src/diag/trace_impl.o
 .debug_macro   0x0000000000013b15      0x4ee ./system/src/cortexm/_initialize_hardware.o
 .debug_macro   0x0000000000014003      0x557 ./system/src/cortexm/exception_handlers.o
 .debug_macro   0x000000000001455a       0x3b ./system/src/cortexm/exception_handlers.o
 .debug_macro   0x0000000000014595      0x4ea ./system/src/cmsis/system_stm32f4xx.o
 .debug_macro   0x0000000000014a7f       0x34 ./system/src/cmsis/vectors_stm32f411xe.o
 .debug_macro   0x0000000000014ab3      0x4f3 ./src/BlinkLed.o
 .debug_macro   0x0000000000014fa6       0x28 ./src/BlinkLed.o
 .debug_macro   0x0000000000014fce      0x507 ./src/Timer.o
 .debug_macro   0x00000000000154d5       0x10 ./src/Timer.o
 .debug_macro   0x00000000000154e5      0x4e4 ./src/_initialize_hardware.o
 .debug_macro   0x00000000000159c9      0x56c ./src/main.o
 .debug_macro   0x0000000000015f35       0x2e ./src/main.o
 .debug_macro   0x0000000000015f63      0x4e4 ./src/stm32f4xx_hal_msp.o
