Archive member included to satisfy reference by file (symbol)

/home/jmiranda/STM32Toolchain/gcc-arm/bin/../lib/gcc/arm-none-eabi/7.2.1/thumb/v7e-m/libgcc.a(_aeabi_uldivmod.o)
                              ./system/src/stm32f4xx/stm32f4xx_hal_rcc.o (__aeabi_uldivmod)
/home/jmiranda/STM32Toolchain/gcc-arm/bin/../lib/gcc/arm-none-eabi/7.2.1/thumb/v7e-m/libgcc.a(_udivmoddi4.o)
                              /home/jmiranda/STM32Toolchain/gcc-arm/bin/../lib/gcc/arm-none-eabi/7.2.1/thumb/v7e-m/libgcc.a(_aeabi_uldivmod.o) (__udivmoddi4)
/home/jmiranda/STM32Toolchain/gcc-arm/bin/../lib/gcc/arm-none-eabi/7.2.1/thumb/v7e-m/libgcc.a(unwind-arm.o)
                              ./system/src/newlib/_cxx.o (__aeabi_unwind_cpp_pr1)
/home/jmiranda/STM32Toolchain/gcc-arm/bin/../lib/gcc/arm-none-eabi/7.2.1/thumb/v7e-m/libgcc.a(libunwind.o)
                              /home/jmiranda/STM32Toolchain/gcc-arm/bin/../lib/gcc/arm-none-eabi/7.2.1/thumb/v7e-m/libgcc.a(unwind-arm.o) (restore_core_regs)
/home/jmiranda/STM32Toolchain/gcc-arm/bin/../lib/gcc/arm-none-eabi/7.2.1/thumb/v7e-m/libgcc.a(pr-support.o)
                              /home/jmiranda/STM32Toolchain/gcc-arm/bin/../lib/gcc/arm-none-eabi/7.2.1/thumb/v7e-m/libgcc.a(unwind-arm.o) (__gnu_unwind_execute)
/home/jmiranda/STM32Toolchain/gcc-arm/bin/../lib/gcc/arm-none-eabi/7.2.1/thumb/v7e-m/libgcc.a(_dvmd_tls.o)
                              /home/jmiranda/STM32Toolchain/gcc-arm/bin/../lib/gcc/arm-none-eabi/7.2.1/thumb/v7e-m/libgcc.a(_aeabi_uldivmod.o) (__aeabi_ldiv0)
/home/jmiranda/STM32Toolchain/gcc-arm/bin/../lib/gcc/arm-none-eabi/7.2.1/../../../../arm-none-eabi/lib/thumb/v7e-m/libg_nano.a(lib_a-errno.o)
                              ./system/src/newlib/_sbrk.o (__errno)
/home/jmiranda/STM32Toolchain/gcc-arm/bin/../lib/gcc/arm-none-eabi/7.2.1/../../../../arm-none-eabi/lib/thumb/v7e-m/libg_nano.a(lib_a-impure.o)
                              /home/jmiranda/STM32Toolchain/gcc-arm/bin/../lib/gcc/arm-none-eabi/7.2.1/../../../../arm-none-eabi/lib/thumb/v7e-m/libg_nano.a(lib_a-errno.o) (_impure_ptr)
/home/jmiranda/STM32Toolchain/gcc-arm/bin/../lib/gcc/arm-none-eabi/7.2.1/../../../../arm-none-eabi/lib/thumb/v7e-m/libg_nano.a(lib_a-init.o)
                              ./system/src/cmsis/startup_stm32f411xe.o (__libc_init_array)
/home/jmiranda/STM32Toolchain/gcc-arm/bin/../lib/gcc/arm-none-eabi/7.2.1/../../../../arm-none-eabi/lib/thumb/v7e-m/libg_nano.a(lib_a-memcpy-stub.o)
                              /home/jmiranda/STM32Toolchain/gcc-arm/bin/../lib/gcc/arm-none-eabi/7.2.1/thumb/v7e-m/libgcc.a(unwind-arm.o) (memcpy)
/home/jmiranda/STM32Toolchain/gcc-arm/bin/../lib/gcc/arm-none-eabi/7.2.1/../../../../arm-none-eabi/lib/thumb/v7e-m/libg_nano.a(lib_a-strlen.o)
                              ./system/src/diag/Trace.o (strlen)
/home/jmiranda/STM32Toolchain/gcc-arm/bin/../lib/gcc/arm-none-eabi/7.2.1/../../../../arm-none-eabi/lib/thumb/v7e-m/libg_nano.a(lib_a-vsnprintf.o)
                              ./system/src/diag/Trace.o (vsnprintf)
/home/jmiranda/STM32Toolchain/gcc-arm/bin/../lib/gcc/arm-none-eabi/7.2.1/../../../../arm-none-eabi/lib/thumb/v7e-m/libg_nano.a(lib_a-nano-svfprintf.o)
                              /home/jmiranda/STM32Toolchain/gcc-arm/bin/../lib/gcc/arm-none-eabi/7.2.1/../../../../arm-none-eabi/lib/thumb/v7e-m/libg_nano.a(lib_a-vsnprintf.o) (_svfprintf_r)
/home/jmiranda/STM32Toolchain/gcc-arm/bin/../lib/gcc/arm-none-eabi/7.2.1/../../../../arm-none-eabi/lib/thumb/v7e-m/libg_nano.a(lib_a-nano-vfprintf_i.o)
                              /home/jmiranda/STM32Toolchain/gcc-arm/bin/../lib/gcc/arm-none-eabi/7.2.1/../../../../arm-none-eabi/lib/thumb/v7e-m/libg_nano.a(lib_a-nano-svfprintf.o) (_printf_i)
/home/jmiranda/STM32Toolchain/gcc-arm/bin/../lib/gcc/arm-none-eabi/7.2.1/../../../../arm-none-eabi/lib/thumb/v7e-m/libg_nano.a(lib_a-memchr.o)
                              /home/jmiranda/STM32Toolchain/gcc-arm/bin/../lib/gcc/arm-none-eabi/7.2.1/../../../../arm-none-eabi/lib/thumb/v7e-m/libg_nano.a(lib_a-nano-svfprintf.o) (memchr)
/home/jmiranda/STM32Toolchain/gcc-arm/bin/../lib/gcc/arm-none-eabi/7.2.1/../../../../arm-none-eabi/lib/thumb/v7e-m/libg_nano.a(lib_a-memmove.o)
                              /home/jmiranda/STM32Toolchain/gcc-arm/bin/../lib/gcc/arm-none-eabi/7.2.1/../../../../arm-none-eabi/lib/thumb/v7e-m/libg_nano.a(lib_a-nano-svfprintf.o) (memmove)
/home/jmiranda/STM32Toolchain/gcc-arm/bin/../lib/gcc/arm-none-eabi/7.2.1/../../../../arm-none-eabi/lib/thumb/v7e-m/libg_nano.a(lib_a-nano-freer.o)
                              /home/jmiranda/STM32Toolchain/gcc-arm/bin/../lib/gcc/arm-none-eabi/7.2.1/../../../../arm-none-eabi/lib/thumb/v7e-m/libg_nano.a(lib_a-nano-svfprintf.o) (_free_r)
/home/jmiranda/STM32Toolchain/gcc-arm/bin/../lib/gcc/arm-none-eabi/7.2.1/../../../../arm-none-eabi/lib/thumb/v7e-m/libg_nano.a(lib_a-nano-mallocr.o)
[...]
Memory Configuration

Name             Origin             Length             Attributes
FLASH            0x0000000008000000 0x0000000000080000 xr
RAM              0x0000000020000000 0x0000000000020000 xrw
CCMRAM           0x0000000010000000 0x0000000000000000 xrw
FLASHB1          0x0000000000000000 0x0000000000000000 xr
EXTMEMB0         0x0000000000000000 0x0000000000000000 xr
EXTMEMB1         0x0000000000000000 0x0000000000000000 xr
EXTMEMB2         0x0000000000000000 0x0000000000000000 xr
EXTMEMB3         0x0000000000000000 0x0000000000000000 xr
*default*        0x0000000000000000 0xffffffffffffffff

Linker script and memory map

LOAD ./system/src/stm32f4xx/stm32f4xx_hal.o
LOAD ./system/src/stm32f4xx/stm32f4xx_hal_cortex.o
LOAD ./system/src/stm32f4xx/stm32f4xx_hal_dma.o
LOAD ./system/src/stm32f4xx/stm32f4xx_hal_dma_ex.o
LOAD ./system/src/stm32f4xx/stm32f4xx_hal_flash.o
LOAD ./system/src/stm32f4xx/stm32f4xx_hal_flash_ex.o
LOAD ./system/src/stm32f4xx/stm32f4xx_hal_flash_ramfunc.o
LOAD ./system/src/stm32f4xx/stm32f4xx_hal_gpio.o
LOAD ./system/src/stm32f4xx/stm32f4xx_hal_pwr.o
LOAD ./system/src/stm32f4xx/stm32f4xx_hal_pwr_ex.o
LOAD ./system/src/stm32f4xx/stm32f4xx_hal_rcc.o
LOAD ./system/src/stm32f4xx/stm32f4xx_hal_rcc_ex.o
LOAD ./system/src/stm32f4xx/stm32f4xx_hal_tim.o
LOAD ./system/src/stm32f4xx/stm32f4xx_hal_tim_ex.o
LOAD ./system/src/newlib/_cxx.o
LOAD ./system/src/newlib/_exit.o
LOAD ./system/src/newlib/_sbrk.o
LOAD ./system/src/newlib/_startup.o
LOAD ./system/src/newlib/_syscalls.o
LOAD ./system/src/newlib/assert.o
LOAD ./system/src/diag/Trace.o
LOAD ./system/src/diag/trace_impl.o
LOAD ./system/src/cortexm/_initialize_hardware.o
LOAD ./system/src/cortexm/_reset_hardware.o
LOAD ./system/src/cortexm/exception_handlers.o
LOAD ./system/src/cmsis/startup_stm32f411xe.o
LOAD ./src/_write.o
LOAD ./src/main.o
LOAD ./src/stm32f4xx_hal_msp.o
LOAD ./src/stm32f4xx_it.o
LOAD ./src/system_stm32f4xx.o
LOAD /home/jmiranda/STM32Toolchain/gcc-arm/bin/../lib/gcc/arm-none-eabi/7.2.1/../../../../arm-none-eabi/lib/thumb/v7e-m/libstdc++_nano.a
LOAD /home/jmiranda/STM32Toolchain/gcc-arm/bin/../lib/gcc/arm-none-eabi/7.2.1/../../../../arm-none-eabi/lib/thumb/v7e-m/libm.a
START GROUP
LOAD /home/jmiranda/STM32Toolchain/gcc-arm/bin/../lib/gcc/arm-none-eabi/7.2.1/thumb/v7e-m/libgcc.a
LOAD /home/jmiranda/STM32Toolchain/gcc-arm/bin/../lib/gcc/arm-none-eabi/7.2.1/../../../../arm-none-eabi/lib/thumb/v7e-m/libg_nano.a
LOAD /home/jmiranda/STM32Toolchain/gcc-arm/bin/../lib/gcc/arm-none-eabi/7.2.1/../../../../arm-none-eabi/lib/thumb/v7e-m/libc_nano.a
END GROUP
START GROUP
LOAD /home/jmiranda/STM32Toolchain/gcc-arm/bin/../lib/gcc/arm-none-eabi/7.2.1/thumb/v7e-m/libgcc.a
LOAD /home/jmiranda/STM32Toolchain/gcc-arm/bin/../lib/gcc/arm-none-eabi/7.2.1/../../../../arm-none-eabi/lib/thumb/v7e-m/libc_nano.a
END GROUP
                0x0000000020020000                __stack = (ORIGIN (RAM) + LENGTH (RAM))
                0x0000000020020000                _estack = __stack
                0x0000000000000400                __Main_Stack_Size = 0x400
                [!provide]                        PROVIDE (_Main_Stack_Size, __Main_Stack_Size)
                0x000000002001fc00                __Main_Stack_Limit = (__stack - __Main_Stack_Size)
                [!provide]                        PROVIDE (_Main_Stack_Limit, __Main_Stack_Limit)
                0x0000000000000100                _Minimum_Stack_Size = 0x100
                0x0000000020000118                PROVIDE (_Heap_Begin, _end_noinit)
                0x000000002001fc00                PROVIDE (_Heap_Limit, (__stack - __Main_Stack_Size))

.isr_vector     0x0000000008000000      0x3b0
 FILL mask 0xff
                0x0000000008000000                __vectors_start = ABSOLUTE (.)
                0x0000000008000000                __vectors_start__ = ABSOLUTE (.)
 *(.isr_vector)
 .isr_vector    0x0000000008000000      0x198 ./system/src/cmsis/startup_stm32f411xe.o
                0x0000000008000000                g_pfnVectors
 *(.cfmconfig)
 *(.after_vectors .after_vectors.*)
 .after_vectors
                0x0000000008000198      0x114 ./system/src/newlib/_startup.o
                0x0000000008000198                _start
 .after_vectors
                0x00000000080002ac      0x104 ./system/src/cortexm/exception_handlers.o
                0x00000000080002ac                Reset_Handler
                0x00000000080002b2                NMI_Handler
                0x00000000080002b6                HardFault_Handler
                0x00000000080002ca                HardFault_Handler_C
                0x0000000008000300                MemManage_Handler
                0x0000000008000304                BusFault_Handler
                0x0000000008000318                BusFault_Handler_C
                0x000000000800034c                UsageFault_Handler
                0x0000000008000360                UsageFault_Handler_C
                0x0000000008000394                SVC_Handler
                0x0000000008000398                DebugMon_Handler
                0x000000000800039c                PendSV_Handler

.inits          0x00000000080003b0       0x28
                0x00000000080003b0                __data_regions_array_start = .
                0x00000000080003b0        0x4 LONG 0x8001f18 LOADADDR (.data)
                0x00000000080003b4        0x4 LONG 0x20000000 ADDR (.data)
                0x00000000080003b8        0x4 LONG 0x20000078 (ADDR (.data) + SIZEOF (.data))
                0x00000000080003bc        0x4 LONG 0x8001f18 LOADADDR (.data_CCMRAM)
                0x00000000080003c0        0x4 LONG 0x10000000 ADDR (.data_CCMRAM)
                0x00000000080003c4        0x4 LONG 0x10000000 (ADDR (.data_CCMRAM) + SIZEOF (.data_CCMRAM))
                0x00000000080003c8                __data_regions_array_end = .
                0x00000000080003c8                __bss_regions_array_start = .
                0x00000000080003c8        0x4 LONG 0x20000078 ADDR (.bss)
                0x00000000080003cc        0x4 LONG 0x20000118 (ADDR (.bss) + SIZEOF (.bss))
                0x00000000080003d0        0x4 LONG 0x10000000 ADDR (.bss_CCMRAM)
                0x00000000080003d4        0x4 LONG 0x10000000 (ADDR (.bss_CCMRAM) + SIZEOF (.bss_CCMRAM))
                0x00000000080003d8                __bss_regions_array_end = .
 *(.init)
 *(.fini)
                0x00000000080003d8                . = ALIGN (0x4)
                0x00000000080003d8                PROVIDE (__preinit_array_start, .)
 *(.preinit_array_sysinit .preinit_array_sysinit.*)
 *(.preinit_array_platform .preinit_array_platform.*)
 *(.preinit_array .preinit_array.*)
                0x00000000080003d8                PROVIDE (__preinit_array_end, .)
                0x00000000080003d8                . = ALIGN (0x4)
                0x00000000080003d8                PROVIDE (__init_array_start, .)
 *(SORT_BY_NAME(.init_array.*))
 *(.init_array)
                0x00000000080003d8                PROVIDE (__init_array_end, .)
                0x00000000080003d8                . = ALIGN (0x4)
                0x00000000080003d8                PROVIDE (__fini_array_start, .)
 *(SORT_BY_NAME(.fini_array.*))
 *(.fini_array)
                0x00000000080003d8                PROVIDE (__fini_array_end, .)

.flashtext
 *(.flashtext .flashtext.*)

.text           0x00000000080003e0     0x1b2f
 *(.text .text.*)
 .text.HAL_InitTick
                0x00000000080003e0       0x2c ./system/src/stm32f4xx/stm32f4xx_hal.o
                0x00000000080003e0                HAL_InitTick
 .text.HAL_Init
                0x000000000800040c       0x34 ./system/src/stm32f4xx/stm32f4xx_hal.o
                0x000000000800040c                HAL_Init
 .text.HAL_IncTick
                0x0000000008000440       0x10 ./system/src/stm32f4xx/stm32f4xx_hal.o
                0x0000000008000440                HAL_IncTick
 .text.HAL_GetTick
                0x0000000008000450        0xc ./system/src/stm32f4xx/stm32f4xx_hal.o
                0x0000000008000450                HAL_GetTick
 .text.HAL_Delay
                0x000000000800045c       0x24 ./system/src/stm32f4xx/stm32f4xx_hal.o
                0x000000000800045c                HAL_Delay
 .text.HAL_NVIC_SetPriorityGrouping
                0x0000000008000480       0x24 ./system/src/stm32f4xx/stm32f4xx_hal_cortex.o
                0x0000000008000480                HAL_NVIC_SetPriorityGrouping
 .text.HAL_NVIC_SetPriority
                0x00000000080004a4       0x68 ./system/src/stm32f4xx/stm32f4xx_hal_cortex.o
                0x00000000080004a4                HAL_NVIC_SetPriority
 .text.HAL_SYSTICK_Config
                0x000000000800050c       0x2c ./system/src/stm32f4xx/stm32f4xx_hal_cortex.o
                0x000000000800050c                HAL_SYSTICK_Config
 .text.HAL_SYSTICK_CLKSourceConfig
                0x0000000008000538       0x20 ./system/src/stm32f4xx/stm32f4xx_hal_cortex.o
                0x0000000008000538                HAL_SYSTICK_CLKSourceConfig
 .text.HAL_SYSTICK_Callback
                0x0000000008000558        0x2 ./system/src/stm32f4xx/stm32f4xx_hal_cortex.o
                0x0000000008000558                HAL_SYSTICK_Callback
 .text.HAL_SYSTICK_IRQHandler
                0x000000000800055a        0x8 ./system/src/stm32f4xx/stm32f4xx_hal_cortex.o
                0x000000000800055a                HAL_SYSTICK_IRQHandler
 *fill*         0x0000000008000562        0x2 
 .text.HAL_GPIO_Init
                0x0000000008000564      0x1a4 ./system/src/stm32f4xx/stm32f4xx_hal_gpio.o
                0x0000000008000564                HAL_GPIO_Init
 .text.HAL_GPIO_ReadPin
                0x0000000008000708        0xe ./system/src/stm32f4xx/stm32f4xx_hal_gpio.o
                0x0000000008000708                HAL_GPIO_ReadPin
 .text.HAL_GPIO_WritePin
                0x0000000008000716        0xc ./system/src/stm32f4xx/stm32f4xx_hal_gpio.o
                0x0000000008000716                HAL_GPIO_WritePin
 .text.HAL_GPIO_TogglePin
                0x0000000008000722        0x8 ./system/src/stm32f4xx/stm32f4xx_hal_gpio.o
                0x0000000008000722                HAL_GPIO_TogglePin
 *fill*         0x000000000800072a        0x2 
 .text.HAL_RCC_OscConfig
                0x000000000800072c      0x378 ./system/src/stm32f4xx/stm32f4xx_hal_rcc.o
                0x000000000800072c                HAL_RCC_OscConfig
 .text.HAL_RCC_GetSysClockFreq
                0x0000000008000aa4       0xd8 ./system/src/stm32f4xx/stm32f4xx_hal_rcc.o
                0x0000000008000aa4                HAL_RCC_GetSysClockFreq
 .text.HAL_RCC_ClockConfig
                0x0000000008000b7c      0x158 ./system/src/stm32f4xx/stm32f4xx_hal_rcc.o
                0x0000000008000b7c                HAL_RCC_ClockConfig
 .text.HAL_RCC_GetHCLKFreq
                0x0000000008000cd4        0xc ./system/src/stm32f4xx/stm32f4xx_hal_rcc.o
                0x0000000008000cd4                HAL_RCC_GetHCLKFreq
 .text._exit    0x0000000008000ce0        0x2 ./system/src/newlib/_exit.o
                0x0000000008000ce0                _exit
 *fill*         0x0000000008000ce2        0x2 
 .text._sbrk    0x0000000008000ce4       0x44 ./system/src/newlib/_sbrk.o
                0x0000000008000ce4                _sbrk
 .text.__initialize_args
                0x0000000008000d28       0x10 ./system/src/newlib/_syscalls.o
                0x0000000008000d28                __initialize_args
 .text.trace_printf
                0x0000000008000d38       0x30 ./system/src/diag/Trace.o
                0x0000000008000d38                trace_printf
 .text.trace_write
                0x0000000008000d68        0x6 ./system/src/diag/trace_impl.o
                0x0000000008000d68                trace_write
 *fill*         0x0000000008000d6e        0x2 
 .text.__initialize_hardware_early
                0x0000000008000d70       0x18 ./system/src/cortexm/_initialize_hardware.o
                0x0000000008000d70                __initialize_hardware_early
 .text.__initialize_hardware
                0x0000000008000d88        0x8 ./system/src/cortexm/_initialize_hardware.o
                0x0000000008000d88                __initialize_hardware
 .text.dumpExceptionStack
                0x0000000008000d90       0xf4 ./system/src/cortexm/exception_handlers.o
                0x0000000008000d90                dumpExceptionStack
 .text.Default_Handler
                0x0000000008000e84        0x2 ./system/src/cmsis/startup_stm32f411xe.o
                0x0000000008000e84                RTC_Alarm_IRQHandler
                0x0000000008000e84                EXTI2_IRQHandler
                0x0000000008000e84                SPI4_IRQHandler
                0x0000000008000e84                TIM1_CC_IRQHandler
                0x0000000008000e84                DMA2_Stream5_IRQHandler
                0x0000000008000e84                DMA1_Stream5_IRQHandler
                0x0000000008000e84                PVD_IRQHandler
                0x0000000008000e84                SDIO_IRQHandler
                0x0000000008000e84                TAMP_STAMP_IRQHandler
                0x0000000008000e84                EXTI3_IRQHandler
                0x0000000008000e84                TIM1_UP_TIM10_IRQHandler
                0x0000000008000e84                I2C3_ER_IRQHandler
                0x0000000008000e84                EXTI0_IRQHandler
                0x0000000008000e84                I2C2_EV_IRQHandler
                0x0000000008000e84                DMA1_Stream2_IRQHandler
                0x0000000008000e84                FPU_IRQHandler
                0x0000000008000e84                DMA2_Stream2_IRQHandler
                0x0000000008000e84                SPI1_IRQHandler
                0x0000000008000e84                TIM1_BRK_TIM9_IRQHandler
                0x0000000008000e84                DMA2_Stream3_IRQHandler
                0x0000000008000e84                USART6_IRQHandler
                0x0000000008000e84                DMA2_Stream0_IRQHandler
                0x0000000008000e84                TIM4_IRQHandler
                0x0000000008000e84                I2C1_EV_IRQHandler
                0x0000000008000e84                DMA1_Stream6_IRQHandler
                0x0000000008000e84                DMA1_Stream1_IRQHandler
                0x0000000008000e84                TIM3_IRQHandler
                0x0000000008000e84                RCC_IRQHandler
                0x0000000008000e84                Default_Handler
                0x0000000008000e84                EXTI15_10_IRQHandler
                0x0000000008000e84                ADC_IRQHandler
                0x0000000008000e84                DMA1_Stream7_IRQHandler
                0x0000000008000e84                SPI5_IRQHandler
                0x0000000008000e84                TIM5_IRQHandler
                0x0000000008000e84                DMA2_Stream7_IRQHandler
                0x0000000008000e84                I2C3_EV_IRQHandler
                0x0000000008000e84                EXTI9_5_IRQHandler
                0x0000000008000e84                RTC_WKUP_IRQHandler
                0x0000000008000e84                SPI2_IRQHandler
                0x0000000008000e84                DMA1_Stream0_IRQHandler
                0x0000000008000e84                EXTI4_IRQHandler
                0x0000000008000e84                WWDG_IRQHandler
                0x0000000008000e84                TIM2_IRQHandler
                0x0000000008000e84                OTG_FS_WKUP_IRQHandler
                0x0000000008000e84                TIM1_TRG_COM_TIM11_IRQHandler
                0x0000000008000e84                EXTI1_IRQHandler
                0x0000000008000e84                USART2_IRQHandler
                0x0000000008000e84                I2C2_ER_IRQHandler
                0x0000000008000e84                DMA2_Stream1_IRQHandler
                0x0000000008000e84                FLASH_IRQHandler
                0x0000000008000e84                DMA2_Stream4_IRQHandler
                0x0000000008000e84                USART1_IRQHandler
                0x0000000008000e84                OTG_FS_IRQHandler
                0x0000000008000e84                SPI3_IRQHandler
                0x0000000008000e84                DMA1_Stream4_IRQHandler
                0x0000000008000e84                I2C1_ER_IRQHandler
                0x0000000008000e84                DMA2_Stream6_IRQHandler
                0x0000000008000e84                DMA1_Stream3_IRQHandler
 *fill*         0x0000000008000e86        0x2 
 .text.MX_GPIO_Init
                0x0000000008000e88       0xbc ./src/main.o
 .text._Error_Handler
                0x0000000008000f44        0x2 ./src/main.o
                0x0000000008000f44                _Error_Handler
 *fill*         0x0000000008000f46        0x2 
 .text.SystemClock_Config
                0x0000000008000f48       0xbc ./src/main.o
                0x0000000008000f48                SystemClock_Config
 .text.main     0x0000000008001004       0x38 ./src/main.o
                0x0000000008001004                main
 .text.HAL_MspInit
                0x000000000800103c       0x5e ./src/stm32f4xx_hal_msp.o
                0x000000000800103c                HAL_MspInit
 .text.SysTick_Handler
                0x000000000800109a        0xc ./src/stm32f4xx_it.o
                0x000000000800109a                SysTick_Handler
 *fill*         0x00000000080010a6        0x2 
 .text.SystemInit
                0x00000000080010a8       0x40 ./src/system_stm32f4xx.o
                0x00000000080010a8                SystemInit
 .text.SystemCoreClockUpdate
                0x00000000080010e8       0xa0 ./src/system_stm32f4xx.o
                0x00000000080010e8                SystemCoreClockUpdate
 .text          0x0000000008001188       0x30 /home/jmiranda/STM32Toolchain/gcc-arm/bin/../lib/gcc/arm-none-eabi/7.2.1/thumb/v7e-m/libgcc.a(_aeabi_uldivmod.o)
                0x0000000008001188                __aeabi_uldivmod
 .text          0x00000000080011b8      0x2cc /home/jmiranda/STM32Toolchain/gcc-arm/bin/../lib/gcc/arm-none-eabi/7.2.1/thumb/v7e-m/libgcc.a(_udivmoddi4.o)
                0x00000000080011b8                __udivmoddi4
 .text          0x0000000008001484        0x4 /home/jmiranda/STM32Toolchain/gcc-arm/bin/../lib/gcc/arm-none-eabi/7.2.1/thumb/v7e-m/libgcc.a(_dvmd_tls.o)
                0x0000000008001484                __aeabi_ldiv0
                0x0000000008001484                __aeabi_idiv0
 .text.__errno  0x0000000008001488        0xc /home/jmiranda/STM32Toolchain/gcc-arm/bin/../lib/gcc/arm-none-eabi/7.2.1/../../../../arm-none-eabi/lib/thumb/v7e-m/libg_nano.a(lib_a-errno.o)
                0x0000000008001488                __errno
 .text.memcpy   0x0000000008001494       0x16 /home/jmiranda/STM32Toolchain/gcc-arm/bin/../lib/gcc/arm-none-eabi/7.2.1/../../../../arm-none-eabi/lib/thumb/v7e-m/libg_nano.a(lib_a-memcpy-stub.o)
                0x0000000008001494                memcpy
 .text._vsnprintf_r
                0x00000000080014aa       0x58 /home/jmiranda/STM32Toolchain/gcc-arm/bin/../lib/gcc/arm-none-eabi/7.2.1/../../../../arm-none-eabi/lib/thumb/v7e-m/libg_nano.a(lib_a-vsnprintf.o)
                0x00000000080014aa                _vsnprintf_r
                0x00000000080014aa                _vsniprintf_r
 *fill*         0x0000000008001502        0x2 
 .text.vsnprintf
                0x0000000008001504       0x1c /home/jmiranda/STM32Toolchain/gcc-arm/bin/../lib/gcc/arm-none-eabi/7.2.1/../../../../arm-none-eabi/lib/thumb/v7e-m/libg_nano.a(lib_a-vsnprintf.o)
                0x0000000008001504                vsnprintf
                0x0000000008001504                vsniprintf
 .text.__ssputs_r
                0x0000000008001520       0xb4 /home/jmiranda/STM32Toolchain/gcc-arm/bin/../lib/gcc/arm-none-eabi/7.2.1/../../../../arm-none-eabi/lib/thumb/v7e-m/libg_nano.a(lib_a-nano-svfprintf.o)
                0x0000000008001520                __ssputs_r
 .text._svfprintf_r
                0x00000000080015d4      0x1ec /home/jmiranda/STM32Toolchain/gcc-arm/bin/../lib/gcc/arm-none-eabi/7.2.1/../../../../arm-none-eabi/lib/thumb/v7e-m/libg_nano.a(lib_a-nano-svfprintf.o)
                0x00000000080015d4                _svfprintf_r
                0x00000000080015d4                _svfiprintf_r
 .text._printf_common
                0x00000000080017c0       0xea /home/jmiranda/STM32Toolchain/gcc-arm/bin/../lib/gcc/arm-none-eabi/7.2.1/../../../../arm-none-eabi/lib/thumb/v7e-m/libg_nano.a(lib_a-nano-vfprintf_i.o)
                0x00000000080017c0                _printf_common
 *fill*         0x00000000080018aa        0x2 
 .text._printf_i
                0x00000000080018ac      0x224 /home/jmiranda/STM32Toolchain/gcc-arm/bin/../lib/gcc/arm-none-eabi/7.2.1/../../../../arm-none-eabi/lib/thumb/v7e-m/libg_nano.a(lib_a-nano-vfprintf_i.o)
                0x00000000080018ac                _printf_i
 .text          0x0000000008001ad0       0xa0 /home/jmiranda/STM32Toolchain/gcc-arm/bin/../lib/gcc/arm-none-eabi/7.2.1/../../../../arm-none-eabi/lib/thumb/v7e-m/libg_nano.a(lib_a-memchr.o)
                0x0000000008001ad0                memchr
 .text.memmove  0x0000000008001b70       0x32 /home/jmiranda/STM32Toolchain/gcc-arm/bin/../lib/gcc/arm-none-eabi/7.2.1/../../../../arm-none-eabi/lib/thumb/v7e-m/libg_nano.a(lib_a-memmove.o)
                0x0000000008001b70                memmove
 *fill*         0x0000000008001ba2        0x2 
 .text._free_r  0x0000000008001ba4       0x9c /home/jmiranda/STM32Toolchain/gcc-arm/bin/../lib/gcc/arm-none-eabi/7.2.1/../../../../arm-none-eabi/lib/thumb/v7e-m/libg_nano.a(lib_a-nano-freer.o)
                0x0000000008001ba4                _free_r
 .text._malloc_r
                0x0000000008001c40       0xb4 /home/jmiranda/STM32Toolchain/gcc-arm/bin/../lib/gcc/arm-none-eabi/7.2.1/../../../../arm-none-eabi/lib/thumb/v7e-m/libg_nano.a(lib_a-nano-mallocr.o)
                0x0000000008001c40                _malloc_r
 .text._realloc_r
                0x0000000008001cf4       0x4c /home/jmiranda/STM32Toolchain/gcc-arm/bin/../lib/gcc/arm-none-eabi/7.2.1/../../../../arm-none-eabi/lib/thumb/v7e-m/libg_nano.a(lib_a-nano-reallocr.o)
                0x0000000008001cf4                _realloc_r
 .text._sbrk_r  0x0000000008001d40       0x20 /home/jmiranda/STM32Toolchain/gcc-arm/bin/../lib/gcc/arm-none-eabi/7.2.1/../../../../arm-none-eabi/lib/thumb/v7e-m/libg_nano.a(lib_a-sbrkr.o)
                0x0000000008001d40                _sbrk_r
 .text.__malloc_lock
                0x0000000008001d60        0x2 /home/jmiranda/STM32Toolchain/gcc-arm/bin/../lib/gcc/arm-none-eabi/7.2.1/../../../../arm-none-eabi/lib/thumb/v7e-m/libg_nano.a(lib_a-mlock.o)
                0x0000000008001d60                __malloc_lock
 .text.__malloc_unlock
                0x0000000008001d62        0x2 /home/jmiranda/STM32Toolchain/gcc-arm/bin/../lib/gcc/arm-none-eabi/7.2.1/../../../../arm-none-eabi/lib/thumb/v7e-m/libg_nano.a(lib_a-mlock.o)
                0x0000000008001d62                __malloc_unlock
 .text._malloc_usable_size_r
                0x0000000008001d64       0x10 /home/jmiranda/STM32Toolchain/gcc-arm/bin/../lib/gcc/arm-none-eabi/7.2.1/../../../../arm-none-eabi/lib/thumb/v7e-m/libg_nano.a(lib_a-nano-msizer.o)
                0x0000000008001d64                _malloc_usable_size_r
 *(.rodata .rodata.* .constdata .constdata.*)
 .rodata.dumpExceptionStack.str1.4
                0x0000000008001d74      0x11a ./system/src/cortexm/exception_handlers.o
 *fill*         0x0000000008001e8e        0x2 
 .rodata.str1.4
                0x0000000008001e90       0x2a ./system/src/cortexm/exception_handlers.o
 *fill*         0x0000000008001eba        0x2 
 .rodata.SystemClock_Config.str1.4
                0x0000000008001ebc       0x10 ./src/main.o
                                          0xe (size before relaxing)
 .rodata.AHBPrescTable
                0x0000000008001ecc       0x10 ./src/system_stm32f4xx.o
                0x0000000008001ecc                AHBPrescTable
 .rodata._svfprintf_r.str1.1
                0x0000000008001edc       0x11 /home/jmiranda/STM32Toolchain/gcc-arm/bin/../lib/gcc/arm-none-eabi/7.2.1/../../../../arm-none-eabi/lib/thumb/v7e-m/libg_nano.a(lib_a-nano-svfprintf.o)
 .rodata._printf_i.str1.1
                0x0000000008001eed       0x22 /home/jmiranda/STM32Toolchain/gcc-arm/bin/../lib/gcc/arm-none-eabi/7.2.1/../../../../arm-none-eabi/lib/thumb/v7e-m/libg_nano.a(lib_a-nano-vfprintf_i.o)
 *(vtable)
 *(.eh_frame*)
 *(.glue_7)
 .glue_7        0x0000000008001f0f        0x0 linker stubs
 *(.glue_7t)
 .glue_7t       0x0000000008001f0f        0x0 linker stubs

.vfp11_veneer   0x0000000008001f10        0x0
 .vfp11_veneer  0x0000000008001f10        0x0 linker stubs

.v4_bx          0x0000000008001f10        0x0
 .v4_bx         0x0000000008001f10        0x0 linker stubs

.iplt           0x0000000008001f10        0x0
 .iplt          0x0000000008001f10        0x0 ./system/src/stm32f4xx/stm32f4xx_hal.o

.ARM.extab
 *(.ARM.extab* .gnu.linkonce.armextab.*)
                0x0000000008001f10                . = ALIGN (0x4)
                0x0000000008001f10                __exidx_start = .

.ARM.exidx      0x0000000008001f10        0x8
 *(.ARM.exidx* .gnu.linkonce.armexidx.*)
 .ARM.exidx     0x0000000008001f10        0x8 /home/jmiranda/STM32Toolchain/gcc-arm/bin/../lib/gcc/arm-none-eabi/7.2.1/thumb/v7e-m/libgcc.a(_udivmoddi4.o)
                0x0000000008001f18                __exidx_end = .

.rel.dyn        0x0000000008001f18        0x0
 .rel.iplt      0x0000000008001f18        0x0 ./system/src/stm32f4xx/stm32f4xx_hal.o
                0x0000000008001f18                . = ALIGN (0x4)
                0x0000000008001f18                _etext = .
                0x0000000008001f18                __etext = .

.data_CCMRAM    0x0000000010000000        0x0 load address 0x0000000008001f18
 FILL mask 0xff
 *(.data.CCMRAM .data.CCMRAM.*)
                0x0000000010000000                . = ALIGN (0x4)
                0x0000000008001f18                _sidata = LOADADDR (.data)

.data           0x0000000020000000       0x78 load address 0x0000000008001f18
 FILL mask 0xff
                0x0000000020000000                _sdata = .
                0x0000000020000000                __data_start__ = .
 *(.data_begin .data_begin.*)
 .data_begin    0x0000000020000000        0x4 ./system/src/newlib/_startup.o
 *(.data .data.*)
 .data.argv.4310
                0x0000000020000004        0x8 ./system/src/newlib/_syscalls.o
 .data.SystemCoreClock
                0x000000002000000c        0x4 ./src/system_stm32f4xx.o
                0x000000002000000c                SystemCoreClock
 .data._impure_ptr
                0x0000000020000010        0x4 /home/jmiranda/STM32Toolchain/gcc-arm/bin/../lib/gcc/arm-none-eabi/7.2.1/../../../../arm-none-eabi/lib/thumb/v7e-m/libg_nano.a(lib_a-impure.o)
                0x0000000020000010                _impure_ptr
 .data.impure_data
                0x0000000020000014       0x60 /home/jmiranda/STM32Toolchain/gcc-arm/bin/../lib/gcc/arm-none-eabi/7.2.1/../../../../arm-none-eabi/lib/thumb/v7e-m/libg_nano.a(lib_a-impure.o)
 *(.data_end .data_end.*)
 .data_end      0x0000000020000074        0x4 ./system/src/newlib/_startup.o
                0x0000000020000078                . = ALIGN (0x4)
                0x0000000020000078                _edata = .
                0x0000000020000078                __data_end__ = .

.igot.plt       0x0000000020000078        0x0 load address 0x0000000008001f90
 .igot.plt      0x0000000020000078        0x0 ./system/src/stm32f4xx/stm32f4xx_hal.o

.bss_CCMRAM     0x0000000010000000        0x0
 *(.bss.CCMRAM .bss.CCMRAM.*)

.bss            0x0000000020000078       0xa0
                0x0000000020000078                __bss_start__ = .
                0x0000000020000078                _sbss = .
 *(.bss_begin .bss_begin.*)
 .bss_begin     0x0000000020000078        0x4 ./system/src/newlib/_startup.o
 *(.bss .bss.*)
 .bss.current_heap_end.3961
                0x000000002000007c        0x4 ./system/src/newlib/_sbrk.o
 .bss.name.4309
                0x0000000020000080        0x1 ./system/src/newlib/_syscalls.o
 *fill*         0x0000000020000081        0x3 
 .bss.buf.5205  0x0000000020000084       0x80 ./system/src/diag/Trace.o
 .bss.__malloc_free_list
                0x0000000020000104        0x4 /home/jmiranda/STM32Toolchain/gcc-arm/bin/../lib/gcc/arm-none-eabi/7.2.1/../../../../arm-none-eabi/lib/thumb/v7e-m/libg_nano.a(lib_a-nano-mallocr.o)
                0x0000000020000104                __malloc_free_list
 .bss.__malloc_sbrk_start
                0x0000000020000108        0x4 /home/jmiranda/STM32Toolchain/gcc-arm/bin/../lib/gcc/arm-none-eabi/7.2.1/../../../../arm-none-eabi/lib/thumb/v7e-m/libg_nano.a(lib_a-nano-mallocr.o)
                0x0000000020000108                __malloc_sbrk_start
 *(COMMON)
 COMMON         0x000000002000010c        0x4 ./system/src/stm32f4xx/stm32f4xx_hal.o
                0x000000002000010c                uwTick
 COMMON         0x0000000020000110        0x4 ./system/src/newlib/_syscalls.o
                0x0000000020000110                errno
 *(.bss_end .bss_end.*)
 .bss_end       0x0000000020000114        0x4 ./system/src/newlib/_startup.o
                0x0000000020000118                . = ALIGN (0x4)
                0x0000000020000118                __bss_end__ = .
                0x0000000020000118                _ebss = .

.noinit_CCMRAM
 *(.noinit.CCMRAM .noinit.CCMRAM.*)

.noinit         0x0000000020000118        0x0
                0x0000000020000118                _noinit = .
 *(.noinit .noinit.*)
                0x0000000020000118                . = ALIGN (0x4)
                0x0000000020000118                _end_noinit = .
                [!provide]                        PROVIDE (end, _end_noinit)
                [!provide]                        PROVIDE (_end, _end_noinit)
                [!provide]                        PROVIDE (__end, _end_noinit)
                [!provide]                        PROVIDE (__end__, _end_noinit)

._check_stack   0x0000000020000118      0x100
                0x0000000020000218                . = (. + _Minimum_Stack_Size)
 *fill*         0x0000000020000118      0x100 

.b1text
 *(.b1text)
 *(.b1rodata)
 *(.b1rodata.*)

.eb0text
 *(.eb0text)
 *(.eb0rodata)
 *(.eb0rodata.*)

.eb1text
 *(.eb1text)
 *(.eb1rodata)
 *(.eb1rodata.*)

.eb2text
 *(.eb2text)
 *(.eb2rodata)
 *(.eb2rodata.*)

.eb3text
 *(.eb3text)
 *(.eb3rodata)
 *(.eb3rodata.*)

.stab
 *(.stab)

.stabstr
 *(.stabstr)

.stab.excl
 *(.stab.excl)

.stab.exclstr
 *(.stab.exclstr)

.stab.index
 *(.stab.index)

.stab.indexstr
 *(.stab.indexstr)

.comment        0x0000000000000000       0x7e
 *(.comment)
 .comment       0x0000000000000000       0x7e ./system/src/stm32f4xx/stm32f4xx_hal.o
                                         0x7f (size before relaxing)
 .comment       0x000000000000007e       0x7f ./system/src/stm32f4xx/stm32f4xx_hal_cortex.o
 .comment       0x000000000000007e       0x7f ./system/src/stm32f4xx/stm32f4xx_hal_gpio.o
 .comment       0x000000000000007e       0x7f ./system/src/stm32f4xx/stm32f4xx_hal_rcc.o
 .comment       0x000000000000007e       0x7f ./system/src/newlib/_exit.o
 .comment       0x000000000000007e       0x7f ./system/src/newlib/_sbrk.o
 .comment       0x000000000000007e       0x7f ./system/src/newlib/_startup.o
 .comment       0x000000000000007e       0x7f ./system/src/newlib/_syscalls.o
 .comment       0x000000000000007e       0x7f ./system/src/diag/Trace.o
 .comment       0x000000000000007e       0x7f ./system/src/diag/trace_impl.o
 .comment       0x000000000000007e       0x7f ./system/src/cortexm/_initialize_hardware.o
 .comment       0x000000000000007e       0x7f ./system/src/cortexm/exception_handlers.o
 .comment       0x000000000000007e       0x7f ./src/main.o
 .comment       0x000000000000007e       0x7f ./src/stm32f4xx_hal_msp.o
 .comment       0x000000000000007e       0x7f ./src/stm32f4xx_it.o
 .comment       0x000000000000007e       0x7f ./src/system_stm32f4xx.o

.ARM.attributes
                0x0000000000000000       0x31
 .ARM.attributes
                0x0000000000000000       0x33 ./system/src/stm32f4xx/stm32f4xx_hal.o
 .ARM.attributes
                0x0000000000000033       0x33 ./system/src/stm32f4xx/stm32f4xx_hal_cortex.o
 .ARM.attributes
                0x0000000000000066       0x33 ./system/src/stm32f4xx/stm32f4xx_hal_gpio.o
 .ARM.attributes
                0x0000000000000099       0x33 ./system/src/stm32f4xx/stm32f4xx_hal_rcc.o
 .ARM.attributes
                0x00000000000000cc       0x33 ./system/src/newlib/_exit.o
 .ARM.attributes
                0x00000000000000ff       0x33 ./system/src/newlib/_sbrk.o
 .ARM.attributes
                0x0000000000000132       0x33 ./system/src/newlib/_startup.o
 .ARM.attributes
                0x0000000000000165       0x33 ./system/src/newlib/_syscalls.o
 .ARM.attributes
                0x0000000000000198       0x33 ./system/src/diag/Trace.o
 .ARM.attributes
                0x00000000000001cb       0x33 ./system/src/diag/trace_impl.o
 .ARM.attributes
                0x00000000000001fe       0x33 ./system/src/cortexm/_initialize_hardware.o
 .ARM.attributes
                0x0000000000000231       0x33 ./system/src/cortexm/exception_handlers.o
 .ARM.attributes
                0x0000000000000264       0x21 ./system/src/cmsis/startup_stm32f411xe.o
 .ARM.attributes
                0x0000000000000285       0x33 ./src/main.o
 .ARM.attributes
                0x00000000000002b8       0x33 ./src/stm32f4xx_hal_msp.o
 .ARM.attributes
                0x00000000000002eb       0x33 ./src/stm32f4xx_it.o
 .ARM.attributes
                0x000000000000031e       0x33 ./src/system_stm32f4xx.o
 .ARM.attributes
                0x0000000000000351       0x1e /home/jmiranda/STM32Toolchain/gcc-arm/bin/../lib/gcc/arm-none-eabi/7.2.1/thumb/v7e-m/libgcc.a(_aeabi_uldivmod.o)
 .ARM.attributes
                0x000000000000036f       0x2e /home/jmiranda/STM32Toolchain/gcc-arm/bin/../lib/gcc/arm-none-eabi/7.2.1/thumb/v7e-m/libgcc.a(_udivmoddi4.o)
 .ARM.attributes
                0x000000000000039d       0x1e /home/jmiranda/STM32Toolchain/gcc-arm/bin/../lib/gcc/arm-none-eabi/7.2.1/thumb/v7e-m/libgcc.a(_dvmd_tls.o)
 .ARM.attributes
                0x00000000000003bb       0x2e /home/jmiranda/STM32Toolchain/gcc-arm/bin/../lib/gcc/arm-none-eabi/7.2.1/../../../../arm-none-eabi/lib/thumb/v7e-m/libg_nano.a(lib_a-errno.o)
 .ARM.attributes
                0x00000000000003e9       0x2e /home/jmiranda/STM32Toolchain/gcc-arm/bin/../lib/gcc/arm-none-eabi/7.2.1/../../../../arm-none-eabi/lib/thumb/v7e-m/libg_nano.a(lib_a-impure.o)
 .ARM.attributes
                0x0000000000000417       0x2e /home/jmiranda/STM32Toolchain/gcc-arm/bin/../lib/gcc/arm-none-eabi/7.2.1/../../../../arm-none-eabi/lib/thumb/v7e-m/libg_nano.a(lib_a-memcpy-stub.o)
 .ARM.attributes
                0x0000000000000445       0x2e /home/jmiranda/STM32Toolchain/gcc-arm/bin/../lib/gcc/arm-none-eabi/7.2.1/../../../../arm-none-eabi/lib/thumb/v7e-m/libg_nano.a(lib_a-vsnprintf.o)
 .ARM.attributes
                0x0000000000000473       0x2e /home/jmiranda/STM32Toolchain/gcc-arm/bin/../lib/gcc/arm-none-eabi/7.2.1/../../../../arm-none-eabi/lib/thumb/v7e-m/libg_nano.a(lib_a-nano-svfprintf.o)
 .ARM.attributes
                0x00000000000004a1       0x2e /home/jmiranda/STM32Toolchain/gcc-arm/bin/../lib/gcc/arm-none-eabi/7.2.1/../../../../arm-none-eabi/lib/thumb/v7e-m/libg_nano.a(lib_a-nano-vfprintf_i.o)
 .ARM.attributes
                0x00000000000004cf       0x1c /home/jmiranda/STM32Toolchain/gcc-arm/bin/../lib/gcc/arm-none-eabi/7.2.1/../../../../arm-none-eabi/lib/thumb/v7e-m/libg_nano.a(lib_a-memchr.o)
 .ARM.attributes
                0x00000000000004eb       0x2e /home/jmiranda/STM32Toolchain/gcc-arm/bin/../lib/gcc/arm-none-eabi/7.2.1/../../../../arm-none-eabi/lib/thumb/v7e-m/libg_nano.a(lib_a-memmove.o)
 .ARM.attributes
                0x0000000000000519       0x2e /home/jmiranda/STM32Toolchain/gcc-arm/bin/../lib/gcc/arm-none-eabi/7.2.1/../../../../arm-none-eabi/lib/thumb/v7e-m/libg_nano.a(lib_a-nano-freer.o)
 .ARM.attributes
                0x0000000000000547       0x2e /home/jmiranda/STM32Toolchain/gcc-arm/bin/../lib/gcc/arm-none-eabi/7.2.1/../../../../arm-none-eabi/lib/thumb/v7e-m/libg_nano.a(lib_a-nano-mallocr.o)
 .ARM.attributes
                0x0000000000000575       0x2e /home/jmiranda/STM32Toolchain/gcc-arm/bin/../lib/gcc/arm-none-eabi/7.2.1/../../../../arm-none-eabi/lib/thumb/v7e-m/libg_nano.a(lib_a-nano-reallocr.o)
 .ARM.attributes
                0x00000000000005a3       0x2e /home/jmiranda/STM32Toolchain/gcc-arm/bin/../lib/gcc/arm-none-eabi/7.2.1/../../../../arm-none-eabi/lib/thumb/v7e-m/libg_nano.a(lib_a-sbrkr.o)
 .ARM.attributes
                0x00000000000005d1       0x2e /home/jmiranda/STM32Toolchain/gcc-arm/bin/../lib/gcc/arm-none-eabi/7.2.1/../../../../arm-none-eabi/lib/thumb/v7e-m/libg_nano.a(lib_a-mlock.o)
 .ARM.attributes
                0x00000000000005ff       0x2e /home/jmiranda/STM32Toolchain/gcc-arm/bin/../lib/gcc/arm-none-eabi/7.2.1/../../../../arm-none-eabi/lib/thumb/v7e-m/libg_nano.a(lib_a-nano-msizer.o)

.debug
 *(.debug)

.line
 *(.line)

.debug_srcinfo
 *(.debug_srcinfo)

.debug_sfnames
 *(.debug_sfnames)

.debug_aranges  0x0000000000000000      0x4e0
 *(.debug_aranges)
 .debug_aranges
                0x0000000000000000       0xc8 ./system/src/stm32f4xx/stm32f4xx_hal.o
 .debug_aranges
                0x00000000000000c8       0xa8 ./system/src/stm32f4xx/stm32f4xx_hal_cortex.o
 .debug_aranges
                0x0000000000000170       0x58 ./system/src/stm32f4xx/stm32f4xx_hal_gpio.o
 .debug_aranges
                0x00000000000001c8       0x88 ./system/src/stm32f4xx/stm32f4xx_hal_rcc.o
 .debug_aranges
                0x0000000000000250       0x28 ./system/src/newlib/_exit.o
 .debug_aranges
                0x0000000000000278       0x20 ./system/src/newlib/_sbrk.o
 .debug_aranges
                0x0000000000000298       0x40 ./system/src/newlib/_startup.o
 .debug_aranges
                0x00000000000002d8       0x30 ./system/src/newlib/_syscalls.o
 .debug_aranges
                0x0000000000000308       0x38 ./system/src/diag/Trace.o
 .debug_aranges
                0x0000000000000340       0x28 ./system/src/diag/trace_impl.o
 .debug_aranges
                0x0000000000000368       0x28 ./system/src/cortexm/_initialize_hardware.o
 .debug_aranges
                0x0000000000000390       0x88 ./system/src/cortexm/exception_handlers.o
 .debug_aranges
                0x0000000000000418       0x28 ./system/src/cmsis/startup_stm32f411xe.o
 .debug_aranges
                0x0000000000000440       0x38 ./src/main.o
 .debug_aranges
                0x0000000000000478       0x20 ./src/stm32f4xx_hal_msp.o
 .debug_aranges
                0x0000000000000498       0x20 ./src/stm32f4xx_it.o
 .debug_aranges
                0x00000000000004b8       0x28 ./src/system_stm32f4xx.o

.debug_pubnames
 *(.debug_pubnames)

.debug_info     0x0000000000000000     0xb6a4
 *(.debug_info .gnu.linkonce.wi.*)
 .debug_info    0x0000000000000000     0x1087 ./system/src/stm32f4xx/stm32f4xx_hal.o
 .debug_info    0x0000000000001087     0x16a4 ./system/src/stm32f4xx/stm32f4xx_hal_cortex.o
 .debug_info    0x000000000000272b      0xf8f ./system/src/stm32f4xx/stm32f4xx_hal_gpio.o
 .debug_info    0x00000000000036ba     0x1229 ./system/src/stm32f4xx/stm32f4xx_hal_rcc.o
 .debug_info    0x00000000000048e3      0x956 ./system/src/newlib/_exit.o
 .debug_info    0x0000000000005239      0x942 ./system/src/newlib/_sbrk.o
 .debug_info    0x0000000000005b7b      0x42e ./system/src/newlib/_startup.o
 .debug_info    0x0000000000005fa9      0xa19 ./system/src/newlib/_syscalls.o
 .debug_info    0x00000000000069c2      0xb2a ./system/src/diag/Trace.o
 .debug_info    0x00000000000074ec      0x1c1 ./system/src/diag/trace_impl.o
 .debug_info    0x00000000000076ad      0x2fa ./system/src/cortexm/_initialize_hardware.o
 .debug_info    0x00000000000079a7     0x1063 ./system/src/cortexm/exception_handlers.o
 .debug_info    0x0000000000008a0a       0x22 ./system/src/cmsis/startup_stm32f411xe.o
 .debug_info    0x0000000000008a2c     0x1257 ./src/main.o
 .debug_info    0x0000000000009c83      0xbbe ./src/stm32f4xx_hal_msp.o
 .debug_info    0x000000000000a841      0x95a ./src/stm32f4xx_it.o
 .debug_info    0x000000000000b19b      0x509 ./src/system_stm32f4xx.o

.debug_abbrev   0x0000000000000000     0x22fd
 *(.debug_abbrev)
 .debug_abbrev  0x0000000000000000      0x2f4 ./system/src/stm32f4xx/stm32f4xx_hal.o
 .debug_abbrev  0x00000000000002f4      0x3d6 ./system/src/stm32f4xx/stm32f4xx_hal_cortex.o
 .debug_abbrev  0x00000000000006ca      0x2a7 ./system/src/stm32f4xx/stm32f4xx_hal_gpio.o
 .debug_abbrev  0x0000000000000971      0x32a ./system/src/stm32f4xx/stm32f4xx_hal_rcc.o
 .debug_abbrev  0x0000000000000c9b      0x1f3 ./system/src/newlib/_exit.o
 .debug_abbrev  0x0000000000000e8e      0x1fc ./system/src/newlib/_sbrk.o
 .debug_abbrev  0x000000000000108a      0x1b3 ./system/src/newlib/_startup.o
 .debug_abbrev  0x000000000000123d      0x234 ./system/src/newlib/_syscalls.o
 .debug_abbrev  0x0000000000001471      0x276 ./system/src/diag/Trace.o
 .debug_abbrev  0x00000000000016e7       0xd7 ./system/src/diag/trace_impl.o
 .debug_abbrev  0x00000000000017be       0xea ./system/src/cortexm/_initialize_hardware.o
 .debug_abbrev  0x00000000000018a8      0x2b4 ./system/src/cortexm/exception_handlers.o
 .debug_abbrev  0x0000000000001b5c       0x12 ./system/src/cmsis/startup_stm32f411xe.o
 .debug_abbrev  0x0000000000001b6e      0x293 ./src/main.o
 .debug_abbrev  0x0000000000001e01      0x20b ./src/stm32f4xx_hal_msp.o
 .debug_abbrev  0x000000000000200c      0x1e0 ./src/stm32f4xx_it.o
 .debug_abbrev  0x00000000000021ec      0x111 ./src/system_stm32f4xx.o

.debug_line     0x0000000000000000     0x4a4a
 *(.debug_line)
 .debug_line    0x0000000000000000      0x6fc ./system/src/stm32f4xx/stm32f4xx_hal.o
 .debug_line    0x00000000000006fc      0x798 ./system/src/stm32f4xx/stm32f4xx_hal_cortex.o
 .debug_line    0x0000000000000e94      0x6c2 ./system/src/stm32f4xx/stm32f4xx_hal_gpio.o
 .debug_line    0x0000000000001556      0x7cb ./system/src/stm32f4xx/stm32f4xx_hal_rcc.o
 .debug_line    0x0000000000001d21      0x30f ./system/src/newlib/_exit.o
 .debug_line    0x0000000000002030      0x2c3 ./system/src/newlib/_sbrk.o
 .debug_line    0x00000000000022f3      0x37d ./system/src/newlib/_startup.o
 .debug_line    0x0000000000002670      0x3c9 ./system/src/newlib/_syscalls.o
 .debug_line    0x0000000000002a39      0x38b ./system/src/diag/Trace.o
 .debug_line    0x0000000000002dc4      0x3b2 ./system/src/diag/trace_impl.o
 .debug_line    0x0000000000003176      0x18a ./system/src/cortexm/_initialize_hardware.o
 .debug_line    0x0000000000003300      0x4ad ./system/src/cortexm/exception_handlers.o
 .debug_line    0x00000000000037ad       0x88 ./system/src/cmsis/startup_stm32f411xe.o
 .debug_line    0x0000000000003835      0x5c3 ./src/main.o
 .debug_line    0x0000000000003df8      0x564 ./src/stm32f4xx_hal_msp.o
 .debug_line    0x000000000000435c      0x56b ./src/stm32f4xx_it.o
 .debug_line    0x00000000000048c7      0x183 ./src/system_stm32f4xx.o

.debug_frame    0x0000000000000000      0xce0
 *(.debug_frame)
 .debug_frame   0x0000000000000000      0x198 ./system/src/stm32f4xx/stm32f4xx_hal.o
 .debug_frame   0x0000000000000198      0x15c ./system/src/stm32f4xx/stm32f4xx_hal_cortex.o
 .debug_frame   0x00000000000002f4       0xd8 ./system/src/stm32f4xx/stm32f4xx_hal_gpio.o
 .debug_frame   0x00000000000003cc      0x180 ./system/src/stm32f4xx/stm32f4xx_hal_rcc.o
 .debug_frame   0x000000000000054c       0x38 ./system/src/newlib/_exit.o
 .debug_frame   0x0000000000000584       0x28 ./system/src/newlib/_sbrk.o
 .debug_frame   0x00000000000005ac       0x7c ./system/src/newlib/_startup.o
 .debug_frame   0x0000000000000628       0x50 ./system/src/newlib/_syscalls.o
 .debug_frame   0x0000000000000678       0x94 ./system/src/diag/Trace.o
 .debug_frame   0x000000000000070c       0x30 ./system/src/diag/trace_impl.o
 .debug_frame   0x000000000000073c       0x40 ./system/src/cortexm/_initialize_hardware.o
 .debug_frame   0x000000000000077c      0x144 ./system/src/cortexm/exception_handlers.o
 .debug_frame   0x00000000000008c0       0x78 ./src/main.o
 .debug_frame   0x0000000000000938       0x28 ./src/stm32f4xx_hal_msp.o
 .debug_frame   0x0000000000000960       0x28 ./src/stm32f4xx_it.o
 .debug_frame   0x0000000000000988       0x30 ./src/system_stm32f4xx.o
 .debug_frame   0x00000000000009b8       0x2c /home/jmiranda/STM32Toolchain/gcc-arm/bin/../lib/gcc/arm-none-eabi/7.2.1/thumb/v7e-m/libgcc.a(_aeabi_uldivmod.o)
 .debug_frame   0x00000000000009e4       0x34 /home/jmiranda/STM32Toolchain/gcc-arm/bin/../lib/gcc/arm-none-eabi/7.2.1/thumb/v7e-m/libgcc.a(_udivmoddi4.o)
 .debug_frame   0x0000000000000a18       0x20 /home/jmiranda/STM32Toolchain/gcc-arm/bin/../lib/gcc/arm-none-eabi/7.2.1/../../../../arm-none-eabi/lib/thumb/v7e-m/libg_nano.a(lib_a-errno.o)
 .debug_frame   0x0000000000000a38       0x28 /home/jmiranda/STM32Toolchain/gcc-arm/bin/../lib/gcc/arm-none-eabi/7.2.1/../../../../arm-none-eabi/lib/thumb/v7e-m/libg_nano.a(lib_a-memcpy-stub.o)
 .debug_frame   0x0000000000000a60       0x4c /home/jmiranda/STM32Toolchain/gcc-arm/bin/../lib/gcc/arm-none-eabi/7.2.1/../../../../arm-none-eabi/lib/thumb/v7e-m/libg_nano.a(lib_a-vsnprintf.o)
 .debug_frame   0x0000000000000aac       0x90 /home/jmiranda/STM32Toolchain/gcc-arm/bin/../lib/gcc/arm-none-eabi/7.2.1/../../../../arm-none-eabi/lib/thumb/v7e-m/libg_nano.a(lib_a-nano-svfprintf.o)
 .debug_frame   0x0000000000000b3c       0x60 /home/jmiranda/STM32Toolchain/gcc-arm/bin/../lib/gcc/arm-none-eabi/7.2.1/../../../../arm-none-eabi/lib/thumb/v7e-m/libg_nano.a(lib_a-nano-vfprintf_i.o)
 .debug_frame   0x0000000000000b9c       0x28 /home/jmiranda/STM32Toolchain/gcc-arm/bin/../lib/gcc/arm-none-eabi/7.2.1/../../../../arm-none-eabi/lib/thumb/v7e-m/libg_nano.a(lib_a-memmove.o)
 .debug_frame   0x0000000000000bc4       0x38 /home/jmiranda/STM32Toolchain/gcc-arm/bin/../lib/gcc/arm-none-eabi/7.2.1/../../../../arm-none-eabi/lib/thumb/v7e-m/libg_nano.a(lib_a-nano-freer.o)
 .debug_frame   0x0000000000000bfc       0x2c /home/jmiranda/STM32Toolchain/gcc-arm/bin/../lib/gcc/arm-none-eabi/7.2.1/../../../../arm-none-eabi/lib/thumb/v7e-m/libg_nano.a(lib_a-nano-mallocr.o)
 .debug_frame   0x0000000000000c28       0x3c /home/jmiranda/STM32Toolchain/gcc-arm/bin/../lib/gcc/arm-none-eabi/7.2.1/../../../../arm-none-eabi/lib/thumb/v7e-m/libg_nano.a(lib_a-nano-reallocr.o)
 .debug_frame   0x0000000000000c64       0x2c /home/jmiranda/STM32Toolchain/gcc-arm/bin/../lib/gcc/arm-none-eabi/7.2.1/../../../../arm-none-eabi/lib/thumb/v7e-m/libg_nano.a(lib_a-sbrkr.o)
 .debug_frame   0x0000000000000c90       0x30 /home/jmiranda/STM32Toolchain/gcc-arm/bin/../lib/gcc/arm-none-eabi/7.2.1/../../../../arm-none-eabi/lib/thumb/v7e-m/libg_nano.a(lib_a-mlock.o)
 .debug_frame   0x0000000000000cc0       0x20 /home/jmiranda/STM32Toolchain/gcc-arm/bin/../lib/gcc/arm-none-eabi/7.2.1/../../../../arm-none-eabi/lib/thumb/v7e-m/libg_nano.a(lib_a-nano-msizer.o)

.debug_str      0x0000000000000000    0x8084b
 *(.debug_str)
 .debug_str     0x0000000000000000    0x7d297 ./system/src/stm32f4xx/stm32f4xx_hal.o
                                      0x7d6b6 (size before relaxing)
 .debug_str     0x000000000007d297      0x3b3 ./system/src/stm32f4xx/stm32f4xx_hal_cortex.o
                                      0x7d49c (size before relaxing)
 .debug_str     0x000000000007d64a      0x284 ./system/src/stm32f4xx/stm32f4xx_hal_gpio.o
                                      0x7cf8e (size before relaxing)
 .debug_str     0x000000000007d8ce      0x35d ./system/src/stm32f4xx/stm32f4xx_hal_rcc.o
                                      0x7d134 (size before relaxing)
 .debug_str     0x000000000007dc2b     0x10ff ./system/src/newlib/_exit.o
                                       0x7e97 (size before relaxing)
 .debug_str     0x000000000007ed2a      0x4f5 ./system/src/newlib/_sbrk.o
                                       0x7249 (size before relaxing)
 .debug_str     0x000000000007f21f      0x260 ./system/src/newlib/_startup.o
                                       0x6984 (size before relaxing)
 .debug_str     0x000000000007f47f      0xe8b ./system/src/newlib/_syscalls.o
                                       0x8124 (size before relaxing)
 .debug_str     0x000000000008030a      0x183 ./system/src/diag/Trace.o
                                       0x860f (size before relaxing)
 .debug_str     0x000000000008048d       0x4b ./system/src/diag/trace_impl.o
                                      0x503af (size before relaxing)
 .debug_str     0x00000000000804d8       0x5e ./system/src/cortexm/_initialize_hardware.o
                                      0x4c4c0 (size before relaxing)
 .debug_str     0x0000000000080536      0x1e5 ./system/src/cortexm/exception_handlers.o
                                      0x5166b (size before relaxing)
 .debug_str     0x000000000008071b       0x39 ./system/src/cmsis/startup_stm32f411xe.o
                                         0x7a (size before relaxing)
 .debug_str     0x0000000000080754       0x3d ./src/main.o
                                      0x7d332 (size before relaxing)
 .debug_str     0x0000000000080791       0x1b ./src/stm32f4xx_hal_msp.o
                                      0x7cf83 (size before relaxing)
 .debug_str     0x00000000000807ac       0x28 ./src/stm32f4xx_it.o
                                      0x7cbef (size before relaxing)
 .debug_str     0x00000000000807d4       0x77 ./src/system_stm32f4xx.o
                                      0x4c5d2 (size before relaxing)

.debug_loc      0x0000000000000000     0x1463
 *(.debug_loc)
 .debug_loc     0x0000000000000000       0x69 ./system/src/stm32f4xx/stm32f4xx_hal.o
 .debug_loc     0x0000000000000069      0x5ce ./system/src/stm32f4xx/stm32f4xx_hal_cortex.o
 .debug_loc     0x0000000000000637      0x469 ./system/src/stm32f4xx/stm32f4xx_hal_gpio.o
 .debug_loc     0x0000000000000aa0      0x383 ./system/src/stm32f4xx/stm32f4xx_hal_rcc.o
 .debug_loc     0x0000000000000e23       0x85 ./system/src/newlib/_sbrk.o
 .debug_loc     0x0000000000000ea8      0x1a9 ./system/src/newlib/_startup.o
 .debug_loc     0x0000000000001051       0x63 ./system/src/newlib/_syscalls.o
 .debug_loc     0x00000000000010b4       0xf6 ./system/src/diag/Trace.o
 .debug_loc     0x00000000000011aa       0x21 ./system/src/diag/trace_impl.o
 .debug_loc     0x00000000000011cb      0x15a ./system/src/cortexm/exception_handlers.o
 .debug_loc     0x0000000000001325      0x13e ./src/system_stm32f4xx.o

.debug_macinfo
 *(.debug_macinfo)

.debug_weaknames
 *(.debug_weaknames)

.debug_funcnames
 *(.debug_funcnames)

.debug_typenames
 *(.debug_typenames)

.debug_varnames
 *(.debug_varnames)
OUTPUT(nucleo-from-scratch.elf elf32-littlearm)

.debug_ranges   0x0000000000000000      0x480
 .debug_ranges  0x0000000000000000       0xb8 ./system/src/stm32f4xx/stm32f4xx_hal.o
 .debug_ranges  0x00000000000000b8       0xf8 ./system/src/stm32f4xx/stm32f4xx_hal_cortex.o
 .debug_ranges  0x00000000000001b0       0x48 ./system/src/stm32f4xx/stm32f4xx_hal_gpio.o
 .debug_ranges  0x00000000000001f8       0x78 ./system/src/stm32f4xx/stm32f4xx_hal_rcc.o
 .debug_ranges  0x0000000000000270       0x18 ./system/src/newlib/_exit.o
 .debug_ranges  0x0000000000000288       0x10 ./system/src/newlib/_sbrk.o
 .debug_ranges  0x0000000000000298       0x78 ./system/src/newlib/_startup.o
 .debug_ranges  0x0000000000000310       0x20 ./system/src/newlib/_syscalls.o
 .debug_ranges  0x0000000000000330       0x28 ./system/src/diag/Trace.o
 .debug_ranges  0x0000000000000358       0x18 ./system/src/diag/trace_impl.o
 .debug_ranges  0x0000000000000370       0x18 ./system/src/cortexm/_initialize_hardware.o
 .debug_ranges  0x0000000000000388       0x78 ./system/src/cortexm/exception_handlers.o
 .debug_ranges  0x0000000000000400       0x20 ./system/src/cmsis/startup_stm32f411xe.o
 .debug_ranges  0x0000000000000420       0x28 ./src/main.o
 .debug_ranges  0x0000000000000448       0x10 ./src/stm32f4xx_hal_msp.o
 .debug_ranges  0x0000000000000458       0x10 ./src/stm32f4xx_it.o
 .debug_ranges  0x0000000000000468       0x18 ./src/system_stm32f4xx.o

.debug_macro    0x0000000000000000    0x16758
 .debug_macro   0x0000000000000000      0x349 ./system/src/stm32f4xx/stm32f4xx_hal.o
 .debug_macro   0x0000000000000349      0xa54 ./system/src/stm32f4xx/stm32f4xx_hal.o
 .debug_macro   0x0000000000000d9d       0x64 ./system/src/stm32f4xx/stm32f4xx_hal.o
 .debug_macro   0x0000000000000e01      0x174 ./system/src/stm32f4xx/stm32f4xx_hal.o
 .debug_macro   0x0000000000000f75       0x32 ./system/src/stm32f4xx/stm32f4xx_hal.o
 .debug_macro   0x0000000000000fa7       0x28 ./system/src/stm32f4xx/stm32f4xx_hal.o
 .debug_macro   0x0000000000000fcf      0x34e ./system/src/stm32f4xx/stm32f4xx_hal.o
 .debug_macro   0x000000000000131d       0x35 ./system/src/stm32f4xx/stm32f4xx_hal.o
 .debug_macro   0x0000000000001352       0x50 ./system/src/stm32f4xx/stm32f4xx_hal.o
 .debug_macro   0x00000000000013a2      0xe66 ./system/src/stm32f4xx/stm32f4xx_hal.o
 .debug_macro   0x0000000000002208     0xb803 ./system/src/stm32f4xx/stm32f4xx_hal.o
 .debug_macro   0x000000000000da0b       0x43 ./system/src/stm32f4xx/stm32f4xx_hal.o
 .debug_macro   0x000000000000da4e     0x3535 ./system/src/stm32f4xx/stm32f4xx_hal.o
 .debug_macro   0x0000000000010f83       0x22 ./system/src/stm32f4xx/stm32f4xx_hal.o
 .debug_macro   0x0000000000010fa5       0x52 ./system/src/stm32f4xx/stm32f4xx_hal.o
 .debug_macro   0x0000000000010ff7       0x17 ./system/src/stm32f4xx/stm32f4xx_hal.o
 .debug_macro   0x000000000001100e       0x8d ./system/src/stm32f4xx/stm32f4xx_hal.o
 .debug_macro   0x000000000001109b       0x35 ./system/src/stm32f4xx/stm32f4xx_hal.o
 .debug_macro   0x00000000000110d0       0x9c ./system/src/stm32f4xx/stm32f4xx_hal.o
 .debug_macro   0x000000000001116c       0x16 ./system/src/stm32f4xx/stm32f4xx_hal.o
 .debug_macro   0x0000000000011182       0x57 ./system/src/stm32f4xx/stm32f4xx_hal.o
 .debug_macro   0x00000000000111d9       0x97 ./system/src/stm32f4xx/stm32f4xx_hal.o
 .debug_macro   0x0000000000011270      0x330 ./system/src/stm32f4xx/stm32f4xx_hal.o
 .debug_macro   0x00000000000115a0       0xfd ./system/src/stm32f4xx/stm32f4xx_hal.o
 .debug_macro   0x000000000001169d       0x10 ./system/src/stm32f4xx/stm32f4xx_hal.o
 .debug_macro   0x00000000000116ad       0x58 ./system/src/stm32f4xx/stm32f4xx_hal.o
 .debug_macro   0x0000000000011705       0x1f ./system/src/stm32f4xx/stm32f4xx_hal.o
 .debug_macro   0x0000000000011724       0x43 ./system/src/stm32f4xx/stm32f4xx_hal.o
 .debug_macro   0x0000000000011767       0x20 ./system/src/stm32f4xx/stm32f4xx_hal.o
 .debug_macro   0x0000000000011787      0x18e ./system/src/stm32f4xx/stm32f4xx_hal.o
 .debug_macro   0x0000000000011915       0x10 ./system/src/stm32f4xx/stm32f4xx_hal.o
 .debug_macro   0x0000000000011925       0x6a ./system/src/stm32f4xx/stm32f4xx_hal.o
 .debug_macro   0x000000000001198f       0x1c ./system/src/stm32f4xx/stm32f4xx_hal.o
 .debug_macro   0x00000000000119ab       0x52 ./system/src/stm32f4xx/stm32f4xx_hal.o
 .debug_macro   0x00000000000119fd       0x40 ./system/src/stm32f4xx/stm32f4xx_hal.o
 .debug_macro   0x0000000000011a3d       0x10 ./system/src/stm32f4xx/stm32f4xx_hal.o
 .debug_macro   0x0000000000011a4d       0x40 ./system/src/stm32f4xx/stm32f4xx_hal.o
 .debug_macro   0x0000000000011a8d       0xd7 ./system/src/stm32f4xx/stm32f4xx_hal.o
 .debug_macro   0x0000000000011b64       0x1c ./system/src/stm32f4xx/stm32f4xx_hal.o
 .debug_macro   0x0000000000011b80       0x3d ./system/src/stm32f4xx/stm32f4xx_hal.o
 .debug_macro   0x0000000000011bbd       0x16 ./system/src/stm32f4xx/stm32f4xx_hal.o
 .debug_macro   0x0000000000011bd3      0x16f ./system/src/stm32f4xx/stm32f4xx_hal.o
 .debug_macro   0x0000000000011d42       0x56 ./system/src/stm32f4xx/stm32f4xx_hal.o
 .debug_macro   0x0000000000011d98      0x447 ./system/src/stm32f4xx/stm32f4xx_hal.o
 .debug_macro   0x00000000000121df      0x9e6 ./system/src/stm32f4xx/stm32f4xx_hal.o
 .debug_macro   0x0000000000012bc5      0x11e ./system/src/stm32f4xx/stm32f4xx_hal.o
 .debug_macro   0x0000000000012ce3      0x11b ./system/src/stm32f4xx/stm32f4xx_hal.o
 .debug_macro   0x0000000000012dfe       0x27 ./system/src/stm32f4xx/stm32f4xx_hal.o
 .debug_macro   0x0000000000012e25      0x287 ./system/src/stm32f4xx/stm32f4xx_hal.o
 .debug_macro   0x00000000000130ac       0x5f ./system/src/stm32f4xx/stm32f4xx_hal.o
 .debug_macro   0x000000000001310b      0x23a ./system/src/stm32f4xx/stm32f4xx_hal.o
 .debug_macro   0x0000000000013345      0x13a ./system/src/stm32f4xx/stm32f4xx_hal.o
 .debug_macro   0x000000000001347f      0x264 ./system/src/stm32f4xx/stm32f4xx_hal.o
 .debug_macro   0x00000000000136e3       0x2e ./system/src/stm32f4xx/stm32f4xx_hal.o
 .debug_macro   0x0000000000013711      0x11e ./system/src/stm32f4xx/stm32f4xx_hal.o
 .debug_macro   0x000000000001382f       0x85 ./system/src/stm32f4xx/stm32f4xx_hal.o
 .debug_macro   0x00000000000138b4       0x89 ./system/src/stm32f4xx/stm32f4xx_hal.o
 .debug_macro   0x000000000001393d      0x11e ./system/src/stm32f4xx/stm32f4xx_hal.o
 .debug_macro   0x0000000000013a5b      0x2e9 ./system/src/stm32f4xx/stm32f4xx_hal_cortex.o
 .debug_macro   0x0000000000013d44      0x321 ./system/src/stm32f4xx/stm32f4xx_hal_gpio.o
 .debug_macro   0x0000000000014065      0x30d ./system/src/stm32f4xx/stm32f4xx_hal_rcc.o
 .debug_macro   0x0000000000014372      0x1b4 ./system/src/newlib/_exit.o
 .debug_macro   0x0000000000014526      0x10e ./system/src/newlib/_exit.o
 .debug_macro   0x0000000000014634       0x8d ./system/src/newlib/_exit.o
 .debug_macro   0x00000000000146c1       0x35 ./system/src/newlib/_exit.o
 .debug_macro   0x00000000000146f6      0x169 ./system/src/newlib/_sbrk.o
 .debug_macro   0x000000000001485f      0x174 ./system/src/newlib/_sbrk.o
 .debug_macro   0x00000000000149d3       0x10 ./system/src/newlib/_sbrk.o
 .debug_macro   0x00000000000149e3      0x23b ./system/src/newlib/_sbrk.o
 .debug_macro   0x0000000000014c1e      0x173 ./system/src/newlib/_startup.o
 .debug_macro   0x0000000000014d91      0x217 ./system/src/newlib/_syscalls.o
 .debug_macro   0x0000000000014fa8       0x1c ./system/src/newlib/_syscalls.o
 .debug_macro   0x0000000000014fc4       0x10 ./system/src/newlib/_syscalls.o
 .debug_macro   0x0000000000014fd4       0x10 ./system/src/newlib/_syscalls.o
 .debug_macro   0x0000000000014fe4       0x10 ./system/src/newlib/_syscalls.o
 .debug_macro   0x0000000000014ff4       0x35 ./system/src/newlib/_syscalls.o
 .debug_macro   0x0000000000015029      0x122 ./system/src/newlib/_syscalls.o
 .debug_macro   0x000000000001514b       0x88 ./system/src/newlib/_syscalls.o
 .debug_macro   0x00000000000151d3       0x2b ./system/src/newlib/_syscalls.o
 .debug_macro   0x00000000000151fe      0x118 ./system/src/newlib/_syscalls.o
 .debug_macro   0x0000000000015316      0x189 ./system/src/newlib/_syscalls.o
 .debug_macro   0x000000000001549f       0x16 ./system/src/newlib/_syscalls.o
 .debug_macro   0x00000000000154b5      0x1fb ./system/src/diag/Trace.o
 .debug_macro   0x00000000000156b0       0x4c ./system/src/diag/Trace.o
 .debug_macro   0x00000000000156fc       0x16 ./system/src/diag/Trace.o
 .debug_macro   0x0000000000015712      0x1f3 ./system/src/diag/trace_impl.o
 .debug_macro   0x0000000000015905       0x10 ./system/src/diag/trace_impl.o
 .debug_macro   0x0000000000015915       0xcf ./system/src/diag/trace_impl.o
 .debug_macro   0x00000000000159e4       0xbe ./system/src/diag/trace_impl.o
 .debug_macro   0x0000000000015aa2       0x95 ./system/src/cortexm/_initialize_hardware.o
 .debug_macro   0x0000000000015b37      0x24e ./system/src/cortexm/exception_handlers.o
 .debug_macro   0x0000000000015d85       0x3b ./system/src/cortexm/exception_handlers.o
 .debug_macro   0x0000000000015dc0       0x22 ./system/src/cortexm/exception_handlers.o
 .debug_macro   0x0000000000015de2       0x10 ./system/src/cortexm/exception_handlers.o
 .debug_macro   0x0000000000015df2      0x2ed ./src/main.o
 .debug_macro   0x00000000000160df      0x2e9 ./src/stm32f4xx_hal_msp.o
 .debug_macro   0x00000000000163c8      0x2f3 ./src/stm32f4xx_it.o
 .debug_macro   0x00000000000166bb       0x9d ./src/system_stm32f4xx.o
